Java HotSpot(TM) 64-Bit Server VM (25.40-b25) for linux-amd64 JRE (1.8.0_40-b25), built on Feb 10 2015 21:29:53 by "java_re" with gcc 4.3.0 20080428 (Red Hat 4.3.0-8)
Memory: 4k page, physical 132110032k(17174032k free), swap 0k(0k free)
CommandLine flags: -XX:InitialHeapSize=12884901888 -XX:+ManagementServer -XX:MaxGCPauseMillis=200 -XX:MaxHeapSize=12884901888 -XX:OnOutOfMemoryError=/opt/solr/bin/oom_solr.sh 8986 -XX:+PrintGC -XX:+PrintGCApplicationStoppedTime -XX:+PrintGCCause -XX:+PrintGCDateStamps -XX:+PrintGCDetails -XX:+PrintGCTimeStamps -XX:+PrintHeapAtGC -XX:+PrintTenuringDistribution -XX:ThreadStackSize=256 -XX:+UseCompressedClassPointers -XX:+UseCompressedOops -XX:+UseG1GC 
2015-03-07T19:10:54.994+0000: 0.634: Total time for which application threads were stopped: 0.0002605 seconds, Stopping threads took: 0.0000522 seconds
2015-03-07T19:10:54.995+0000: 0.635: Total time for which application threads were stopped: 0.0001207 seconds, Stopping threads took: 0.0000240 seconds
2015-03-07T19:10:55.042+0000: 0.682: Total time for which application threads were stopped: 0.0001493 seconds, Stopping threads took: 0.0000305 seconds
2015-03-07T19:10:55.049+0000: 0.689: Total time for which application threads were stopped: 0.0001029 seconds, Stopping threads took: 0.0000253 seconds
2015-03-07T19:10:55.059+0000: 0.699: Total time for which application threads were stopped: 0.0001249 seconds, Stopping threads took: 0.0000402 seconds
2015-03-07T19:10:55.145+0000: 0.784: Total time for which application threads were stopped: 0.0001316 seconds, Stopping threads took: 0.0000299 seconds
2015-03-07T19:10:55.268+0000: 0.907: Total time for which application threads were stopped: 0.0002176 seconds, Stopping threads took: 0.0000375 seconds
2015-03-07T19:10:55.270+0000: 0.910: Total time for which application threads were stopped: 0.0001152 seconds, Stopping threads took: 0.0000203 seconds
2015-03-07T19:10:55.296+0000: 0.936: Total time for which application threads were stopped: 0.0001886 seconds, Stopping threads took: 0.0000735 seconds
2015-03-07T19:10:55.338+0000: 0.977: Total time for which application threads were stopped: 0.0001842 seconds, Stopping threads took: 0.0000528 seconds
2015-03-07T19:10:55.637+0000: 1.277: Total time for which application threads were stopped: 0.0002889 seconds, Stopping threads took: 0.0000321 seconds
2015-03-07T19:10:55.835+0000: 1.474: Total time for which application threads were stopped: 0.0002113 seconds, Stopping threads took: 0.0000409 seconds
2015-03-07T19:10:56.835+0000: 2.475: Total time for which application threads were stopped: 0.0002398 seconds, Stopping threads took: 0.0001048 seconds
2015-03-07T19:10:56.886+0000: 2.526: Total time for which application threads were stopped: 0.0003976 seconds, Stopping threads took: 0.0001181 seconds
2015-03-07T19:10:56.887+0000: 2.527: Total time for which application threads were stopped: 0.0000895 seconds, Stopping threads took: 0.0000163 seconds
2015-03-07T19:10:56.956+0000: 2.596: Total time for which application threads were stopped: 0.0002926 seconds, Stopping threads took: 0.0000683 seconds
2015-03-07T19:10:56.973+0000: 2.613: Total time for which application threads were stopped: 0.0001852 seconds, Stopping threads took: 0.0000247 seconds
2015-03-07T19:10:57.974+0000: 3.613: Total time for which application threads were stopped: 0.0002819 seconds, Stopping threads took: 0.0000430 seconds
2015-03-07T19:10:58.974+0000: 4.614: Total time for which application threads were stopped: 0.0002002 seconds, Stopping threads took: 0.0000876 seconds
2015-03-07T19:10:59.095+0000: 4.735: Total time for which application threads were stopped: 0.0005392 seconds, Stopping threads took: 0.0000639 seconds
2015-03-07T19:11:00.095+0000: 5.735: Total time for which application threads were stopped: 0.0001629 seconds, Stopping threads took: 0.0000538 seconds
2015-03-07T19:11:00.292+0000: 5.932: Total time for which application threads were stopped: 0.0009584 seconds, Stopping threads took: 0.0004166 seconds
2015-03-07T19:11:00.294+0000: 5.934: Total time for which application threads were stopped: 0.0012847 seconds, Stopping threads took: 0.0011121 seconds
2015-03-07T19:11:00.295+0000: 5.935: Total time for which application threads were stopped: 0.0003704 seconds, Stopping threads took: 0.0001932 seconds
2015-03-07T19:11:00.296+0000: 5.936: Total time for which application threads were stopped: 0.0006519 seconds, Stopping threads took: 0.0004992 seconds
2015-03-07T19:11:00.297+0000: 5.937: Total time for which application threads were stopped: 0.0007281 seconds, Stopping threads took: 0.0005285 seconds
2015-03-07T19:11:00.299+0000: 5.939: Total time for which application threads were stopped: 0.0005079 seconds, Stopping threads took: 0.0002785 seconds
2015-03-07T19:11:00.302+0000: 5.941: Total time for which application threads were stopped: 0.0012531 seconds, Stopping threads took: 0.0009312 seconds
2015-03-07T19:11:00.304+0000: 5.944: Total time for which application threads were stopped: 0.0011597 seconds, Stopping threads took: 0.0009816 seconds
2015-03-07T19:11:00.304+0000: 5.944: Total time for which application threads were stopped: 0.0003288 seconds, Stopping threads took: 0.0001599 seconds
2015-03-07T19:11:00.309+0000: 5.949: Total time for which application threads were stopped: 0.0009728 seconds, Stopping threads took: 0.0002973 seconds
2015-03-07T19:11:00.311+0000: 5.950: Total time for which application threads were stopped: 0.0004597 seconds, Stopping threads took: 0.0002517 seconds
2015-03-07T19:11:00.315+0000: 5.955: Total time for which application threads were stopped: 0.0017604 seconds, Stopping threads took: 0.0003906 seconds
2015-03-07T19:11:00.402+0000: 6.042: Total time for which application threads were stopped: 0.0013548 seconds, Stopping threads took: 0.0001136 seconds
2015-03-07T19:11:00.417+0000: 6.056: Total time for which application threads were stopped: 0.0005873 seconds, Stopping threads took: 0.0002138 seconds
2015-03-07T19:11:00.419+0000: 6.059: Total time for which application threads were stopped: 0.0005026 seconds, Stopping threads took: 0.0002104 seconds
2015-03-07T19:11:00.420+0000: 6.060: Total time for which application threads were stopped: 0.0005349 seconds, Stopping threads took: 0.0002135 seconds
2015-03-07T19:11:00.426+0000: 6.066: Total time for which application threads were stopped: 0.0005451 seconds, Stopping threads took: 0.0002326 seconds
2015-03-07T19:11:00.428+0000: 6.068: Total time for which application threads were stopped: 0.0004458 seconds, Stopping threads took: 0.0001975 seconds
2015-03-07T19:11:00.438+0000: 6.078: Total time for which application threads were stopped: 0.0005220 seconds, Stopping threads took: 0.0002300 seconds
{Heap before GC invocations=0 (full 0):
 garbage-first heap   total 12582912K, used 229376K [0x00000004c0000000, 0x00000004c0406000, 0x00000007c0000000)
  region size 4096K, 57 young (233472K), 0 survivors (0K)
 Metaspace       used 20640K, capacity 21036K, committed 21248K, reserved 1069056K
  class space    used 2414K, capacity 2541K, committed 2560K, reserved 1048576K
2015-03-07T19:11:00.448+0000: 6.088: [GC pause (Metadata GC Threshold) (young) (initial-mark)
Desired survivor size 41943040 bytes, new threshold 15 (max 15)
, 0.0321470 secs]
   [Parallel Time: 18.1 ms, GC Workers: 28]
      [GC Worker Start (ms): Min: 6089.2, Avg: 6089.4, Max: 6089.7, Diff: 0.5]
      [Ext Root Scanning (ms): Min: 3.5, Avg: 4.4, Max: 6.8, Diff: 3.3, Sum: 122.0]
      [Update RS (ms): Min: 0.0, Avg: 0.0, Max: 0.0, Diff: 0.0, Sum: 0.1]
         [Processed Buffers: Min: 0, Avg: 0.0, Max: 0, Diff: 0, Sum: 0]
      [Scan RS (ms): Min: 0.0, Avg: 0.0, Max: 0.0, Diff: 0.0, Sum: 0.4]
      [Code Root Scanning (ms): Min: 0.0, Avg: 1.0, Max: 5.8, Diff: 5.8, Sum: 29.2]
      [Object Copy (ms): Min: 7.8, Avg: 11.8, Max: 13.6, Diff: 5.8, Sum: 330.8]
      [Termination (ms): Min: 0.0, Avg: 0.1, Max: 0.1, Diff: 0.1, Sum: 1.8]
      [GC Worker Other (ms): Min: 0.0, Avg: 0.1, Max: 0.3, Diff: 0.3, Sum: 2.8]
      [GC Worker Total (ms): Min: 17.1, Avg: 17.4, Max: 17.6, Diff: 0.5, Sum: 487.1]
      [GC Worker End (ms): Min: 6106.7, Avg: 6106.8, Max: 6107.0, Diff: 0.3]
   [Code Root Fixup: 1.0 ms]
   [Code Root Purge: 0.1 ms]
   [Clear CT: 0.8 ms]
   [Other: 12.1 ms]
      [Choose CSet: 0.0 ms]
      [Ref Proc: 8.7 ms]
      [Ref Enq: 0.1 ms]
      [Redirty Cards: 1.2 ms]
      [Humongous Reclaim: 0.0 ms]
      [Free CSet: 0.4 ms]
   [Eden: 228.0M(612.0M)->0.0B(592.0M) Survivors: 0.0B->20.0M Heap: 226.1M(12.0G)->17.7M(12.0G)]
Heap after GC invocations=1 (full 0):
 garbage-first heap   total 12582912K, used 18171K [0x00000004c0000000, 0x00000004c0406000, 0x00000007c0000000)
  region size 4096K, 5 young (20480K), 5 survivors (20480K)
 Metaspace       used 20640K, capacity 21036K, committed 21248K, reserved 1069056K
  class space    used 2414K, capacity 2541K, committed 2560K, reserved 1048576K
}
 [Times: user=0.32 sys=0.12, real=0.03 secs] 
2015-03-07T19:11:00.481+0000: 6.121: [GC concurrent-root-region-scan-start]
2015-03-07T19:11:00.481+0000: 6.121: Total time for which application threads were stopped: 0.0331819 seconds, Stopping threads took: 0.0002617 seconds
2015-03-07T19:11:00.483+0000: 6.123: Total time for which application threads were stopped: 0.0006515 seconds, Stopping threads took: 0.0002603 seconds
2015-03-07T19:11:00.484+0000: 6.124: Total time for which application threads were stopped: 0.0004685 seconds, Stopping threads took: 0.0001959 seconds
2015-03-07T19:11:00.485+0000: 6.124: Total time for which application threads were stopped: 0.0003539 seconds, Stopping threads took: 0.0001059 seconds
2015-03-07T19:11:00.485+0000: 6.125: Total time for which application threads were stopped: 0.0003301 seconds, Stopping threads took: 0.0000890 seconds
2015-03-07T19:11:00.485+0000: 6.125: Total time for which application threads were stopped: 0.0003264 seconds, Stopping threads took: 0.0000828 seconds
2015-03-07T19:11:00.486+0000: 6.126: Total time for which application threads were stopped: 0.0006792 seconds, Stopping threads took: 0.0002445 seconds
2015-03-07T19:11:00.489+0000: 6.129: Total time for which application threads were stopped: 0.0007472 seconds, Stopping threads took: 0.0002981 seconds
2015-03-07T19:11:00.490+0000: 6.130: Total time for which application threads were stopped: 0.0007581 seconds, Stopping threads took: 0.0003638 seconds
2015-03-07T19:11:00.492+0000: 6.132: [GC concurrent-root-region-scan-end, 0.0108951 secs]
2015-03-07T19:11:00.492+0000: 6.132: [GC concurrent-mark-start]
2015-03-07T19:11:00.493+0000: 6.133: [GC concurrent-mark-end, 0.0015604 secs]
2015-03-07T19:11:00.494+0000: 6.134: [GC remark 6.134: [Finalize Marking, 0.0024491 secs] 6.136: [GC ref-proc, 0.0007463 secs] 6.137: [Unloading, 0.0062600 secs], 0.0114339 secs]
 [Times: user=0.18 sys=0.02, real=0.01 secs] 
2015-03-07T19:11:00.506+0000: 6.145: Total time for which application threads were stopped: 0.0120777 seconds, Stopping threads took: 0.0002114 seconds
2015-03-07T19:11:00.506+0000: 6.146: [GC cleanup 37M->37M(12G), 0.0049282 secs]
 [Times: user=0.07 sys=0.00, real=0.00 secs] 
2015-03-07T19:11:00.511+0000: 6.151: Total time for which application threads were stopped: 0.0053334 seconds, Stopping threads took: 0.0001193 seconds
2015-03-07T19:11:00.511+0000: 6.151: [GC concurrent-cleanup-start]
2015-03-07T19:11:00.511+0000: 6.151: [GC concurrent-cleanup-end, 0.0000284 secs]
2015-03-07T19:11:00.524+0000: 6.164: Total time for which application threads were stopped: 0.0007733 seconds, Stopping threads took: 0.0003553 seconds
2015-03-07T19:11:00.524+0000: 6.164: Total time for which application threads were stopped: 0.0004271 seconds, Stopping threads took: 0.0001381 seconds
2015-03-07T19:11:00.525+0000: 6.165: Total time for which application threads were stopped: 0.0004427 seconds, Stopping threads took: 0.0001764 seconds
2015-03-07T19:11:00.525+0000: 6.165: Total time for which application threads were stopped: 0.0003521 seconds, Stopping threads took: 0.0000872 seconds
2015-03-07T19:11:00.527+0000: 6.167: Total time for which application threads were stopped: 0.0005621 seconds, Stopping threads took: 0.0002927 seconds
2015-03-07T19:11:00.528+0000: 6.167: Total time for which application threads were stopped: 0.0004188 seconds, Stopping threads took: 0.0001513 seconds
2015-03-07T19:11:00.528+0000: 6.168: Total time for which application threads were stopped: 0.0007689 seconds, Stopping threads took: 0.0005121 seconds
2015-03-07T19:11:00.529+0000: 6.169: Total time for which application threads were stopped: 0.0003424 seconds, Stopping threads took: 0.0000975 seconds
2015-03-07T19:11:00.529+0000: 6.169: Total time for which application threads were stopped: 0.0003878 seconds, Stopping threads took: 0.0001481 seconds
2015-03-07T19:11:00.530+0000: 6.169: Total time for which application threads were stopped: 0.0003554 seconds, Stopping threads took: 0.0001034 seconds
2015-03-07T19:11:00.530+0000: 6.170: Total time for which application threads were stopped: 0.0003923 seconds, Stopping threads took: 0.0001401 seconds
2015-03-07T19:11:00.532+0000: 6.172: Total time for which application threads were stopped: 0.0014080 seconds, Stopping threads took: 0.0002715 seconds
2015-03-07T19:11:00.587+0000: 6.227: Total time for which application threads were stopped: 0.0010857 seconds, Stopping threads took: 0.0003459 seconds
2015-03-07T19:11:00.884+0000: 6.524: Total time for which application threads were stopped: 0.0028939 seconds, Stopping threads took: 0.0021437 seconds
2015-03-07T19:11:00.983+0000: 6.622: Total time for which application threads were stopped: 0.0007012 seconds, Stopping threads took: 0.0003006 seconds
2015-03-07T19:11:00.995+0000: 6.635: Total time for which application threads were stopped: 0.0011200 seconds, Stopping threads took: 0.0002532 seconds
2015-03-07T19:11:01.097+0000: 6.737: Total time for which application threads were stopped: 0.0008808 seconds, Stopping threads took: 0.0004385 seconds
2015-03-07T19:11:01.123+0000: 6.763: Total time for which application threads were stopped: 0.0010343 seconds, Stopping threads took: 0.0004702 seconds
2015-03-07T19:11:01.186+0000: 6.826: Total time for which application threads were stopped: 0.0018356 seconds, Stopping threads took: 0.0004092 seconds
2015-03-07T19:11:01.210+0000: 6.850: Total time for which application threads were stopped: 0.0018929 seconds, Stopping threads took: 0.0013263 seconds
2015-03-07T19:11:01.213+0000: 6.852: Total time for which application threads were stopped: 0.0010506 seconds, Stopping threads took: 0.0006181 seconds
2015-03-07T19:11:01.224+0000: 6.863: Total time for which application threads were stopped: 0.0019098 seconds, Stopping threads took: 0.0014299 seconds
2015-03-07T19:11:01.225+0000: 6.865: Total time for which application threads were stopped: 0.0014824 seconds, Stopping threads took: 0.0010813 seconds
2015-03-07T19:11:01.234+0000: 6.873: Total time for which application threads were stopped: 0.0013043 seconds, Stopping threads took: 0.0008668 seconds
2015-03-07T19:11:01.252+0000: 6.891: Total time for which application threads were stopped: 0.0006928 seconds, Stopping threads took: 0.0003701 seconds
2015-03-07T19:11:01.272+0000: 6.912: Total time for which application threads were stopped: 0.0013409 seconds, Stopping threads took: 0.0010120 seconds
2015-03-07T19:11:01.280+0000: 6.920: Total time for which application threads were stopped: 0.0008229 seconds, Stopping threads took: 0.0005500 seconds
2015-03-07T19:11:01.283+0000: 6.923: Total time for which application threads were stopped: 0.0006553 seconds, Stopping threads took: 0.0003789 seconds
{Heap before GC invocations=2 (full 0):
 garbage-first heap   total 12582912K, used 624347K [0x00000004c0000000, 0x00000004c0406000, 0x00000007c0000000)
  region size 4096K, 153 young (626688K), 5 survivors (20480K)
 Metaspace       used 21915K, capacity 22454K, committed 22656K, reserved 1069056K
  class space    used 2489K, capacity 2628K, committed 2688K, reserved 1048576K
2015-03-07T19:11:01.509+0000: 7.149: [GC pause (G1 Evacuation Pause) (young)
Desired survivor size 41943040 bytes, new threshold 15 (max 15)
- age   1:   10209248 bytes,   10209248 total
, 0.0318557 secs]
   [Parallel Time: 21.4 ms, GC Workers: 28]
      [GC Worker Start (ms): Min: 7148.9, Avg: 7149.0, Max: 7149.2, Diff: 0.3]
      [Ext Root Scanning (ms): Min: 2.5, Avg: 3.6, Max: 6.1, Diff: 3.6, Sum: 100.6]
      [Update RS (ms): Min: 0.0, Avg: 0.0, Max: 0.0, Diff: 0.0, Sum: 0.0]
         [Processed Buffers: Min: 0, Avg: 0.0, Max: 0, Diff: 0, Sum: 0]
      [Scan RS (ms): Min: 0.0, Avg: 0.0, Max: 0.1, Diff: 0.1, Sum: 0.6]
      [Code Root Scanning (ms): Min: 0.0, Avg: 0.3, Max: 4.5, Diff: 4.5, Sum: 7.5]
      [Object Copy (ms): Min: 11.9, Avg: 16.1, Max: 18.0, Diff: 6.1, Sum: 450.7]
      [Termination (ms): Min: 0.0, Avg: 0.9, Max: 1.2, Diff: 1.2, Sum: 24.9]
      [GC Worker Other (ms): Min: 0.0, Avg: 0.0, Max: 0.1, Diff: 0.0, Sum: 0.6]
      [GC Worker Total (ms): Min: 20.7, Avg: 20.9, Max: 21.1, Diff: 0.4, Sum: 584.8]
      [GC Worker End (ms): Min: 7169.9, Avg: 7169.9, Max: 7170.0, Diff: 0.1]
   [Code Root Fixup: 1.2 ms]
   [Code Root Purge: 0.1 ms]
   [Clear CT: 0.6 ms]
   [Other: 8.6 ms]
      [Choose CSet: 0.0 ms]
      [Ref Proc: 7.0 ms]
      [Ref Enq: 0.1 ms]
      [Redirty Cards: 0.4 ms]
      [Humongous Reclaim: 0.0 ms]
      [Free CSet: 0.4 ms]
   [Eden: 592.0M(592.0M)->0.0B(544.0M) Survivors: 20.0M->68.0M Heap: 609.7M(12.0G)->65.0M(12.0G)]
Heap after GC invocations=3 (full 0):
 garbage-first heap   total 12582912K, used 66601K [0x00000004c0000000, 0x00000004c0406000, 0x00000007c0000000)
  region size 4096K, 17 young (69632K), 17 survivors (69632K)
 Metaspace       used 21915K, capacity 22454K, committed 22656K, reserved 1069056K
  class space    used 2489K, capacity 2628K, committed 2688K, reserved 1048576K
}
 [Times: user=0.48 sys=0.07, real=0.03 secs] 
2015-03-07T19:11:01.541+0000: 7.181: Total time for which application threads were stopped: 0.0352641 seconds, Stopping threads took: 0.0027775 seconds
2015-03-07T19:11:01.542+0000: 7.182: Total time for which application threads were stopped: 0.0008359 seconds, Stopping threads took: 0.0004596 seconds
2015-03-07T19:11:01.543+0000: 7.183: Total time for which application threads were stopped: 0.0005730 seconds, Stopping threads took: 0.0002775 seconds
2015-03-07T19:11:01.555+0000: 7.195: Total time for which application threads were stopped: 0.0019984 seconds, Stopping threads took: 0.0016353 seconds
2015-03-07T19:11:01.562+0000: 7.202: Total time for which application threads were stopped: 0.0036339 seconds, Stopping threads took: 0.0033405 seconds
2015-03-07T19:11:01.564+0000: 7.204: Total time for which application threads were stopped: 0.0017511 seconds, Stopping threads took: 0.0003347 seconds
2015-03-07T19:11:01.565+0000: 7.205: Total time for which application threads were stopped: 0.0004572 seconds, Stopping threads took: 0.0002449 seconds
2015-03-07T19:11:01.565+0000: 7.205: Total time for which application threads were stopped: 0.0004563 seconds, Stopping threads took: 0.0002303 seconds
2015-03-07T19:11:01.566+0000: 7.206: Total time for which application threads were stopped: 0.0006298 seconds, Stopping threads took: 0.0003704 seconds
2015-03-07T19:11:01.567+0000: 7.207: Total time for which application threads were stopped: 0.0004507 seconds, Stopping threads took: 0.0001909 seconds
2015-03-07T19:11:01.567+0000: 7.207: Total time for which application threads were stopped: 0.0003430 seconds, Stopping threads took: 0.0001006 seconds
2015-03-07T19:11:01.568+0000: 7.208: Total time for which application threads were stopped: 0.0004172 seconds, Stopping threads took: 0.0001658 seconds
2015-03-07T19:11:01.568+0000: 7.208: Total time for which application threads were stopped: 0.0003049 seconds, Stopping threads took: 0.0000835 seconds
2015-03-07T19:11:01.569+0000: 7.208: Total time for which application threads were stopped: 0.0004568 seconds, Stopping threads took: 0.0002006 seconds
2015-03-07T19:11:01.569+0000: 7.209: Total time for which application threads were stopped: 0.0005065 seconds, Stopping threads took: 0.0002395 seconds
2015-03-07T19:11:01.570+0000: 7.210: Total time for which application threads were stopped: 0.0004046 seconds, Stopping threads took: 0.0001515 seconds
2015-03-07T19:11:01.571+0000: 7.211: Total time for which application threads were stopped: 0.0007142 seconds, Stopping threads took: 0.0004100 seconds
2015-03-07T19:11:01.573+0000: 7.213: Total time for which application threads were stopped: 0.0004367 seconds, Stopping threads took: 0.0001747 seconds
2015-03-07T19:11:01.573+0000: 7.213: Total time for which application threads were stopped: 0.0003663 seconds, Stopping threads took: 0.0000574 seconds
2015-03-07T19:11:01.574+0000: 7.214: Total time for which application threads were stopped: 0.0003800 seconds, Stopping threads took: 0.0001221 seconds
2015-03-07T19:11:01.574+0000: 7.214: Total time for which application threads were stopped: 0.0004488 seconds, Stopping threads took: 0.0001596 seconds
2015-03-07T19:11:01.576+0000: 7.216: Total time for which application threads were stopped: 0.0015642 seconds, Stopping threads took: 0.0001092 seconds
2015-03-07T19:11:01.587+0000: 7.227: Total time for which application threads were stopped: 0.0011453 seconds, Stopping threads took: 0.0007922 seconds
2015-03-07T19:11:01.593+0000: 7.233: Total time for which application threads were stopped: 0.0008420 seconds, Stopping threads took: 0.0005001 seconds
2015-03-07T19:11:01.613+0000: 7.253: Total time for which application threads were stopped: 0.0007604 seconds, Stopping threads took: 0.0003612 seconds
{Heap before GC invocations=3 (full 0):
 garbage-first heap   total 12582912K, used 623657K [0x00000004c0000000, 0x00000004c0406000, 0x00000007c0000000)
  region size 4096K, 153 young (626688K), 17 survivors (69632K)
 Metaspace       used 22089K, capacity 22626K, committed 22912K, reserved 1069056K
  class space    used 2509K, capacity 2662K, committed 2688K, reserved 1048576K
2015-03-07T19:11:01.639+0000: 7.279: [GC pause (G1 Evacuation Pause) (young)
Desired survivor size 41943040 bytes, new threshold 2 (max 15)
- age   1:   38280032 bytes,   38280032 total
- age   2:    6030784 bytes,   44310816 total
, 0.0243109 secs]
   [Parallel Time: 19.3 ms, GC Workers: 28]
      [GC Worker Start (ms): Min: 7279.1, Avg: 7279.3, Max: 7279.4, Diff: 0.3]
      [Ext Root Scanning (ms): Min: 0.8, Avg: 1.4, Max: 4.0, Diff: 3.2, Sum: 39.3]
      [Update RS (ms): Min: 0.0, Avg: 0.0, Max: 0.0, Diff: 0.0, Sum: 0.0]
         [Processed Buffers: Min: 0, Avg: 0.0, Max: 0, Diff: 0, Sum: 0]
      [Scan RS (ms): Min: 0.0, Avg: 0.0, Max: 0.1, Diff: 0.1, Sum: 0.6]
      [Code Root Scanning (ms): Min: 0.0, Avg: 0.7, Max: 8.7, Diff: 8.7, Sum: 20.5]
      [Object Copy (ms): Min: 8.7, Avg: 16.5, Max: 17.6, Diff: 8.9, Sum: 461.0]
      [Termination (ms): Min: 0.1, Avg: 0.2, Max: 0.3, Diff: 0.3, Sum: 6.8]
      [GC Worker Other (ms): Min: 0.0, Avg: 0.0, Max: 0.1, Diff: 0.1, Sum: 1.1]
      [GC Worker Total (ms): Min: 18.8, Avg: 18.9, Max: 19.1, Diff: 0.3, Sum: 529.4]
      [GC Worker End (ms): Min: 7298.1, Avg: 7298.2, Max: 7298.2, Diff: 0.1]
   [Code Root Fixup: 1.2 ms]
   [Code Root Purge: 0.0 ms]
   [Clear CT: 0.4 ms]
   [Other: 3.4 ms]
      [Choose CSet: 0.0 ms]
      [Ref Proc: 1.8 ms]
      [Ref Enq: 0.0 ms]
      [Redirty Cards: 0.5 ms]
      [Humongous Reclaim: 0.0 ms]
      [Free CSet: 0.4 ms]
   [Eden: 544.0M(544.0M)->0.0B(532.0M) Survivors: 68.0M->80.0M Heap: 609.0M(12.0G)->97.4M(12.0G)]
Heap after GC invocations=4 (full 0):
 garbage-first heap   total 12582912K, used 99780K [0x00000004c0000000, 0x00000004c0406000, 0x00000007c0000000)
  region size 4096K, 20 young (81920K), 20 survivors (81920K)
 Metaspace       used 22089K, capacity 22626K, committed 22912K, reserved 1069056K
  class space    used 2509K, capacity 2662K, committed 2688K, reserved 1048576K
}
 [Times: user=0.51 sys=0.05, real=0.03 secs] 
2015-03-07T19:11:01.664+0000: 7.303: Total time for which application threads were stopped: 0.0253541 seconds, Stopping threads took: 0.0003767 seconds
2015-03-07T19:11:01.665+0000: 7.305: Total time for which application threads were stopped: 0.0007630 seconds, Stopping threads took: 0.0003222 seconds
2015-03-07T19:11:01.665+0000: 7.305: Total time for which application threads were stopped: 0.0004917 seconds, Stopping threads took: 0.0001967 seconds
2015-03-07T19:11:01.677+0000: 7.317: Total time for which application threads were stopped: 0.0007207 seconds, Stopping threads took: 0.0003736 seconds
2015-03-07T19:11:01.677+0000: 7.317: Total time for which application threads were stopped: 0.0002947 seconds, Stopping threads took: 0.0000928 seconds
2015-03-07T19:11:01.678+0000: 7.318: Total time for which application threads were stopped: 0.0002852 seconds, Stopping threads took: 0.0000755 seconds
2015-03-07T19:11:01.678+0000: 7.318: Total time for which application threads were stopped: 0.0003165 seconds, Stopping threads took: 0.0000812 seconds
2015-03-07T19:11:01.678+0000: 7.318: Total time for which application threads were stopped: 0.0003031 seconds, Stopping threads took: 0.0000818 seconds
2015-03-07T19:11:01.679+0000: 7.319: Total time for which application threads were stopped: 0.0003302 seconds, Stopping threads took: 0.0001121 seconds
2015-03-07T19:11:01.679+0000: 7.319: Total time for which application threads were stopped: 0.0003119 seconds, Stopping threads took: 0.0000878 seconds
2015-03-07T19:11:01.679+0000: 7.319: Total time for which application threads were stopped: 0.0002390 seconds, Stopping threads took: 0.0000270 seconds
2015-03-07T19:11:01.680+0000: 7.320: Total time for which application threads were stopped: 0.0003656 seconds, Stopping threads took: 0.0001022 seconds
2015-03-07T19:11:01.680+0000: 7.320: Total time for which application threads were stopped: 0.0002741 seconds, Stopping threads took: 0.0000703 seconds
2015-03-07T19:11:01.680+0000: 7.320: Total time for which application threads were stopped: 0.0003057 seconds, Stopping threads took: 0.0001068 seconds
2015-03-07T19:11:01.681+0000: 7.321: Total time for which application threads were stopped: 0.0002875 seconds, Stopping threads took: 0.0000780 seconds
2015-03-07T19:11:01.681+0000: 7.321: Total time for which application threads were stopped: 0.0002712 seconds, Stopping threads took: 0.0000689 seconds
2015-03-07T19:11:01.682+0000: 7.322: Total time for which application threads were stopped: 0.0012609 seconds, Stopping threads took: 0.0000568 seconds
2015-03-07T19:11:01.683+0000: 7.323: Total time for which application threads were stopped: 0.0003788 seconds, Stopping threads took: 0.0001874 seconds
2015-03-07T19:11:01.747+0000: 7.387: Total time for which application threads were stopped: 0.0010836 seconds, Stopping threads took: 0.0006147 seconds
2015-03-07T19:11:01.777+0000: 7.417: Total time for which application threads were stopped: 0.0010222 seconds, Stopping threads took: 0.0006290 seconds
2015-03-07T19:11:01.779+0000: 7.418: Total time for which application threads were stopped: 0.0007313 seconds, Stopping threads took: 0.0004500 seconds
2015-03-07T19:11:01.788+0000: 7.428: Total time for which application threads were stopped: 0.0008061 seconds, Stopping threads took: 0.0004655 seconds
2015-03-07T19:11:01.801+0000: 7.441: Total time for which application threads were stopped: 0.0008211 seconds, Stopping threads took: 0.0004365 seconds
2015-03-07T19:11:01.804+0000: 7.444: Total time for which application threads were stopped: 0.0006676 seconds, Stopping threads took: 0.0003824 seconds
2015-03-07T19:11:01.806+0000: 7.445: Total time for which application threads were stopped: 0.0006290 seconds, Stopping threads took: 0.0003575 seconds
2015-03-07T19:11:01.808+0000: 7.448: Total time for which application threads were stopped: 0.0007409 seconds, Stopping threads took: 0.0004642 seconds
2015-03-07T19:11:01.808+0000: 7.448: Total time for which application threads were stopped: 0.0003176 seconds, Stopping threads took: 0.0001056 seconds
2015-03-07T19:11:01.809+0000: 7.449: Total time for which application threads were stopped: 0.0006089 seconds, Stopping threads took: 0.0003600 seconds
2015-03-07T19:11:01.811+0000: 7.451: Total time for which application threads were stopped: 0.0006197 seconds, Stopping threads took: 0.0003606 seconds
2015-03-07T19:11:01.819+0000: 7.459: Total time for which application threads were stopped: 0.0007439 seconds, Stopping threads took: 0.0004126 seconds
2015-03-07T19:11:01.820+0000: 7.460: Total time for which application threads were stopped: 0.0005948 seconds, Stopping threads took: 0.0003551 seconds
2015-03-07T19:11:01.823+0000: 7.463: Total time for which application threads were stopped: 0.0006148 seconds, Stopping threads took: 0.0003487 seconds
2015-03-07T19:11:01.824+0000: 7.463: Total time for which application threads were stopped: 0.0003153 seconds, Stopping threads took: 0.0001000 seconds
2015-03-07T19:11:01.824+0000: 7.464: Total time for which application threads were stopped: 0.0002991 seconds, Stopping threads took: 0.0000985 seconds
2015-03-07T19:11:01.825+0000: 7.465: Total time for which application threads were stopped: 0.0005945 seconds, Stopping threads took: 0.0003118 seconds
2015-03-07T19:11:01.826+0000: 7.466: Total time for which application threads were stopped: 0.0004011 seconds, Stopping threads took: 0.0001789 seconds
2015-03-07T19:11:01.826+0000: 7.466: Total time for which application threads were stopped: 0.0005316 seconds, Stopping threads took: 0.0002923 seconds
2015-03-07T19:11:01.833+0000: 7.473: Total time for which application threads were stopped: 0.0006308 seconds, Stopping threads took: 0.0002954 seconds
2015-03-07T19:11:01.833+0000: 7.473: Total time for which application threads were stopped: 0.0003575 seconds, Stopping threads took: 0.0001280 seconds
2015-03-07T19:11:01.834+0000: 7.473: Total time for which application threads were stopped: 0.0003729 seconds, Stopping threads took: 0.0001501 seconds
2015-03-07T19:11:01.834+0000: 7.474: Total time for which application threads were stopped: 0.0003578 seconds, Stopping threads took: 0.0001163 seconds
2015-03-07T19:11:01.836+0000: 7.475: Total time for which application threads were stopped: 0.0014746 seconds, Stopping threads took: 0.0001424 seconds
2015-03-07T19:11:01.838+0000: 7.478: Total time for which application threads were stopped: 0.0008187 seconds, Stopping threads took: 0.0004114 seconds
2015-03-07T19:11:01.839+0000: 7.479: Total time for which application threads were stopped: 0.0004096 seconds, Stopping threads took: 0.0001023 seconds
2015-03-07T19:11:01.840+0000: 7.480: Total time for which application threads were stopped: 0.0005690 seconds, Stopping threads took: 0.0003171 seconds
2015-03-07T19:11:01.841+0000: 7.481: Total time for which application threads were stopped: 0.0004557 seconds, Stopping threads took: 0.0002059 seconds
2015-03-07T19:11:01.842+0000: 7.482: Total time for which application threads were stopped: 0.0006161 seconds, Stopping threads took: 0.0003463 seconds
2015-03-07T19:11:01.845+0000: 7.485: Total time for which application threads were stopped: 0.0005961 seconds, Stopping threads took: 0.0003028 seconds
2015-03-07T19:11:01.848+0000: 7.488: Total time for which application threads were stopped: 0.0006708 seconds, Stopping threads took: 0.0003295 seconds
2015-03-07T19:11:01.850+0000: 7.489: Total time for which application threads were stopped: 0.0006092 seconds, Stopping threads took: 0.0003259 seconds
2015-03-07T19:11:01.851+0000: 7.491: Total time for which application threads were stopped: 0.0006112 seconds, Stopping threads took: 0.0003283 seconds
2015-03-07T19:11:01.852+0000: 7.492: Total time for which application threads were stopped: 0.0005709 seconds, Stopping threads took: 0.0003007 seconds
2015-03-07T19:11:01.853+0000: 7.493: Total time for which application threads were stopped: 0.0005214 seconds, Stopping threads took: 0.0002638 seconds
2015-03-07T19:11:01.854+0000: 7.494: Total time for which application threads were stopped: 0.0005539 seconds, Stopping threads took: 0.0003001 seconds
2015-03-07T19:11:01.855+0000: 7.495: Total time for which application threads were stopped: 0.0005733 seconds, Stopping threads took: 0.0003128 seconds
2015-03-07T19:11:01.855+0000: 7.495: Total time for which application threads were stopped: 0.0003702 seconds, Stopping threads took: 0.0001340 seconds
2015-03-07T19:11:01.856+0000: 7.496: Total time for which application threads were stopped: 0.0005389 seconds, Stopping threads took: 0.0003069 seconds
2015-03-07T19:11:01.857+0000: 7.497: Total time for which application threads were stopped: 0.0004893 seconds, Stopping threads took: 0.0002522 seconds
2015-03-07T19:11:01.858+0000: 7.497: Total time for which application threads were stopped: 0.0006813 seconds, Stopping threads took: 0.0002808 seconds
2015-03-07T19:11:01.859+0000: 7.499: Total time for which application threads were stopped: 0.0007336 seconds, Stopping threads took: 0.0003383 seconds
2015-03-07T19:11:01.861+0000: 7.501: Total time for which application threads were stopped: 0.0007695 seconds, Stopping threads took: 0.0003278 seconds
2015-03-07T19:11:01.862+0000: 7.502: Total time for which application threads were stopped: 0.0005253 seconds, Stopping threads took: 0.0001407 seconds
2015-03-07T19:11:01.864+0000: 7.504: Total time for which application threads were stopped: 0.0007950 seconds, Stopping threads took: 0.0003015 seconds
2015-03-07T19:11:01.865+0000: 7.505: Total time for which application threads were stopped: 0.0005507 seconds, Stopping threads took: 0.0001743 seconds
2015-03-07T19:11:01.866+0000: 7.506: Total time for which application threads were stopped: 0.0007857 seconds, Stopping threads took: 0.0003267 seconds
2015-03-07T19:11:01.868+0000: 7.508: Total time for which application threads were stopped: 0.0007331 seconds, Stopping threads took: 0.0003465 seconds
2015-03-07T19:11:01.879+0000: 7.519: Total time for which application threads were stopped: 0.0026884 seconds, Stopping threads took: 0.0004613 seconds
2015-03-07T19:11:01.881+0000: 7.521: Total time for which application threads were stopped: 0.0006201 seconds, Stopping threads took: 0.0003209 seconds
2015-03-07T19:11:01.889+0000: 7.528: Total time for which application threads were stopped: 0.0006724 seconds, Stopping threads took: 0.0003380 seconds
2015-03-07T19:11:01.890+0000: 7.530: Total time for which application threads were stopped: 0.0005043 seconds, Stopping threads took: 0.0002437 seconds
2015-03-07T19:11:01.891+0000: 7.531: Total time for which application threads were stopped: 0.0004986 seconds, Stopping threads took: 0.0002528 seconds
2015-03-07T19:11:01.891+0000: 7.531: Total time for which application threads were stopped: 0.0003354 seconds, Stopping threads took: 0.0001027 seconds
2015-03-07T19:11:01.893+0000: 7.533: Total time for which application threads were stopped: 0.0016405 seconds, Stopping threads took: 0.0002628 seconds
2015-03-07T19:11:01.895+0000: 7.534: Total time for which application threads were stopped: 0.0011459 seconds, Stopping threads took: 0.0002066 seconds
2015-03-07T19:11:01.931+0000: 7.571: Total time for which application threads were stopped: 0.0016916 seconds, Stopping threads took: 0.0003024 seconds
{Heap before GC invocations=4 (full 0):
 garbage-first heap   total 12582912K, used 644548K [0x00000004c0000000, 0x00000004c0406000, 0x00000007c0000000)
  region size 4096K, 153 young (626688K), 20 survivors (81920K)
 Metaspace       used 22564K, capacity 23050K, committed 23296K, reserved 1069056K
  class space    used 2571K, capacity 2706K, committed 2816K, reserved 1048576K
2015-03-07T19:11:01.966+0000: 7.606: [GC pause (G1 Evacuation Pause) (young)
Desired survivor size 41943040 bytes, new threshold 15 (max 15)
- age   1:    5263688 bytes,    5263688 total
- age   2:   32243472 bytes,   37507160 total
, 0.0220487 secs]
   [Parallel Time: 17.7 ms, GC Workers: 28]
      [GC Worker Start (ms): Min: 7605.8, Avg: 7606.0, Max: 7606.2, Diff: 0.4]
      [Ext Root Scanning (ms): Min: 0.7, Avg: 0.9, Max: 1.8, Diff: 1.0, Sum: 25.6]
      [Update RS (ms): Min: 0.0, Avg: 1.7, Max: 10.8, Diff: 10.8, Sum: 46.5]
         [Processed Buffers: Min: 0, Avg: 1.5, Max: 7, Diff: 7, Sum: 41]
      [Scan RS (ms): Min: 0.0, Avg: 0.0, Max: 0.1, Diff: 0.1, Sum: 0.6]
      [Code Root Scanning (ms): Min: 0.0, Avg: 0.0, Max: 0.1, Diff: 0.1, Sum: 1.1]
      [Object Copy (ms): Min: 1.6, Avg: 10.8, Max: 15.2, Diff: 13.6, Sum: 302.6]
      [Termination (ms): Min: 0.0, Avg: 3.8, Max: 3.9, Diff: 3.9, Sum: 105.5]
      [GC Worker Other (ms): Min: 0.0, Avg: 0.0, Max: 0.1, Diff: 0.1, Sum: 1.2]
      [GC Worker Total (ms): Min: 17.1, Avg: 17.2, Max: 17.5, Diff: 0.4, Sum: 483.0]
      [GC Worker End (ms): Min: 7623.3, Avg: 7623.3, Max: 7623.3, Diff: 0.1]
   [Code Root Fixup: 0.3 ms]
   [Code Root Purge: 0.0 ms]
   [Clear CT: 0.4 ms]
   [Other: 3.7 ms]
      [Choose CSet: 0.0 ms]
      [Ref Proc: 2.3 ms]
      [Ref Enq: 0.0 ms]
      [Redirty Cards: 0.4 ms]
      [Humongous Reclaim: 0.0 ms]
      [Free CSet: 0.3 ms]
   [Eden: 532.0M(532.0M)->0.0B(532.0M) Survivors: 80.0M->80.0M Heap: 629.4M(12.0G)->103.4M(12.0G)]
Heap after GC invocations=5 (full 0):
 garbage-first heap   total 12582912K, used 105909K [0x00000004c0000000, 0x00000004c0406000, 0x00000007c0000000)
  region size 4096K, 20 young (81920K), 20 survivors (81920K)
 Metaspace       used 22564K, capacity 23050K, committed 23296K, reserved 1069056K
  class space    used 2571K, capacity 2706K, committed 2816K, reserved 1048576K
}
 [Times: user=0.53 sys=0.02, real=0.02 secs] 
2015-03-07T19:11:01.988+0000: 7.628: Total time for which application threads were stopped: 0.0229394 seconds, Stopping threads took: 0.0002482 seconds
2015-03-07T19:11:01.989+0000: 7.629: Total time for which application threads were stopped: 0.0006490 seconds, Stopping threads took: 0.0002308 seconds
2015-03-07T19:11:01.990+0000: 7.630: Total time for which application threads were stopped: 0.0005714 seconds, Stopping threads took: 0.0002737 seconds
2015-03-07T19:11:01.991+0000: 7.630: Total time for which application threads were stopped: 0.0004938 seconds, Stopping threads took: 0.0002170 seconds
2015-03-07T19:11:01.992+0000: 7.632: Total time for which application threads were stopped: 0.0004940 seconds, Stopping threads took: 0.0002141 seconds
2015-03-07T19:11:01.993+0000: 7.633: Total time for which application threads were stopped: 0.0004582 seconds, Stopping threads took: 0.0001818 seconds
2015-03-07T19:11:01.995+0000: 7.635: Total time for which application threads were stopped: 0.0016573 seconds, Stopping threads took: 0.0002324 seconds
2015-03-07T19:11:01.996+0000: 7.635: Total time for which application threads were stopped: 0.0003980 seconds, Stopping threads took: 0.0001678 seconds
2015-03-07T19:11:02.016+0000: 7.656: Total time for which application threads were stopped: 0.0011370 seconds, Stopping threads took: 0.0006095 seconds
2015-03-07T19:11:02.017+0000: 7.657: Total time for which application threads were stopped: 0.0006527 seconds, Stopping threads took: 0.0003440 seconds
2015-03-07T19:11:02.020+0000: 7.660: Total time for which application threads were stopped: 0.0007241 seconds, Stopping threads took: 0.0003956 seconds
2015-03-07T19:11:02.023+0000: 7.662: Total time for which application threads were stopped: 0.0008648 seconds, Stopping threads took: 0.0004409 seconds
2015-03-07T19:11:02.025+0000: 7.665: Total time for which application threads were stopped: 0.0008054 seconds, Stopping threads took: 0.0004023 seconds
2015-03-07T19:11:02.028+0000: 7.668: Total time for which application threads were stopped: 0.0007014 seconds, Stopping threads took: 0.0003322 seconds
{Heap before GC invocations=5 (full 0):
 garbage-first heap   total 12582912K, used 650677K [0x00000004c0000000, 0x00000004c0406000, 0x00000007c0000000)
  region size 4096K, 153 young (626688K), 20 survivors (81920K)
 Metaspace       used 22702K, capacity 23198K, committed 23296K, reserved 1069056K
  class space    used 2590K, capacity 2720K, committed 2816K, reserved 1048576K
2015-03-07T19:11:02.066+0000: 7.705: [GC pause (G1 Evacuation Pause) (young)
Desired survivor size 41943040 bytes, new threshold 3 (max 15)
- age   1:   29048920 bytes,   29048920 total
- age   2:    2645360 bytes,   31694280 total
- age   3:   30428288 bytes,   62122568 total
, 0.0216815 secs]
   [Parallel Time: 17.7 ms, GC Workers: 28]
      [GC Worker Start (ms): Min: 7705.8, Avg: 7705.9, Max: 7706.1, Diff: 0.3]
      [Ext Root Scanning (ms): Min: 0.3, Avg: 0.6, Max: 1.6, Diff: 1.2, Sum: 16.5]
      [Update RS (ms): Min: 0.0, Avg: 0.2, Max: 0.7, Diff: 0.7, Sum: 5.7]
         [Processed Buffers: Min: 0, Avg: 1.4, Max: 6, Diff: 6, Sum: 38]
      [Scan RS (ms): Min: 0.0, Avg: 0.0, Max: 0.1, Diff: 0.1, Sum: 0.8]
      [Code Root Scanning (ms): Min: 0.0, Avg: 0.0, Max: 0.3, Diff: 0.3, Sum: 1.3]
      [Object Copy (ms): Min: 15.0, Avg: 15.9, Max: 16.6, Diff: 1.6, Sum: 446.3]
      [Termination (ms): Min: 0.0, Avg: 0.4, Max: 0.6, Diff: 0.6, Sum: 10.3]
      [GC Worker Other (ms): Min: 0.0, Avg: 0.0, Max: 0.1, Diff: 0.1, Sum: 1.1]
      [GC Worker Total (ms): Min: 17.1, Avg: 17.2, Max: 17.4, Diff: 0.3, Sum: 482.0]
      [GC Worker End (ms): Min: 7723.1, Avg: 7723.1, Max: 7723.2, Diff: 0.1]
   [Code Root Fixup: 0.3 ms]
   [Code Root Purge: 0.0 ms]
   [Clear CT: 0.5 ms]
   [Other: 3.2 ms]
      [Choose CSet: 0.0 ms]
      [Ref Proc: 1.3 ms]
      [Ref Enq: 0.0 ms]
      [Redirty Cards: 0.4 ms]
      [Humongous Reclaim: 0.0 ms]
      [Free CSet: 0.4 ms]
   [Eden: 532.0M(532.0M)->0.0B(544.0M) Survivors: 80.0M->68.0M Heap: 635.4M(12.0G)->119.3M(12.0G)]
Heap after GC invocations=6 (full 0):
 garbage-first heap   total 12582912K, used 122177K [0x00000004c0000000, 0x00000004c0406000, 0x00000007c0000000)
  region size 4096K, 17 young (69632K), 17 survivors (69632K)
 Metaspace       used 22702K, capacity 23198K, committed 23296K, reserved 1069056K
  class space    used 2590K, capacity 2720K, committed 2816K, reserved 1048576K
}
 [Times: user=0.42 sys=0.15, real=0.02 secs] 
2015-03-07T19:11:02.088+0000: 7.727: Total time for which application threads were stopped: 0.0226377 seconds, Stopping threads took: 0.0001860 seconds
2015-03-07T19:11:02.131+0000: 7.771: Total time for which application threads were stopped: 0.0013063 seconds, Stopping threads took: 0.0000928 seconds
{Heap before GC invocations=6 (full 0):
 garbage-first heap   total 12582912K, used 679233K [0x00000004c0000000, 0x00000004c0406000, 0x00000007c0000000)
  region size 4096K, 153 young (626688K), 17 survivors (69632K)
 Metaspace       used 23086K, capacity 23688K, committed 23808K, reserved 1071104K
  class space    used 2631K, capacity 2775K, committed 2816K, reserved 1048576K
2015-03-07T19:11:02.300+0000: 7.939: [GC pause (G1 Evacuation Pause) (young)
Desired survivor size 41943040 bytes, new threshold 15 (max 15)
- age   1:    5191424 bytes,    5191424 total
- age   2:   27010600 bytes,   32202024 total
- age   3:    2645264 bytes,   34847288 total
, 0.0191875 secs]
   [Parallel Time: 11.8 ms, GC Workers: 28]
      [GC Worker Start (ms): Min: 7940.0, Avg: 7940.2, Max: 7940.8, Diff: 0.8]
      [Ext Root Scanning (ms): Min: 0.0, Avg: 0.6, Max: 1.5, Diff: 1.5, Sum: 16.2]
      [Update RS (ms): Min: 0.0, Avg: 0.5, Max: 1.0, Diff: 1.0, Sum: 15.3]
         [Processed Buffers: Min: 0, Avg: 2.9, Max: 12, Diff: 12, Sum: 82]
      [Scan RS (ms): Min: 0.0, Avg: 0.1, Max: 0.3, Diff: 0.3, Sum: 3.3]
      [Code Root Scanning (ms): Min: 0.0, Avg: 0.0, Max: 0.1, Diff: 0.1, Sum: 0.2]
      [Object Copy (ms): Min: 6.7, Avg: 9.4, Max: 10.7, Diff: 3.9, Sum: 264.1]
      [Termination (ms): Min: 0.0, Avg: 0.5, Max: 3.0, Diff: 3.0, Sum: 14.6]
      [GC Worker Other (ms): Min: 0.0, Avg: 0.1, Max: 0.2, Diff: 0.2, Sum: 2.2]
      [GC Worker Total (ms): Min: 10.8, Avg: 11.3, Max: 11.5, Diff: 0.7, Sum: 316.0]
      [GC Worker End (ms): Min: 7951.4, Avg: 7951.5, Max: 7951.6, Diff: 0.1]
   [Code Root Fixup: 0.1 ms]
   [Code Root Purge: 0.0 ms]
   [Clear CT: 0.6 ms]
   [Other: 6.7 ms]
      [Choose CSet: 0.0 ms]
      [Ref Proc: 3.7 ms]
      [Ref Enq: 0.0 ms]
      [Redirty Cards: 0.5 ms]
      [Humongous Reclaim: 0.0 ms]
      [Free CSet: 0.5 ms]
   [Eden: 544.0M(544.0M)->0.0B(580.0M) Survivors: 68.0M->60.0M Heap: 663.3M(12.0G)->112.0M(12.0G)]
Heap after GC invocations=7 (full 0):
 garbage-first heap   total 12582912K, used 114738K [0x00000004c0000000, 0x00000004c0406000, 0x00000007c0000000)
  region size 4096K, 15 young (61440K), 15 survivors (61440K)
 Metaspace       used 23086K, capacity 23688K, committed 23808K, reserved 1071104K
  class space    used 2631K, capacity 2775K, committed 2816K, reserved 1048576K
}
 [Times: user=0.42 sys=0.01, real=0.02 secs] 
2015-03-07T19:11:02.319+0000: 7.959: Total time for which application threads were stopped: 0.0204548 seconds, Stopping threads took: 0.0002352 seconds
{Heap before GC invocations=7 (full 0):
 garbage-first heap   total 12582912K, used 708658K [0x00000004c0000000, 0x00000004c0406000, 0x00000007c0000000)
  region size 4096K, 160 young (655360K), 15 survivors (61440K)
 Metaspace       used 23227K, capacity 23832K, committed 24064K, reserved 1071104K
  class space    used 2651K, capacity 2815K, committed 2816K, reserved 1048576K
2015-03-07T19:11:02.386+0000: 8.026: [GC pause (G1 Evacuation Pause) (young)
Desired survivor size 41943040 bytes, new threshold 4 (max 15)
- age   1:   11248968 bytes,   11248968 total
- age   2:    2328552 bytes,   13577520 total
- age   3:   27004544 bytes,   40582064 total
- age   4:    2639520 bytes,   43221584 total
, 0.0232120 secs]
   [Parallel Time: 17.9 ms, GC Workers: 28]
      [GC Worker Start (ms): Min: 8026.0, Avg: 8026.2, Max: 8026.4, Diff: 0.3]
      [Ext Root Scanning (ms): Min: 0.6, Avg: 1.1, Max: 9.7, Diff: 9.1, Sum: 31.4]
      [Update RS (ms): Min: 0.0, Avg: 0.3, Max: 1.3, Diff: 1.3, Sum: 8.0]
         [Processed Buffers: Min: 0, Avg: 1.4, Max: 10, Diff: 10, Sum: 39]
      [Scan RS (ms): Min: 0.0, Avg: 0.0, Max: 0.1, Diff: 0.1, Sum: 0.7]
      [Code Root Scanning (ms): Min: 0.0, Avg: 0.0, Max: 0.2, Diff: 0.2, Sum: 0.6]
      [Object Copy (ms): Min: 4.5, Avg: 12.1, Max: 15.9, Diff: 11.4, Sum: 339.8]
      [Termination (ms): Min: 0.7, Avg: 3.7, Max: 4.9, Diff: 4.2, Sum: 103.1]
      [GC Worker Other (ms): Min: 0.0, Avg: 0.1, Max: 0.2, Diff: 0.1, Sum: 1.6]
      [GC Worker Total (ms): Min: 17.1, Avg: 17.3, Max: 17.5, Diff: 0.3, Sum: 485.3]
      [GC Worker End (ms): Min: 8043.5, Avg: 8043.5, Max: 8043.6, Diff: 0.1]
   [Code Root Fixup: 0.2 ms]
   [Code Root Purge: 0.0 ms]
   [Clear CT: 0.6 ms]
   [Other: 4.6 ms]
      [Choose CSet: 0.0 ms]
      [Ref Proc: 2.3 ms]
      [Ref Enq: 0.0 ms]
      [Redirty Cards: 0.5 ms]
      [Humongous Reclaim: 0.0 ms]
      [Free CSet: 0.4 ms]
   [Eden: 580.0M(580.0M)->0.0B(776.0M) Survivors: 60.0M->80.0M Heap: 692.0M(12.0G)->161.3M(12.0G)]
Heap after GC invocations=8 (full 0):
 garbage-first heap   total 12582912K, used 165210K [0x00000004c0000000, 0x00000004c0406000, 0x00000007c0000000)
  region size 4096K, 20 young (81920K), 20 survivors (81920K)
 Metaspace       used 23227K, capacity 23832K, committed 24064K, reserved 1071104K
  class space    used 2651K, capacity 2815K, committed 2816K, reserved 1048576K
}
 [Times: user=0.49 sys=0.05, real=0.02 secs] 
2015-03-07T19:11:02.409+0000: 8.049: Total time for which application threads were stopped: 0.0243895 seconds, Stopping threads took: 0.0003247 seconds
{Heap before GC invocations=8 (full 0):
 garbage-first heap   total 12582912K, used 959834K [0x00000004c0000000, 0x00000004c0406000, 0x00000007c0000000)
  region size 4096K, 214 young (876544K), 20 survivors (81920K)
 Metaspace       used 23537K, capacity 24192K, committed 24448K, reserved 1071104K
  class space    used 2702K, capacity 2859K, committed 2944K, reserved 1048576K
2015-03-07T19:11:02.492+0000: 8.132: [GC pause (G1 Evacuation Pause) (young)
Desired survivor size 56623104 bytes, new threshold 15 (max 15)
- age   1:    8095752 bytes,    8095752 total
- age   2:    3979432 bytes,   12075184 total
- age   3:    2325816 bytes,   14401000 total
- age   4:   26932336 bytes,   41333336 total
, 0.0232478 secs]
   [Parallel Time: 18.7 ms, GC Workers: 28]
      [GC Worker Start (ms): Min: 8132.7, Avg: 8133.0, Max: 8133.9, Diff: 1.2]
      [Ext Root Scanning (ms): Min: 0.0, Avg: 0.9, Max: 2.1, Diff: 2.1, Sum: 24.4]
      [Update RS (ms): Min: 0.0, Avg: 0.6, Max: 1.6, Diff: 1.6, Sum: 15.6]
         [Processed Buffers: Min: 0, Avg: 1.8, Max: 13, Diff: 13, Sum: 51]
      [Scan RS (ms): Min: 0.0, Avg: 0.0, Max: 0.1, Diff: 0.1, Sum: 1.2]
      [Code Root Scanning (ms): Min: 0.0, Avg: 0.5, Max: 12.6, Diff: 12.6, Sum: 13.3]
      [Object Copy (ms): Min: 1.3, Avg: 14.0, Max: 17.0, Diff: 15.6, Sum: 391.7]
      [Termination (ms): Min: 0.0, Avg: 1.9, Max: 2.1, Diff: 2.1, Sum: 52.3]
      [GC Worker Other (ms): Min: 0.0, Avg: 0.1, Max: 0.2, Diff: 0.2, Sum: 2.8]
      [GC Worker Total (ms): Min: 17.0, Avg: 17.9, Max: 18.3, Diff: 1.2, Sum: 501.3]
      [GC Worker End (ms): Min: 8150.9, Avg: 8151.0, Max: 8151.1, Diff: 0.2]
   [Code Root Fixup: 0.2 ms]
   [Code Root Purge: 0.0 ms]
   [Clear CT: 0.5 ms]
   [Other: 3.9 ms]
      [Choose CSet: 0.0 ms]
      [Ref Proc: 1.4 ms]
      [Ref Enq: 0.0 ms]
      [Redirty Cards: 0.5 ms]
      [Humongous Reclaim: 0.0 ms]
      [Free CSet: 0.6 ms]
   [Eden: 776.0M(776.0M)->0.0B(7304.0M) Survivors: 80.0M->68.0M Heap: 937.3M(12.0G)->147.4M(12.0G)]
Heap after GC invocations=9 (full 0):
 garbage-first heap   total 12582912K, used 150932K [0x00000004c0000000, 0x00000004c0406000, 0x00000007c0000000)
  region size 4096K, 17 young (69632K), 17 survivors (69632K)
 Metaspace       used 23537K, capacity 24192K, committed 24448K, reserved 1071104K
  class space    used 2702K, capacity 2859K, committed 2944K, reserved 1048576K
}
 [Times: user=0.45 sys=0.05, real=0.02 secs] 
2015-03-07T19:11:02.516+0000: 8.156: Total time for which application threads were stopped: 0.0252054 seconds, Stopping threads took: 0.0010147 seconds
2015-03-07T19:11:02.921+0000: 8.561: Total time for which application threads were stopped: 0.0004778 seconds, Stopping threads took: 0.0000933 seconds
2015-03-07T19:11:02.928+0000: 8.568: Total time for which application threads were stopped: 0.0004294 seconds, Stopping threads took: 0.0001344 seconds
2015-03-07T19:11:02.946+0000: 8.586: Total time for which application threads were stopped: 0.0005951 seconds, Stopping threads took: 0.0002040 seconds
2015-03-07T19:11:02.948+0000: 8.587: Total time for which application threads were stopped: 0.0006161 seconds, Stopping threads took: 0.0003018 seconds
2015-03-07T19:11:02.949+0000: 8.589: Total time for which application threads were stopped: 0.0004687 seconds, Stopping threads took: 0.0002620 seconds
2015-03-07T19:11:02.950+0000: 8.590: Total time for which application threads were stopped: 0.0006413 seconds, Stopping threads took: 0.0003550 seconds
2015-03-07T19:11:02.951+0000: 8.591: Total time for which application threads were stopped: 0.0005316 seconds, Stopping threads took: 0.0003551 seconds
2015-03-07T19:11:02.957+0000: 8.597: Total time for which application threads were stopped: 0.0014816 seconds, Stopping threads took: 0.0001145 seconds
2015-03-07T19:11:02.958+0000: 8.598: Total time for which application threads were stopped: 0.0008357 seconds, Stopping threads took: 0.0000680 seconds
2015-03-07T19:11:02.976+0000: 8.616: Total time for which application threads were stopped: 0.0008998 seconds, Stopping threads took: 0.0005507 seconds
2015-03-07T19:11:02.979+0000: 8.619: Total time for which application threads were stopped: 0.0006517 seconds, Stopping threads took: 0.0003285 seconds
2015-03-07T19:11:02.980+0000: 8.620: Total time for which application threads were stopped: 0.0003492 seconds, Stopping threads took: 0.0001356 seconds
2015-03-07T19:11:02.980+0000: 8.620: Total time for which application threads were stopped: 0.0002691 seconds, Stopping threads took: 0.0000874 seconds
2015-03-07T19:11:02.981+0000: 8.620: Total time for which application threads were stopped: 0.0003710 seconds, Stopping threads took: 0.0001563 seconds
2015-03-07T19:11:02.981+0000: 8.621: Total time for which application threads were stopped: 0.0003857 seconds, Stopping threads took: 0.0001405 seconds
2015-03-07T19:11:02.981+0000: 8.621: Total time for which application threads were stopped: 0.0003724 seconds, Stopping threads took: 0.0001663 seconds
2015-03-07T19:11:02.982+0000: 8.622: Total time for which application threads were stopped: 0.0002424 seconds, Stopping threads took: 0.0000660 seconds
2015-03-07T19:11:02.982+0000: 8.622: Total time for which application threads were stopped: 0.0003927 seconds, Stopping threads took: 0.0002242 seconds
2015-03-07T19:11:02.983+0000: 8.622: Total time for which application threads were stopped: 0.0002110 seconds, Stopping threads took: 0.0000552 seconds
2015-03-07T19:11:02.983+0000: 8.623: Total time for which application threads were stopped: 0.0003337 seconds, Stopping threads took: 0.0001545 seconds
2015-03-07T19:11:02.984+0000: 8.624: Total time for which application threads were stopped: 0.0010397 seconds, Stopping threads took: 0.0001497 seconds
2015-03-07T19:11:03.132+0000: 8.772: Total time for which application threads were stopped: 0.0006185 seconds, Stopping threads took: 0.0000716 seconds
2015-03-07T19:11:03.171+0000: 8.810: Total time for which application threads were stopped: 0.0006174 seconds, Stopping threads took: 0.0001585 seconds
2015-03-07T19:11:03.325+0000: 8.965: Total time for which application threads were stopped: 0.0007671 seconds, Stopping threads took: 0.0001172 seconds
2015-03-07T19:11:03.330+0000: 8.970: Total time for which application threads were stopped: 0.0007316 seconds, Stopping threads took: 0.0002358 seconds
2015-03-07T19:11:03.333+0000: 8.973: Total time for which application threads were stopped: 0.0017167 seconds, Stopping threads took: 0.0003490 seconds
2015-03-07T19:11:03.335+0000: 8.974: Total time for which application threads were stopped: 0.0009521 seconds, Stopping threads took: 0.0004455 seconds
2015-03-07T19:11:03.344+0000: 8.984: Total time for which application threads were stopped: 0.0007460 seconds, Stopping threads took: 0.0003306 seconds
2015-03-07T19:11:03.594+0000: 9.234: Total time for which application threads were stopped: 0.0017913 seconds, Stopping threads took: 0.0001317 seconds
2015-03-07T19:11:03.634+0000: 9.274: Total time for which application threads were stopped: 0.0008613 seconds, Stopping threads took: 0.0001698 seconds
2015-03-07T19:11:03.635+0000: 9.275: Total time for which application threads were stopped: 0.0004953 seconds, Stopping threads took: 0.0001388 seconds
2015-03-07T19:11:03.636+0000: 9.276: Total time for which application threads were stopped: 0.0005910 seconds, Stopping threads took: 0.0001693 seconds
2015-03-07T19:11:03.637+0000: 9.277: Total time for which application threads were stopped: 0.0003939 seconds, Stopping threads took: 0.0001261 seconds
2015-03-07T19:11:03.637+0000: 9.277: Total time for which application threads were stopped: 0.0003381 seconds, Stopping threads took: 0.0000820 seconds
2015-03-07T19:11:03.638+0000: 9.277: Total time for which application threads were stopped: 0.0003507 seconds, Stopping threads took: 0.0000962 seconds
2015-03-07T19:11:03.638+0000: 9.278: Total time for which application threads were stopped: 0.0003462 seconds, Stopping threads took: 0.0000932 seconds
2015-03-07T19:11:03.638+0000: 9.278: Total time for which application threads were stopped: 0.0002804 seconds, Stopping threads took: 0.0000297 seconds
2015-03-07T19:11:03.639+0000: 9.278: Total time for which application threads were stopped: 0.0003240 seconds, Stopping threads took: 0.0000757 seconds
2015-03-07T19:11:03.639+0000: 9.279: Total time for which application threads were stopped: 0.0003710 seconds, Stopping threads took: 0.0001015 seconds
2015-03-07T19:11:03.639+0000: 9.279: Total time for which application threads were stopped: 0.0003282 seconds, Stopping threads took: 0.0000707 seconds
2015-03-07T19:11:03.640+0000: 9.280: Total time for which application threads were stopped: 0.0005576 seconds, Stopping threads took: 0.0002780 seconds
2015-03-07T19:11:03.642+0000: 9.281: Total time for which application threads were stopped: 0.0014281 seconds, Stopping threads took: 0.0000728 seconds
2015-03-07T19:11:03.643+0000: 9.283: Total time for which application threads were stopped: 0.0016260 seconds, Stopping threads took: 0.0012902 seconds
2015-03-07T19:11:03.665+0000: 9.305: Total time for which application threads were stopped: 0.0016125 seconds, Stopping threads took: 0.0002376 seconds
2015-03-07T19:11:03.671+0000: 9.310: Total time for which application threads were stopped: 0.0009514 seconds, Stopping threads took: 0.0001696 seconds
2015-03-07T19:11:03.678+0000: 9.317: Total time for which application threads were stopped: 0.0005264 seconds, Stopping threads took: 0.0001683 seconds
2015-03-07T19:11:03.712+0000: 9.352: Total time for which application threads were stopped: 0.0008354 seconds, Stopping threads took: 0.0002815 seconds
2015-03-07T19:11:03.755+0000: 9.395: Total time for which application threads were stopped: 0.0008722 seconds, Stopping threads took: 0.0001364 seconds
2015-03-07T19:11:03.757+0000: 9.397: Total time for which application threads were stopped: 0.0006065 seconds, Stopping threads took: 0.0001051 seconds
2015-03-07T19:11:04.231+0000: 9.871: Total time for which application threads were stopped: 0.0008119 seconds, Stopping threads took: 0.0004332 seconds
2015-03-07T19:11:04.394+0000: 10.034: Total time for which application threads were stopped: 0.0008221 seconds, Stopping threads took: 0.0002148 seconds
2015-03-07T19:11:04.396+0000: 10.036: Total time for which application threads were stopped: 0.0006360 seconds, Stopping threads took: 0.0001671 seconds
2015-03-07T19:11:04.397+0000: 10.037: Total time for which application threads were stopped: 0.0005073 seconds, Stopping threads took: 0.0000985 seconds
2015-03-07T19:11:04.398+0000: 10.038: Total time for which application threads were stopped: 0.0005443 seconds, Stopping threads took: 0.0001827 seconds
2015-03-07T19:11:04.399+0000: 10.039: Total time for which application threads were stopped: 0.0012565 seconds, Stopping threads took: 0.0008368 seconds
2015-03-07T19:11:04.400+0000: 10.040: Total time for which application threads were stopped: 0.0006262 seconds, Stopping threads took: 0.0001624 seconds
2015-03-07T19:11:04.404+0000: 10.044: Total time for which application threads were stopped: 0.0005033 seconds, Stopping threads took: 0.0001341 seconds
2015-03-07T19:11:04.405+0000: 10.044: Total time for which application threads were stopped: 0.0005038 seconds, Stopping threads took: 0.0001035 seconds
2015-03-07T19:11:04.405+0000: 10.045: Total time for which application threads were stopped: 0.0004785 seconds, Stopping threads took: 0.0001205 seconds
2015-03-07T19:11:04.410+0000: 10.049: Total time for which application threads were stopped: 0.0005049 seconds, Stopping threads took: 0.0001118 seconds
2015-03-07T19:11:04.412+0000: 10.052: Total time for which application threads were stopped: 0.0005734 seconds, Stopping threads took: 0.0001809 seconds
2015-03-07T19:11:04.465+0000: 10.105: Total time for which application threads were stopped: 0.0007428 seconds, Stopping threads took: 0.0001794 seconds
2015-03-07T19:11:04.468+0000: 10.108: Total time for which application threads were stopped: 0.0006075 seconds, Stopping threads took: 0.0001758 seconds
2015-03-07T19:11:04.475+0000: 10.115: Total time for which application threads were stopped: 0.0006704 seconds, Stopping threads took: 0.0001941 seconds
2015-03-07T19:11:04.591+0000: 10.231: Total time for which application threads were stopped: 0.0019767 seconds, Stopping threads took: 0.0011936 seconds
2015-03-07T19:11:04.622+0000: 10.262: Total time for which application threads were stopped: 0.0008202 seconds, Stopping threads took: 0.0002118 seconds
2015-03-07T19:11:04.625+0000: 10.265: Total time for which application threads were stopped: 0.0018343 seconds, Stopping threads took: 0.0001586 seconds
2015-03-07T19:11:04.660+0000: 10.300: Total time for which application threads were stopped: 0.0017065 seconds, Stopping threads took: 0.0001615 seconds
2015-03-07T19:11:04.708+0000: 10.348: Total time for which application threads were stopped: 0.0030168 seconds, Stopping threads took: 0.0005711 seconds
2015-03-07T19:11:04.716+0000: 10.356: Total time for which application threads were stopped: 0.0021352 seconds, Stopping threads took: 0.0002178 seconds
2015-03-07T19:11:04.722+0000: 10.362: Total time for which application threads were stopped: 0.0028294 seconds, Stopping threads took: 0.0010988 seconds
2015-03-07T19:11:04.739+0000: 10.378: Total time for which application threads were stopped: 0.0017497 seconds, Stopping threads took: 0.0001690 seconds
2015-03-07T19:11:04.747+0000: 10.387: Total time for which application threads were stopped: 0.0007180 seconds, Stopping threads took: 0.0002167 seconds
2015-03-07T19:11:04.753+0000: 10.392: Total time for which application threads were stopped: 0.0013547 seconds, Stopping threads took: 0.0001594 seconds
2015-03-07T19:11:04.758+0000: 10.398: Total time for which application threads were stopped: 0.0017457 seconds, Stopping threads took: 0.0001931 seconds
2015-03-07T19:11:04.791+0000: 10.431: Total time for which application threads were stopped: 0.0008418 seconds, Stopping threads took: 0.0001979 seconds
2015-03-07T19:11:04.917+0000: 10.557: Total time for which application threads were stopped: 0.0009883 seconds, Stopping threads took: 0.0002727 seconds
2015-03-07T19:11:04.976+0000: 10.616: Total time for which application threads were stopped: 0.0010214 seconds, Stopping threads took: 0.0002299 seconds
2015-03-07T19:11:04.983+0000: 10.623: Total time for which application threads were stopped: 0.0007195 seconds, Stopping threads took: 0.0001438 seconds
2015-03-07T19:11:05.109+0000: 10.749: Total time for which application threads were stopped: 0.0012586 seconds, Stopping threads took: 0.0003166 seconds
2015-03-07T19:11:05.202+0000: 10.842: Total time for which application threads were stopped: 0.0012004 seconds, Stopping threads took: 0.0004424 seconds
2015-03-07T19:11:05.265+0000: 10.905: Total time for which application threads were stopped: 0.0010606 seconds, Stopping threads took: 0.0001531 seconds
2015-03-07T19:11:05.309+0000: 10.949: Total time for which application threads were stopped: 0.0006560 seconds, Stopping threads took: 0.0001790 seconds
2015-03-07T19:11:06.158+0000: 11.798: Total time for which application threads were stopped: 0.0007632 seconds, Stopping threads took: 0.0001682 seconds
2015-03-07T19:11:07.159+0000: 12.799: Total time for which application threads were stopped: 0.0004283 seconds, Stopping threads took: 0.0000673 seconds
2015-03-07T19:11:07.702+0000: 13.342: Total time for which application threads were stopped: 0.0005501 seconds, Stopping threads took: 0.0001383 seconds
2015-03-07T19:11:07.872+0000: 13.512: Total time for which application threads were stopped: 0.0004543 seconds, Stopping threads took: 0.0001067 seconds
2015-03-07T19:11:07.880+0000: 13.520: Total time for which application threads were stopped: 0.0005079 seconds, Stopping threads took: 0.0002453 seconds
2015-03-07T19:11:07.887+0000: 13.527: Total time for which application threads were stopped: 0.0031066 seconds, Stopping threads took: 0.0027819 seconds
2015-03-07T19:11:07.893+0000: 13.533: Total time for which application threads were stopped: 0.0043223 seconds, Stopping threads took: 0.0039314 seconds
2015-03-07T19:11:07.896+0000: 13.536: Total time for which application threads were stopped: 0.0022043 seconds, Stopping threads took: 0.0018458 seconds
2015-03-07T19:11:07.899+0000: 13.538: Total time for which application threads were stopped: 0.0007685 seconds, Stopping threads took: 0.0003752 seconds
2015-03-07T19:11:07.901+0000: 13.540: Total time for which application threads were stopped: 0.0006657 seconds, Stopping threads took: 0.0002680 seconds
2015-03-07T19:11:07.902+0000: 13.542: Total time for which application threads were stopped: 0.0005714 seconds, Stopping threads took: 0.0002058 seconds
2015-03-07T19:11:07.903+0000: 13.543: Total time for which application threads were stopped: 0.0005952 seconds, Stopping threads took: 0.0002444 seconds
2015-03-07T19:11:07.904+0000: 13.544: Total time for which application threads were stopped: 0.0008617 seconds, Stopping threads took: 0.0004764 seconds
2015-03-07T19:11:07.905+0000: 13.545: Total time for which application threads were stopped: 0.0004406 seconds, Stopping threads took: 0.0000820 seconds
2015-03-07T19:11:07.906+0000: 13.545: Total time for which application threads were stopped: 0.0005021 seconds, Stopping threads took: 0.0000801 seconds
2015-03-07T19:11:07.907+0000: 13.547: Total time for which application threads were stopped: 0.0008846 seconds, Stopping threads took: 0.0004958 seconds
2015-03-07T19:11:07.908+0000: 13.548: Total time for which application threads were stopped: 0.0004904 seconds, Stopping threads took: 0.0000992 seconds
2015-03-07T19:11:07.909+0000: 13.549: Total time for which application threads were stopped: 0.0004902 seconds, Stopping threads took: 0.0001233 seconds
2015-03-07T19:11:07.910+0000: 13.550: Total time for which application threads were stopped: 0.0004591 seconds, Stopping threads took: 0.0000831 seconds
2015-03-07T19:11:07.913+0000: 13.553: Total time for which application threads were stopped: 0.0018500 seconds, Stopping threads took: 0.0001439 seconds
2015-03-07T19:11:07.930+0000: 13.570: Total time for which application threads were stopped: 0.0007173 seconds, Stopping threads took: 0.0002109 seconds
2015-03-07T19:11:07.931+0000: 13.570: Total time for which application threads were stopped: 0.0005610 seconds, Stopping threads took: 0.0001529 seconds
2015-03-07T19:11:07.931+0000: 13.571: Total time for which application threads were stopped: 0.0005594 seconds, Stopping threads took: 0.0001474 seconds
2015-03-07T19:11:07.932+0000: 13.572: Total time for which application threads were stopped: 0.0004983 seconds, Stopping threads took: 0.0001292 seconds
2015-03-07T19:11:07.933+0000: 13.573: Total time for which application threads were stopped: 0.0005762 seconds, Stopping threads took: 0.0001867 seconds
2015-03-07T19:11:07.934+0000: 13.574: Total time for which application threads were stopped: 0.0004782 seconds, Stopping threads took: 0.0001126 seconds
2015-03-07T19:11:07.934+0000: 13.574: Total time for which application threads were stopped: 0.0005176 seconds, Stopping threads took: 0.0001417 seconds
2015-03-07T19:11:07.935+0000: 13.575: Total time for which application threads were stopped: 0.0005028 seconds, Stopping threads took: 0.0001228 seconds
2015-03-07T19:11:07.936+0000: 13.576: Total time for which application threads were stopped: 0.0005919 seconds, Stopping threads took: 0.0001951 seconds
2015-03-07T19:11:07.937+0000: 13.577: Total time for which application threads were stopped: 0.0005397 seconds, Stopping threads took: 0.0001531 seconds
2015-03-07T19:11:07.938+0000: 13.578: Total time for which application threads were stopped: 0.0005929 seconds, Stopping threads took: 0.0001936 seconds
2015-03-07T19:11:07.938+0000: 13.578: Total time for which application threads were stopped: 0.0005294 seconds, Stopping threads took: 0.0001363 seconds
2015-03-07T19:11:07.939+0000: 13.579: Total time for which application threads were stopped: 0.0004313 seconds, Stopping threads took: 0.0000721 seconds
2015-03-07T19:11:07.939+0000: 13.579: Total time for which application threads were stopped: 0.0004220 seconds, Stopping threads took: 0.0000428 seconds
2015-03-07T19:11:07.940+0000: 13.580: Total time for which application threads were stopped: 0.0005950 seconds, Stopping threads took: 0.0001924 seconds
2015-03-07T19:11:07.941+0000: 13.581: Total time for which application threads were stopped: 0.0004449 seconds, Stopping threads took: 0.0000903 seconds
2015-03-07T19:11:07.944+0000: 13.584: Total time for which application threads were stopped: 0.0007059 seconds, Stopping threads took: 0.0002868 seconds
2015-03-07T19:11:07.944+0000: 13.584: Total time for which application threads were stopped: 0.0004986 seconds, Stopping threads took: 0.0001209 seconds
2015-03-07T19:11:07.947+0000: 13.587: Total time for which application threads were stopped: 0.0010165 seconds, Stopping threads took: 0.0005916 seconds
2015-03-07T19:11:07.952+0000: 13.592: Total time for which application threads were stopped: 0.0005619 seconds, Stopping threads took: 0.0001965 seconds
2015-03-07T19:11:07.953+0000: 13.593: Total time for which application threads were stopped: 0.0010631 seconds, Stopping threads took: 0.0007200 seconds
2015-03-07T19:11:07.973+0000: 13.613: Total time for which application threads were stopped: 0.0030268 seconds, Stopping threads took: 0.0004872 seconds
2015-03-07T19:11:07.987+0000: 13.627: Total time for which application threads were stopped: 0.0019241 seconds, Stopping threads took: 0.0011687 seconds
2015-03-07T19:11:07.996+0000: 13.636: Total time for which application threads were stopped: 0.0018322 seconds, Stopping threads took: 0.0011656 seconds
2015-03-07T19:11:07.999+0000: 13.639: Total time for which application threads were stopped: 0.0009558 seconds, Stopping threads took: 0.0004886 seconds
2015-03-07T19:11:08.001+0000: 13.641: Total time for which application threads were stopped: 0.0012898 seconds, Stopping threads took: 0.0009063 seconds
2015-03-07T19:11:08.003+0000: 13.643: Total time for which application threads were stopped: 0.0018642 seconds, Stopping threads took: 0.0001835 seconds
2015-03-07T19:11:08.058+0000: 13.698: Total time for which application threads were stopped: 0.0013878 seconds, Stopping threads took: 0.0008382 seconds
2015-03-07T19:11:08.091+0000: 13.731: Total time for which application threads were stopped: 0.0019192 seconds, Stopping threads took: 0.0013092 seconds
2015-03-07T19:11:08.107+0000: 13.746: Total time for which application threads were stopped: 0.0030424 seconds, Stopping threads took: 0.0010223 seconds
2015-03-07T19:11:08.110+0000: 13.750: Total time for which application threads were stopped: 0.0016272 seconds, Stopping threads took: 0.0009507 seconds
2015-03-07T19:11:08.111+0000: 13.751: Total time for which application threads were stopped: 0.0006561 seconds, Stopping threads took: 0.0001890 seconds
2015-03-07T19:11:08.115+0000: 13.754: Total time for which application threads were stopped: 0.0031734 seconds, Stopping threads took: 0.0007045 seconds
2015-03-07T19:11:08.117+0000: 13.757: Total time for which application threads were stopped: 0.0018079 seconds, Stopping threads took: 0.0001143 seconds
2015-03-07T19:11:08.128+0000: 13.768: Total time for which application threads were stopped: 0.0016452 seconds, Stopping threads took: 0.0001537 seconds
2015-03-07T19:11:08.130+0000: 13.770: Total time for which application threads were stopped: 0.0011166 seconds, Stopping threads took: 0.0001551 seconds
2015-03-07T19:11:08.148+0000: 13.788: Total time for which application threads were stopped: 0.0008867 seconds, Stopping threads took: 0.0002145 seconds
2015-03-07T19:11:08.149+0000: 13.789: Total time for which application threads were stopped: 0.0005569 seconds, Stopping threads took: 0.0001525 seconds
2015-03-07T19:11:08.152+0000: 13.792: Total time for which application threads were stopped: 0.0032656 seconds, Stopping threads took: 0.0009059 seconds
2015-03-07T19:11:08.165+0000: 13.805: Total time for which application threads were stopped: 0.0020440 seconds, Stopping threads took: 0.0002017 seconds
2015-03-07T19:11:08.175+0000: 13.815: Total time for which application threads were stopped: 0.0007628 seconds, Stopping threads took: 0.0002882 seconds
2015-03-07T19:11:08.176+0000: 13.815: Total time for which application threads were stopped: 0.0005165 seconds, Stopping threads took: 0.0000922 seconds
2015-03-07T19:11:08.192+0000: 13.832: Total time for which application threads were stopped: 0.0011518 seconds, Stopping threads took: 0.0005577 seconds
2015-03-07T19:11:08.193+0000: 13.833: Total time for which application threads were stopped: 0.0006208 seconds, Stopping threads took: 0.0002234 seconds
2015-03-07T19:11:08.194+0000: 13.834: Total time for which application threads were stopped: 0.0008078 seconds, Stopping threads took: 0.0003792 seconds
2015-03-07T19:11:08.196+0000: 13.836: Total time for which application threads were stopped: 0.0005483 seconds, Stopping threads took: 0.0001498 seconds
2015-03-07T19:11:08.204+0000: 13.844: Total time for which application threads were stopped: 0.0005265 seconds, Stopping threads took: 0.0001060 seconds
{Heap before GC invocations=9 (full 0):
 garbage-first heap   total 12582912K, used 7596855K [0x00000004c0000000, 0x00000004c0406000, 0x00000007c0000000)
  region size 4096K, 1767 young (7237632K), 17 survivors (69632K)
 Metaspace       used 34063K, capacity 35790K, committed 35840K, reserved 1081344K
  class space    used 3946K, capacity 4340K, committed 4352K, reserved 1048576K
2015-03-07T19:11:08.251+0000: 13.891: [GC pause (Metadata GC Threshold) (young) (initial-mark)
Desired survivor size 484442112 bytes, new threshold 15 (max 15)
- age   1:    5804848 bytes,    5804848 total
- age   2:     922928 bytes,    6727776 total
- age   3:    3975488 bytes,   10703264 total
- age   4:    2321280 bytes,   13024544 total
- age   5:   26925280 bytes,   39949824 total
, 0.1305093 secs]
   [Parallel Time: 112.1 ms, GC Workers: 28]
      [GC Worker Start (ms): Min: 13892.5, Avg: 13892.7, Max: 13892.9, Diff: 0.4]
      [Ext Root Scanning (ms): Min: 8.9, Avg: 13.0, Max: 16.8, Diff: 7.9, Sum: 363.2]
      [Update RS (ms): Min: 0.0, Avg: 0.3, Max: 1.0, Diff: 1.0, Sum: 7.6]
         [Processed Buffers: Min: 0, Avg: 3.4, Max: 17, Diff: 17, Sum: 96]
      [Scan RS (ms): Min: 0.2, Avg: 0.7, Max: 1.4, Diff: 1.2, Sum: 18.2]
      [Code Root Scanning (ms): Min: 0.0, Avg: 0.2, Max: 0.8, Diff: 0.8, Sum: 5.3]
      [Object Copy (ms): Min: 92.9, Avg: 96.0, Max: 99.1, Diff: 6.2, Sum: 2687.1]
      [Termination (ms): Min: 0.0, Avg: 1.2, Max: 1.4, Diff: 1.4, Sum: 32.8]
      [GC Worker Other (ms): Min: 0.0, Avg: 0.2, Max: 0.4, Diff: 0.4, Sum: 5.6]
      [GC Worker Total (ms): Min: 111.1, Avg: 111.4, Max: 111.8, Diff: 0.7, Sum: 3119.8]
      [GC Worker End (ms): Min: 14004.0, Avg: 14004.1, Max: 14004.3, Diff: 0.4]
   [Code Root Fixup: 0.9 ms]
   [Code Root Purge: 0.2 ms]
   [Clear CT: 2.0 ms]
   [Other: 15.4 ms]
      [Choose CSet: 0.0 ms]
      [Ref Proc: 7.3 ms]
      [Ref Enq: 0.1 ms]
      [Redirty Cards: 0.8 ms]
      [Humongous Reclaim: 0.1 ms]
      [Free CSet: 4.6 ms]
   [Eden: 7000.0M(7304.0M)->0.0B(836.0M) Survivors: 68.0M->640.0M Heap: 7420.8M(12.0G)->996.8M(12.0G)]
Heap after GC invocations=10 (full 0):
 garbage-first heap   total 12582912K, used 1020769K [0x00000004c0000000, 0x00000004c0406000, 0x00000007c0000000)
  region size 4096K, 160 young (655360K), 160 survivors (655360K)
 Metaspace       used 34063K, capacity 35790K, committed 35840K, reserved 1081344K
  class space    used 3946K, capacity 4340K, committed 4352K, reserved 1048576K
}
 [Times: user=1.76 sys=0.33, real=0.13 secs] 
2015-03-07T19:11:08.382+0000: 14.022: [GC concurrent-root-region-scan-start]
2015-03-07T19:11:08.382+0000: 14.022: Total time for which application threads were stopped: 0.1318809 seconds, Stopping threads took: 0.0001549 seconds
2015-03-07T19:11:08.400+0000: 14.039: Total time for which application threads were stopped: 0.0011526 seconds, Stopping threads took: 0.0002712 seconds
2015-03-07T19:11:08.414+0000: 14.054: Total time for which application threads were stopped: 0.0011446 seconds, Stopping threads took: 0.0002092 seconds
2015-03-07T19:11:08.419+0000: 14.059: Total time for which application threads were stopped: 0.0010045 seconds, Stopping threads took: 0.0001634 seconds
2015-03-07T19:11:08.434+0000: 14.073: Total time for which application threads were stopped: 0.0010966 seconds, Stopping threads took: 0.0001591 seconds
2015-03-07T19:11:08.435+0000: 14.075: Total time for which application threads were stopped: 0.0007870 seconds, Stopping threads took: 0.0001376 seconds
2015-03-07T19:11:08.436+0000: 14.076: Total time for which application threads were stopped: 0.0008088 seconds, Stopping threads took: 0.0001722 seconds
2015-03-07T19:11:08.437+0000: 14.077: Total time for which application threads were stopped: 0.0007679 seconds, Stopping threads took: 0.0001609 seconds
2015-03-07T19:11:08.440+0000: 14.079: Total time for which application threads were stopped: 0.0016523 seconds, Stopping threads took: 0.0010091 seconds
2015-03-07T19:11:08.441+0000: 14.081: Total time for which application threads were stopped: 0.0008266 seconds, Stopping threads took: 0.0001618 seconds
2015-03-07T19:11:08.442+0000: 14.082: Total time for which application threads were stopped: 0.0008657 seconds, Stopping threads took: 0.0002050 seconds
2015-03-07T19:11:08.443+0000: 14.083: Total time for which application threads were stopped: 0.0008354 seconds, Stopping threads took: 0.0002028 seconds
2015-03-07T19:11:08.445+0000: 14.085: Total time for which application threads were stopped: 0.0008683 seconds, Stopping threads took: 0.0002134 seconds
2015-03-07T19:11:08.446+0000: 14.086: Total time for which application threads were stopped: 0.0008764 seconds, Stopping threads took: 0.0002091 seconds
2015-03-07T19:11:08.447+0000: 14.087: Total time for which application threads were stopped: 0.0008658 seconds, Stopping threads took: 0.0002194 seconds
2015-03-07T19:11:08.448+0000: 14.088: Total time for which application threads were stopped: 0.0008064 seconds, Stopping threads took: 0.0001707 seconds
2015-03-07T19:11:08.450+0000: 14.089: Total time for which application threads were stopped: 0.0008493 seconds, Stopping threads took: 0.0001835 seconds
2015-03-07T19:11:08.451+0000: 14.091: Total time for which application threads were stopped: 0.0008991 seconds, Stopping threads took: 0.0002335 seconds
2015-03-07T19:11:08.452+0000: 14.092: Total time for which application threads were stopped: 0.0008832 seconds, Stopping threads took: 0.0002538 seconds
2015-03-07T19:11:08.454+0000: 14.093: Total time for which application threads were stopped: 0.0007364 seconds, Stopping threads took: 0.0001785 seconds
2015-03-07T19:11:08.455+0000: 14.095: Total time for which application threads were stopped: 0.0007685 seconds, Stopping threads took: 0.0003177 seconds
2015-03-07T19:11:08.457+0000: 14.097: Total time for which application threads were stopped: 0.0008950 seconds, Stopping threads took: 0.0004357 seconds
2015-03-07T19:11:08.458+0000: 14.098: Total time for which application threads were stopped: 0.0006195 seconds, Stopping threads took: 0.0001983 seconds
2015-03-07T19:11:08.473+0000: 14.113: [GC concurrent-root-region-scan-end, 0.0909763 secs]
2015-03-07T19:11:08.473+0000: 14.113: [GC concurrent-mark-start]
2015-03-07T19:11:08.476+0000: 14.116: Total time for which application threads were stopped: 0.0023120 seconds, Stopping threads took: 0.0003535 seconds
2015-03-07T19:11:08.489+0000: 14.128: Total time for which application threads were stopped: 0.0011082 seconds, Stopping threads took: 0.0005753 seconds
2015-03-07T19:11:08.491+0000: 14.131: Total time for which application threads were stopped: 0.0006236 seconds, Stopping threads took: 0.0001839 seconds
2015-03-07T19:11:08.492+0000: 14.132: Total time for which application threads were stopped: 0.0006106 seconds, Stopping threads took: 0.0001771 seconds
2015-03-07T19:11:08.498+0000: 14.138: Total time for which application threads were stopped: 0.0006070 seconds, Stopping threads took: 0.0001581 seconds
2015-03-07T19:11:08.499+0000: 14.139: Total time for which application threads were stopped: 0.0011029 seconds, Stopping threads took: 0.0006880 seconds
2015-03-07T19:11:08.502+0000: 14.142: Total time for which application threads were stopped: 0.0005511 seconds, Stopping threads took: 0.0001199 seconds
2015-03-07T19:11:08.502+0000: 14.142: Total time for which application threads were stopped: 0.0005679 seconds, Stopping threads took: 0.0001584 seconds
2015-03-07T19:11:08.503+0000: 14.143: Total time for which application threads were stopped: 0.0004915 seconds, Stopping threads took: 0.0000911 seconds
2015-03-07T19:11:08.504+0000: 14.144: Total time for which application threads were stopped: 0.0005829 seconds, Stopping threads took: 0.0001722 seconds
2015-03-07T19:11:08.505+0000: 14.144: Total time for which application threads were stopped: 0.0006208 seconds, Stopping threads took: 0.0002123 seconds
2015-03-07T19:11:08.505+0000: 14.145: Total time for which application threads were stopped: 0.0004937 seconds, Stopping threads took: 0.0000984 seconds
2015-03-07T19:11:08.506+0000: 14.146: Total time for which application threads were stopped: 0.0005254 seconds, Stopping threads took: 0.0001367 seconds
2015-03-07T19:11:08.507+0000: 14.146: Total time for which application threads were stopped: 0.0005776 seconds, Stopping threads took: 0.0001747 seconds
2015-03-07T19:11:08.507+0000: 14.147: Total time for which application threads were stopped: 0.0005710 seconds, Stopping threads took: 0.0001615 seconds
2015-03-07T19:11:08.508+0000: 14.148: Total time for which application threads were stopped: 0.0005844 seconds, Stopping threads took: 0.0001806 seconds
2015-03-07T19:11:08.509+0000: 14.149: Total time for which application threads were stopped: 0.0005478 seconds, Stopping threads took: 0.0001355 seconds
2015-03-07T19:11:08.509+0000: 14.149: Total time for which application threads were stopped: 0.0005305 seconds, Stopping threads took: 0.0001138 seconds
2015-03-07T19:11:08.510+0000: 14.150: Total time for which application threads were stopped: 0.0005916 seconds, Stopping threads took: 0.0001769 seconds
2015-03-07T19:11:08.511+0000: 14.151: Total time for which application threads were stopped: 0.0006814 seconds, Stopping threads took: 0.0002761 seconds
2015-03-07T19:11:08.512+0000: 14.152: Total time for which application threads were stopped: 0.0006003 seconds, Stopping threads took: 0.0002001 seconds
2015-03-07T19:11:08.515+0000: 14.154: Total time for which application threads were stopped: 0.0023971 seconds, Stopping threads took: 0.0001905 seconds
2015-03-07T19:11:08.516+0000: 14.156: Total time for which application threads were stopped: 0.0005901 seconds, Stopping threads took: 0.0001360 seconds
2015-03-07T19:11:08.522+0000: 14.162: Total time for which application threads were stopped: 0.0008820 seconds, Stopping threads took: 0.0004630 seconds
2015-03-07T19:11:08.528+0000: 14.168: Total time for which application threads were stopped: 0.0012723 seconds, Stopping threads took: 0.0008123 seconds
2015-03-07T19:11:08.530+0000: 14.170: Total time for which application threads were stopped: 0.0008869 seconds, Stopping threads took: 0.0004039 seconds
2015-03-07T19:11:08.532+0000: 14.172: Total time for which application threads were stopped: 0.0006375 seconds, Stopping threads took: 0.0001920 seconds
2015-03-07T19:11:08.533+0000: 14.173: Total time for which application threads were stopped: 0.0005724 seconds, Stopping threads took: 0.0001419 seconds
2015-03-07T19:11:08.549+0000: 14.189: [GC concurrent-mark-end, 0.0763604 secs]
2015-03-07T19:11:08.550+0000: 14.190: [GC remark 14.190: [Finalize Marking, 0.0019609 secs] 14.192: [GC ref-proc, 0.0023432 secs] 14.194: [Unloading, 0.0125282 secs], 0.0193856 secs]
 [Times: user=0.29 sys=0.01, real=0.02 secs] 
2015-03-07T19:11:08.569+0000: 14.209: Total time for which application threads were stopped: 0.0201313 seconds, Stopping threads took: 0.0000899 seconds
2015-03-07T19:11:08.570+0000: 14.210: [GC cleanup 1046M->1040M(12G), 0.0039020 secs]
 [Times: user=0.05 sys=0.00, real=0.01 secs] 
2015-03-07T19:11:08.574+0000: 14.214: Total time for which application threads were stopped: 0.0047670 seconds, Stopping threads took: 0.0002257 seconds
2015-03-07T19:11:08.574+0000: 14.214: [GC concurrent-cleanup-start]
2015-03-07T19:11:08.575+0000: 14.214: [GC concurrent-cleanup-end, 0.0000389 secs]
2015-03-07T19:11:08.595+0000: 14.235: Total time for which application threads were stopped: 0.0030392 seconds, Stopping threads took: 0.0003602 seconds
2015-03-07T19:11:08.618+0000: 14.258: Total time for which application threads were stopped: 0.0027236 seconds, Stopping threads took: 0.0003322 seconds
2015-03-07T19:11:08.622+0000: 14.262: Total time for which application threads were stopped: 0.0026474 seconds, Stopping threads took: 0.0010635 seconds
2015-03-07T19:11:09.314+0000: 14.954: Total time for which application threads were stopped: 0.0021508 seconds, Stopping threads took: 0.0001062 seconds
2015-03-07T19:11:10.315+0000: 15.955: Total time for which application threads were stopped: 0.0003901 seconds, Stopping threads took: 0.0000859 seconds
2015-03-07T19:11:10.623+0000: 16.263: Total time for which application threads were stopped: 0.0004897 seconds, Stopping threads took: 0.0000929 seconds
2015-03-07T19:11:10.646+0000: 16.286: Total time for which application threads were stopped: 0.0010156 seconds, Stopping threads took: 0.0003981 seconds
2015-03-07T19:11:10.658+0000: 16.298: Total time for which application threads were stopped: 0.0008312 seconds, Stopping threads took: 0.0001973 seconds
2015-03-07T19:11:10.666+0000: 16.306: Total time for which application threads were stopped: 0.0007715 seconds, Stopping threads took: 0.0002836 seconds
2015-03-07T19:11:10.668+0000: 16.308: Total time for which application threads were stopped: 0.0008660 seconds, Stopping threads took: 0.0003365 seconds
2015-03-07T19:11:10.669+0000: 16.309: Total time for which application threads were stopped: 0.0006977 seconds, Stopping threads took: 0.0002795 seconds
2015-03-07T19:11:10.670+0000: 16.310: Total time for which application threads were stopped: 0.0008400 seconds, Stopping threads took: 0.0003965 seconds
2015-03-07T19:11:10.672+0000: 16.312: Total time for which application threads were stopped: 0.0006951 seconds, Stopping threads took: 0.0002371 seconds
2015-03-07T19:11:10.673+0000: 16.313: Total time for which application threads were stopped: 0.0006479 seconds, Stopping threads took: 0.0002063 seconds
2015-03-07T19:11:10.673+0000: 16.313: Total time for which application threads were stopped: 0.0005247 seconds, Stopping threads took: 0.0001278 seconds
2015-03-07T19:11:10.676+0000: 16.316: Total time for which application threads were stopped: 0.0022065 seconds, Stopping threads took: 0.0002498 seconds
2015-03-07T19:11:10.686+0000: 16.326: Total time for which application threads were stopped: 0.0006677 seconds, Stopping threads took: 0.0001871 seconds
2015-03-07T19:11:10.688+0000: 16.328: Total time for which application threads were stopped: 0.0005693 seconds, Stopping threads took: 0.0001370 seconds
2015-03-07T19:11:10.692+0000: 16.331: Total time for which application threads were stopped: 0.0005721 seconds, Stopping threads took: 0.0001440 seconds
2015-03-07T19:11:10.692+0000: 16.332: Total time for which application threads were stopped: 0.0005945 seconds, Stopping threads took: 0.0001398 seconds
2015-03-07T19:11:10.695+0000: 16.334: Total time for which application threads were stopped: 0.0006409 seconds, Stopping threads took: 0.0002289 seconds
2015-03-07T19:11:10.696+0000: 16.335: Total time for which application threads were stopped: 0.0006415 seconds, Stopping threads took: 0.0001902 seconds
2015-03-07T19:11:10.697+0000: 16.336: Total time for which application threads were stopped: 0.0006089 seconds, Stopping threads took: 0.0002051 seconds
2015-03-07T19:11:10.698+0000: 16.338: Total time for which application threads were stopped: 0.0004961 seconds, Stopping threads took: 0.0001131 seconds
2015-03-07T19:11:10.699+0000: 16.339: Total time for which application threads were stopped: 0.0005016 seconds, Stopping threads took: 0.0001232 seconds
2015-03-07T19:11:10.700+0000: 16.340: Total time for which application threads were stopped: 0.0006449 seconds, Stopping threads took: 0.0001644 seconds
2015-03-07T19:11:10.701+0000: 16.340: Total time for which application threads were stopped: 0.0005579 seconds, Stopping threads took: 0.0001665 seconds
2015-03-07T19:11:10.701+0000: 16.341: Total time for which application threads were stopped: 0.0005551 seconds, Stopping threads took: 0.0001574 seconds
2015-03-07T19:11:10.702+0000: 16.342: Total time for which application threads were stopped: 0.0005295 seconds, Stopping threads took: 0.0001342 seconds
2015-03-07T19:11:10.703+0000: 16.343: Total time for which application threads were stopped: 0.0005094 seconds, Stopping threads took: 0.0001307 seconds
2015-03-07T19:11:10.704+0000: 16.344: Total time for which application threads were stopped: 0.0005070 seconds, Stopping threads took: 0.0001305 seconds
2015-03-07T19:11:10.705+0000: 16.345: Total time for which application threads were stopped: 0.0004526 seconds, Stopping threads took: 0.0000889 seconds
2015-03-07T19:11:10.706+0000: 16.346: Total time for which application threads were stopped: 0.0004524 seconds, Stopping threads took: 0.0000911 seconds
2015-03-07T19:11:10.707+0000: 16.347: Total time for which application threads were stopped: 0.0004759 seconds, Stopping threads took: 0.0001138 seconds
2015-03-07T19:11:10.707+0000: 16.347: Total time for which application threads were stopped: 0.0004657 seconds, Stopping threads took: 0.0001003 seconds
2015-03-07T19:11:10.709+0000: 16.349: Total time for which application threads were stopped: 0.0016770 seconds, Stopping threads took: 0.0001066 seconds
2015-03-07T19:11:11.710+0000: 17.350: Total time for which application threads were stopped: 0.0006651 seconds, Stopping threads took: 0.0001489 seconds
2015-03-07T19:11:14.010+0000: 19.650: Total time for which application threads were stopped: 0.0009543 seconds, Stopping threads took: 0.0002742 seconds
2015-03-07T19:11:15.011+0000: 20.651: Total time for which application threads were stopped: 0.0008188 seconds, Stopping threads took: 0.0001719 seconds
2015-03-07T19:11:16.012+0000: 21.652: Total time for which application threads were stopped: 0.0004121 seconds, Stopping threads took: 0.0000882 seconds
2015-03-07T19:11:16.733+0000: 22.373: Total time for which application threads were stopped: 0.0008532 seconds, Stopping threads took: 0.0002108 seconds
2015-03-07T19:11:16.735+0000: 22.374: Total time for which application threads were stopped: 0.0005193 seconds, Stopping threads took: 0.0001346 seconds
2015-03-07T19:11:16.739+0000: 22.378: Total time for which application threads were stopped: 0.0005678 seconds, Stopping threads took: 0.0001689 seconds
2015-03-07T19:11:16.740+0000: 22.380: Total time for which application threads were stopped: 0.0005112 seconds, Stopping threads took: 0.0001266 seconds
2015-03-07T19:11:17.740+0000: 23.380: Total time for which application threads were stopped: 0.0004700 seconds, Stopping threads took: 0.0000982 seconds
2015-03-07T19:11:23.742+0000: 29.382: Total time for which application threads were stopped: 0.0006912 seconds, Stopping threads took: 0.0001491 seconds
2015-03-07T19:11:26.751+0000: 32.391: Total time for which application threads were stopped: 0.0004336 seconds, Stopping threads took: 0.0000689 seconds
2015-03-07T19:11:26.752+0000: 32.392: Total time for which application threads were stopped: 0.0003857 seconds, Stopping threads took: 0.0000476 seconds
2015-03-07T19:11:26.753+0000: 32.393: Total time for which application threads were stopped: 0.0004265 seconds, Stopping threads took: 0.0000470 seconds
2015-03-07T19:11:26.754+0000: 32.394: Total time for which application threads were stopped: 0.0004257 seconds, Stopping threads took: 0.0000905 seconds
2015-03-07T19:11:26.755+0000: 32.394: Total time for which application threads were stopped: 0.0003786 seconds, Stopping threads took: 0.0000393 seconds
2015-03-07T19:11:26.755+0000: 32.395: Total time for which application threads were stopped: 0.0003590 seconds, Stopping threads took: 0.0000373 seconds
2015-03-07T19:11:26.757+0000: 32.397: Total time for which application threads were stopped: 0.0004030 seconds, Stopping threads took: 0.0000478 seconds
2015-03-07T19:11:26.763+0000: 32.403: Total time for which application threads were stopped: 0.0005218 seconds, Stopping threads took: 0.0001247 seconds
2015-03-07T19:11:26.763+0000: 32.403: Total time for which application threads were stopped: 0.0004367 seconds, Stopping threads took: 0.0000690 seconds
2015-03-07T19:11:26.770+0000: 32.410: Total time for which application threads were stopped: 0.0005404 seconds, Stopping threads took: 0.0001503 seconds
2015-03-07T19:11:26.771+0000: 32.411: Total time for which application threads were stopped: 0.0004668 seconds, Stopping threads took: 0.0000753 seconds
2015-03-07T19:11:26.773+0000: 32.412: Total time for which application threads were stopped: 0.0004776 seconds, Stopping threads took: 0.0000825 seconds
2015-03-07T19:11:26.775+0000: 32.414: Total time for which application threads were stopped: 0.0016155 seconds, Stopping threads took: 0.0000416 seconds
2015-03-07T19:11:27.775+0000: 33.415: Total time for which application threads were stopped: 0.0004883 seconds, Stopping threads took: 0.0000928 seconds
2015-03-07T19:11:31.751+0000: 37.390: Total time for which application threads were stopped: 0.0006969 seconds, Stopping threads took: 0.0001422 seconds
2015-03-07T19:11:31.752+0000: 37.391: Total time for which application threads were stopped: 0.0004427 seconds, Stopping threads took: 0.0000743 seconds
2015-03-07T19:11:31.752+0000: 37.392: Total time for which application threads were stopped: 0.0004067 seconds, Stopping threads took: 0.0000577 seconds
2015-03-07T19:11:31.753+0000: 37.392: Total time for which application threads were stopped: 0.0004192 seconds, Stopping threads took: 0.0000467 seconds
2015-03-07T19:11:31.753+0000: 37.393: Total time for which application threads were stopped: 0.0003891 seconds, Stopping threads took: 0.0000437 seconds
2015-03-07T19:11:31.754+0000: 37.394: Total time for which application threads were stopped: 0.0004705 seconds, Stopping threads took: 0.0000979 seconds
2015-03-07T19:11:31.755+0000: 37.395: Total time for which application threads were stopped: 0.0004284 seconds, Stopping threads took: 0.0000741 seconds
2015-03-07T19:11:31.756+0000: 37.396: Total time for which application threads were stopped: 0.0004608 seconds, Stopping threads took: 0.0000953 seconds
2015-03-07T19:11:31.756+0000: 37.396: Total time for which application threads were stopped: 0.0004345 seconds, Stopping threads took: 0.0000688 seconds
2015-03-07T19:11:31.757+0000: 37.397: Total time for which application threads were stopped: 0.0004393 seconds, Stopping threads took: 0.0000840 seconds
2015-03-07T19:11:31.758+0000: 37.398: Total time for which application threads were stopped: 0.0004002 seconds, Stopping threads took: 0.0000725 seconds
2015-03-07T19:11:31.759+0000: 37.398: Total time for which application threads were stopped: 0.0003870 seconds, Stopping threads took: 0.0000500 seconds
2015-03-07T19:11:31.759+0000: 37.399: Total time for which application threads were stopped: 0.0003682 seconds, Stopping threads took: 0.0000413 seconds
2015-03-07T19:11:31.774+0000: 37.414: Total time for which application threads were stopped: 0.0004332 seconds, Stopping threads took: 0.0001002 seconds
2015-03-07T19:11:31.775+0000: 37.415: Total time for which application threads were stopped: 0.0003934 seconds, Stopping threads took: 0.0000485 seconds
2015-03-07T19:11:31.776+0000: 37.416: Total time for which application threads were stopped: 0.0004538 seconds, Stopping threads took: 0.0000897 seconds
2015-03-07T19:11:31.777+0000: 37.416: Total time for which application threads were stopped: 0.0004256 seconds, Stopping threads took: 0.0000949 seconds
2015-03-07T19:11:31.777+0000: 37.417: Total time for which application threads were stopped: 0.0004020 seconds, Stopping threads took: 0.0000671 seconds
2015-03-07T19:11:31.778+0000: 37.418: Total time for which application threads were stopped: 0.0003977 seconds, Stopping threads took: 0.0000653 seconds
2015-03-07T19:11:31.778+0000: 37.418: Total time for which application threads were stopped: 0.0004123 seconds, Stopping threads took: 0.0000678 seconds
2015-03-07T19:11:31.779+0000: 37.419: Total time for which application threads were stopped: 0.0003677 seconds, Stopping threads took: 0.0000382 seconds
2015-03-07T19:11:31.780+0000: 37.419: Total time for which application threads were stopped: 0.0003644 seconds, Stopping threads took: 0.0000359 seconds
2015-03-07T19:11:40.150+0000: 45.790: Total time for which application threads were stopped: 0.0005391 seconds, Stopping threads took: 0.0000888 seconds
2015-03-07T19:11:40.151+0000: 45.791: Total time for which application threads were stopped: 0.0003819 seconds, Stopping threads took: 0.0000449 seconds
2015-03-07T19:11:40.153+0000: 45.792: Total time for which application threads were stopped: 0.0004932 seconds, Stopping threads took: 0.0001001 seconds
2015-03-07T19:11:40.173+0000: 45.812: Total time for which application threads were stopped: 0.0006099 seconds, Stopping threads took: 0.0001399 seconds
2015-03-07T19:11:49.682+0000: 55.322: Total time for which application threads were stopped: 0.0008066 seconds, Stopping threads took: 0.0002387 seconds
2015-03-07T19:11:49.684+0000: 55.324: Total time for which application threads were stopped: 0.0005380 seconds, Stopping threads took: 0.0001499 seconds
2015-03-07T19:11:49.688+0000: 55.327: Total time for which application threads were stopped: 0.0006017 seconds, Stopping threads took: 0.0002017 seconds
2015-03-07T19:11:50.481+0000: 56.121: Total time for which application threads were stopped: 0.0004149 seconds, Stopping threads took: 0.0000517 seconds
2015-03-07T19:11:50.482+0000: 56.122: Total time for which application threads were stopped: 0.0004493 seconds, Stopping threads took: 0.0000517 seconds
2015-03-07T19:11:50.487+0000: 56.127: Total time for which application threads were stopped: 0.0019527 seconds, Stopping threads took: 0.0001296 seconds
2015-03-07T19:11:50.489+0000: 56.129: Total time for which application threads were stopped: 0.0005275 seconds, Stopping threads took: 0.0001358 seconds
2015-03-07T19:11:50.505+0000: 56.145: Total time for which application threads were stopped: 0.0006019 seconds, Stopping threads took: 0.0001713 seconds
2015-03-07T19:11:50.679+0000: 56.318: Total time for which application threads were stopped: 0.0004777 seconds, Stopping threads took: 0.0001039 seconds
2015-03-07T19:11:50.679+0000: 56.319: Total time for which application threads were stopped: 0.0003907 seconds, Stopping threads took: 0.0000456 seconds
2015-03-07T19:11:50.682+0000: 56.322: Total time for which application threads were stopped: 0.0004757 seconds, Stopping threads took: 0.0000970 seconds
2015-03-07T19:11:50.683+0000: 56.323: Total time for which application threads were stopped: 0.0004500 seconds, Stopping threads took: 0.0000827 seconds
2015-03-07T19:11:51.967+0000: 57.606: Total time for which application threads were stopped: 0.0006844 seconds, Stopping threads took: 0.0001596 seconds
2015-03-07T19:11:52.228+0000: 57.867: Total time for which application threads were stopped: 0.0004902 seconds, Stopping threads took: 0.0000724 seconds
2015-03-07T19:11:52.229+0000: 57.868: Total time for which application threads were stopped: 0.0004738 seconds, Stopping threads took: 0.0000804 seconds
2015-03-07T19:11:52.231+0000: 57.871: Total time for which application threads were stopped: 0.0005111 seconds, Stopping threads took: 0.0001330 seconds
2015-03-07T19:11:52.231+0000: 57.871: Total time for which application threads were stopped: 0.0004970 seconds, Stopping threads took: 0.0001211 seconds
2015-03-07T19:11:52.232+0000: 57.872: Total time for which application threads were stopped: 0.0004741 seconds, Stopping threads took: 0.0001091 seconds
2015-03-07T19:11:52.278+0000: 57.917: Total time for which application threads were stopped: 0.0004599 seconds, Stopping threads took: 0.0001006 seconds
2015-03-07T19:11:52.278+0000: 57.918: Total time for which application threads were stopped: 0.0004589 seconds, Stopping threads took: 0.0000567 seconds
2015-03-07T19:11:52.367+0000: 58.007: Total time for which application threads were stopped: 0.0004442 seconds, Stopping threads took: 0.0000986 seconds
2015-03-07T19:11:52.368+0000: 58.008: Total time for which application threads were stopped: 0.0003860 seconds, Stopping threads took: 0.0000456 seconds
2015-03-07T19:11:52.402+0000: 58.042: Total time for which application threads were stopped: 0.0004455 seconds, Stopping threads took: 0.0001029 seconds
2015-03-07T19:11:52.403+0000: 58.043: Total time for which application threads were stopped: 0.0004993 seconds, Stopping threads took: 0.0001190 seconds
2015-03-07T19:11:52.405+0000: 58.045: Total time for which application threads were stopped: 0.0004985 seconds, Stopping threads took: 0.0001318 seconds
2015-03-07T19:11:52.406+0000: 58.046: Total time for which application threads were stopped: 0.0005291 seconds, Stopping threads took: 0.0001472 seconds
2015-03-07T19:11:52.407+0000: 58.047: Total time for which application threads were stopped: 0.0004365 seconds, Stopping threads took: 0.0000843 seconds
2015-03-07T19:11:52.797+0000: 58.437: Total time for which application threads were stopped: 0.0005533 seconds, Stopping threads took: 0.0001106 seconds
2015-03-07T19:11:52.798+0000: 58.438: Total time for which application threads were stopped: 0.0004923 seconds, Stopping threads took: 0.0001152 seconds
2015-03-07T19:11:52.910+0000: 58.550: Total time for which application threads were stopped: 0.0005630 seconds, Stopping threads took: 0.0001214 seconds
2015-03-07T19:11:52.911+0000: 58.551: Total time for which application threads were stopped: 0.0003967 seconds, Stopping threads took: 0.0000454 seconds
2015-03-07T19:11:52.913+0000: 58.553: Total time for which application threads were stopped: 0.0003957 seconds, Stopping threads took: 0.0000458 seconds
2015-03-07T19:11:53.036+0000: 58.676: Total time for which application threads were stopped: 0.0004876 seconds, Stopping threads took: 0.0000958 seconds
2015-03-07T19:11:53.037+0000: 58.677: Total time for which application threads were stopped: 0.0003868 seconds, Stopping threads took: 0.0000458 seconds
2015-03-07T19:11:53.136+0000: 58.776: Total time for which application threads were stopped: 0.0005384 seconds, Stopping threads took: 0.0001492 seconds
2015-03-07T19:11:53.258+0000: 58.898: Total time for which application threads were stopped: 0.0004971 seconds, Stopping threads took: 0.0001248 seconds
2015-03-07T19:11:53.329+0000: 58.969: Total time for which application threads were stopped: 0.0004606 seconds, Stopping threads took: 0.0001032 seconds
2015-03-07T19:11:53.427+0000: 59.066: Total time for which application threads were stopped: 0.0004694 seconds, Stopping threads took: 0.0000965 seconds
2015-03-07T19:11:53.427+0000: 59.067: Total time for which application threads were stopped: 0.0004009 seconds, Stopping threads took: 0.0000456 seconds
2015-03-07T19:11:53.502+0000: 59.141: Total time for which application threads were stopped: 0.0005293 seconds, Stopping threads took: 0.0001220 seconds
2015-03-07T19:11:53.503+0000: 59.142: Total time for which application threads were stopped: 0.0005383 seconds, Stopping threads took: 0.0001484 seconds
2015-03-07T19:11:53.570+0000: 59.210: Total time for which application threads were stopped: 0.0004393 seconds, Stopping threads took: 0.0000920 seconds
2015-03-07T19:11:53.679+0000: 59.318: Total time for which application threads were stopped: 0.0004628 seconds, Stopping threads took: 0.0000959 seconds
2015-03-07T19:11:53.679+0000: 59.319: Total time for which application threads were stopped: 0.0004017 seconds, Stopping threads took: 0.0000459 seconds
2015-03-07T19:11:53.779+0000: 59.419: Total time for which application threads were stopped: 0.0005456 seconds, Stopping threads took: 0.0001111 seconds
2015-03-07T19:11:53.842+0000: 59.481: Total time for which application threads were stopped: 0.0013764 seconds, Stopping threads took: 0.0009468 seconds
2015-03-07T19:11:53.954+0000: 59.594: Total time for which application threads were stopped: 0.0004627 seconds, Stopping threads took: 0.0001031 seconds
2015-03-07T19:11:53.955+0000: 59.595: Total time for which application threads were stopped: 0.0004354 seconds, Stopping threads took: 0.0000456 seconds
2015-03-07T19:11:54.064+0000: 59.704: Total time for which application threads were stopped: 0.0006036 seconds, Stopping threads took: 0.0001711 seconds
2015-03-07T19:11:54.218+0000: 59.858: Total time for which application threads were stopped: 0.0004543 seconds, Stopping threads took: 0.0001002 seconds
2015-03-07T19:11:54.219+0000: 59.859: Total time for which application threads were stopped: 0.0003852 seconds, Stopping threads took: 0.0000535 seconds
2015-03-07T19:11:54.277+0000: 59.916: Total time for which application threads were stopped: 0.0006511 seconds, Stopping threads took: 0.0001932 seconds
2015-03-07T19:11:54.469+0000: 60.109: Total time for which application threads were stopped: 0.0017126 seconds, Stopping threads took: 0.0001088 seconds
2015-03-07T19:11:54.471+0000: 60.110: Total time for which application threads were stopped: 0.0011742 seconds, Stopping threads took: 0.0000384 seconds
2015-03-07T19:11:54.487+0000: 60.127: Total time for which application threads were stopped: 0.0005020 seconds, Stopping threads took: 0.0001300 seconds
2015-03-07T19:11:54.615+0000: 60.255: Total time for which application threads were stopped: 0.0004449 seconds, Stopping threads took: 0.0000980 seconds
2015-03-07T19:11:54.616+0000: 60.255: Total time for which application threads were stopped: 0.0004474 seconds, Stopping threads took: 0.0000677 seconds
2015-03-07T19:11:54.660+0000: 60.300: Total time for which application threads were stopped: 0.0004487 seconds, Stopping threads took: 0.0001006 seconds
2015-03-07T19:11:54.660+0000: 60.300: Total time for which application threads were stopped: 0.0003854 seconds, Stopping threads took: 0.0000402 seconds
2015-03-07T19:11:54.708+0000: 60.347: Total time for which application threads were stopped: 0.0004652 seconds, Stopping threads took: 0.0000983 seconds
2015-03-07T19:11:54.788+0000: 60.428: Total time for which application threads were stopped: 0.0004551 seconds, Stopping threads took: 0.0000939 seconds
2015-03-07T19:11:54.946+0000: 60.586: Total time for which application threads were stopped: 0.0042676 seconds, Stopping threads took: 0.0038748 seconds
2015-03-07T19:11:54.959+0000: 60.599: Total time for which application threads were stopped: 0.0127178 seconds, Stopping threads took: 0.0123044 seconds
2015-03-07T19:11:55.058+0000: 60.698: Total time for which application threads were stopped: 0.0065631 seconds, Stopping threads took: 0.0061274 seconds
2015-03-07T19:11:55.258+0000: 60.898: Total time for which application threads were stopped: 0.0197483 seconds, Stopping threads took: 0.0192665 seconds
2015-03-07T19:11:55.294+0000: 60.934: Total time for which application threads were stopped: 0.0354446 seconds, Stopping threads took: 0.0350274 seconds
2015-03-07T19:11:55.360+0000: 61.000: Total time for which application threads were stopped: 0.0008837 seconds, Stopping threads took: 0.0004545 seconds
2015-03-07T19:11:55.381+0000: 61.021: Total time for which application threads were stopped: 0.0005084 seconds, Stopping threads took: 0.0001381 seconds
2015-03-07T19:11:55.381+0000: 61.021: Total time for which application threads were stopped: 0.0003734 seconds, Stopping threads took: 0.0000541 seconds
2015-03-07T19:11:55.383+0000: 61.023: Total time for which application threads were stopped: 0.0004395 seconds, Stopping threads took: 0.0000943 seconds
2015-03-07T19:11:55.383+0000: 61.023: Total time for which application threads were stopped: 0.0003832 seconds, Stopping threads took: 0.0000539 seconds
2015-03-07T19:11:55.384+0000: 61.024: Total time for which application threads were stopped: 0.0004523 seconds, Stopping threads took: 0.0001185 seconds
2015-03-07T19:11:55.385+0000: 61.024: Total time for which application threads were stopped: 0.0005191 seconds, Stopping threads took: 0.0001347 seconds
2015-03-07T19:11:55.385+0000: 61.025: Total time for which application threads were stopped: 0.0004106 seconds, Stopping threads took: 0.0000893 seconds
2015-03-07T19:11:55.386+0000: 61.025: Total time for which application threads were stopped: 0.0004115 seconds, Stopping threads took: 0.0000790 seconds
2015-03-07T19:11:55.386+0000: 61.026: Total time for which application threads were stopped: 0.0004070 seconds, Stopping threads took: 0.0000904 seconds
2015-03-07T19:11:55.387+0000: 61.027: Total time for which application threads were stopped: 0.0004266 seconds, Stopping threads took: 0.0000844 seconds
2015-03-07T19:11:55.389+0000: 61.029: Total time for which application threads were stopped: 0.0003490 seconds, Stopping threads took: 0.0000436 seconds
2015-03-07T19:11:55.856+0000: 61.495: Total time for which application threads were stopped: 0.0004620 seconds, Stopping threads took: 0.0000841 seconds
2015-03-07T19:11:55.888+0000: 61.528: Total time for which application threads were stopped: 0.0004764 seconds, Stopping threads took: 0.0000958 seconds
2015-03-07T19:11:56.658+0000: 62.297: Total time for which application threads were stopped: 0.0007873 seconds, Stopping threads took: 0.0001575 seconds
2015-03-07T19:11:56.872+0000: 62.511: Total time for which application threads were stopped: 0.0005214 seconds, Stopping threads took: 0.0000951 seconds
2015-03-07T19:11:57.509+0000: 63.149: Total time for which application threads were stopped: 0.0005359 seconds, Stopping threads took: 0.0001247 seconds
2015-03-07T19:11:57.682+0000: 63.322: Total time for which application threads were stopped: 0.0004615 seconds, Stopping threads took: 0.0000976 seconds
2015-03-07T19:11:57.896+0000: 63.536: Total time for which application threads were stopped: 0.0004561 seconds, Stopping threads took: 0.0000938 seconds
2015-03-07T19:11:58.015+0000: 63.655: Total time for which application threads were stopped: 0.0004516 seconds, Stopping threads took: 0.0000986 seconds
2015-03-07T19:11:58.256+0000: 63.896: Total time for which application threads were stopped: 0.0006132 seconds, Stopping threads took: 0.0001613 seconds
2015-03-07T19:11:58.618+0000: 64.257: Total time for which application threads were stopped: 0.0006312 seconds, Stopping threads took: 0.0001883 seconds
2015-03-07T19:11:58.793+0000: 64.433: Total time for which application threads were stopped: 0.0005269 seconds, Stopping threads took: 0.0001056 seconds
2015-03-07T19:11:58.942+0000: 64.582: Total time for which application threads were stopped: 0.0004422 seconds, Stopping threads took: 0.0000886 seconds
2015-03-07T19:11:59.158+0000: 64.797: Total time for which application threads were stopped: 0.0004703 seconds, Stopping threads took: 0.0000998 seconds
2015-03-07T19:11:59.338+0000: 64.978: Total time for which application threads were stopped: 0.0004192 seconds, Stopping threads took: 0.0000741 seconds
2015-03-07T19:11:59.339+0000: 64.979: Total time for which application threads were stopped: 0.0003751 seconds, Stopping threads took: 0.0000401 seconds
2015-03-07T19:11:59.340+0000: 64.980: Total time for which application threads were stopped: 0.0003912 seconds, Stopping threads took: 0.0000450 seconds
2015-03-07T19:11:59.567+0000: 65.207: Total time for which application threads were stopped: 0.0004555 seconds, Stopping threads took: 0.0000946 seconds
2015-03-07T19:11:59.624+0000: 65.264: Total time for which application threads were stopped: 0.0006808 seconds, Stopping threads took: 0.0001872 seconds
2015-03-07T19:11:59.666+0000: 65.306: Total time for which application threads were stopped: 0.0005493 seconds, Stopping threads took: 0.0001481 seconds
2015-03-07T19:12:00.490+0000: 66.130: Total time for which application threads were stopped: 0.0006317 seconds, Stopping threads took: 0.0001780 seconds
2015-03-07T19:12:00.639+0000: 66.279: Total time for which application threads were stopped: 0.0017980 seconds, Stopping threads took: 0.0000990 seconds
2015-03-07T19:12:00.675+0000: 66.314: Total time for which application threads were stopped: 0.0005248 seconds, Stopping threads took: 0.0000849 seconds
2015-03-07T19:12:00.676+0000: 66.316: Total time for which application threads were stopped: 0.0012051 seconds, Stopping threads took: 0.0008193 seconds
2015-03-07T19:12:00.683+0000: 66.323: Total time for which application threads were stopped: 0.0009921 seconds, Stopping threads took: 0.0005787 seconds
2015-03-07T19:12:00.684+0000: 66.324: Total time for which application threads were stopped: 0.0006408 seconds, Stopping threads took: 0.0002480 seconds
2015-03-07T19:12:00.686+0000: 66.326: Total time for which application threads were stopped: 0.0005201 seconds, Stopping threads took: 0.0000859 seconds
2015-03-07T19:12:00.689+0000: 66.329: Total time for which application threads were stopped: 0.0005617 seconds, Stopping threads took: 0.0001623 seconds
2015-03-07T19:12:00.689+0000: 66.329: Total time for which application threads were stopped: 0.0004676 seconds, Stopping threads took: 0.0000729 seconds
2015-03-07T19:12:00.692+0000: 66.331: Total time for which application threads were stopped: 0.0005284 seconds, Stopping threads took: 0.0001100 seconds
2015-03-07T19:12:00.709+0000: 66.349: Total time for which application threads were stopped: 0.0006548 seconds, Stopping threads took: 0.0001735 seconds
2015-03-07T19:12:00.714+0000: 66.353: Total time for which application threads were stopped: 0.0005391 seconds, Stopping threads took: 0.0001394 seconds
2015-03-07T19:12:00.715+0000: 66.354: Total time for which application threads were stopped: 0.0005729 seconds, Stopping threads took: 0.0001749 seconds
2015-03-07T19:12:00.757+0000: 66.397: Total time for which application threads were stopped: 0.0004741 seconds, Stopping threads took: 0.0000991 seconds
2015-03-07T19:12:00.866+0000: 66.506: Total time for which application threads were stopped: 0.0006052 seconds, Stopping threads took: 0.0001881 seconds
2015-03-07T19:12:00.879+0000: 66.518: Total time for which application threads were stopped: 0.0007290 seconds, Stopping threads took: 0.0002231 seconds
2015-03-07T19:12:00.883+0000: 66.523: Total time for which application threads were stopped: 0.0005469 seconds, Stopping threads took: 0.0001332 seconds
2015-03-07T19:12:00.890+0000: 66.530: Total time for which application threads were stopped: 0.0015332 seconds, Stopping threads took: 0.0000553 seconds
2015-03-07T19:12:00.973+0000: 66.613: Total time for which application threads were stopped: 0.0004863 seconds, Stopping threads took: 0.0001026 seconds
2015-03-07T19:12:00.975+0000: 66.615: Total time for which application threads were stopped: 0.0015935 seconds, Stopping threads took: 0.0000504 seconds
2015-03-07T19:12:01.099+0000: 66.739: Total time for which application threads were stopped: 0.0004352 seconds, Stopping threads took: 0.0000804 seconds
2015-03-07T19:12:01.100+0000: 66.740: Total time for which application threads were stopped: 0.0003940 seconds, Stopping threads took: 0.0000446 seconds
2015-03-07T19:12:01.104+0000: 66.744: Total time for which application threads were stopped: 0.0004879 seconds, Stopping threads took: 0.0001047 seconds
2015-03-07T19:12:01.284+0000: 66.924: Total time for which application threads were stopped: 0.0004830 seconds, Stopping threads took: 0.0001241 seconds
2015-03-07T19:12:01.285+0000: 66.925: Total time for which application threads were stopped: 0.0004560 seconds, Stopping threads took: 0.0000979 seconds
2015-03-07T19:12:01.292+0000: 66.932: Total time for which application threads were stopped: 0.0006018 seconds, Stopping threads took: 0.0000985 seconds
2015-03-07T19:12:01.293+0000: 66.933: Total time for which application threads were stopped: 0.0006920 seconds, Stopping threads took: 0.0000566 seconds
2015-03-07T19:12:01.298+0000: 66.938: Total time for which application threads were stopped: 0.0006647 seconds, Stopping threads took: 0.0001253 seconds
2015-03-07T19:12:01.319+0000: 66.959: Total time for which application threads were stopped: 0.0005440 seconds, Stopping threads took: 0.0001309 seconds
2015-03-07T19:12:01.321+0000: 66.960: Total time for which application threads were stopped: 0.0005930 seconds, Stopping threads took: 0.0001511 seconds
2015-03-07T19:12:01.321+0000: 66.961: Total time for which application threads were stopped: 0.0004545 seconds, Stopping threads took: 0.0000637 seconds
2015-03-07T19:12:01.322+0000: 66.962: Total time for which application threads were stopped: 0.0004746 seconds, Stopping threads took: 0.0000996 seconds
2015-03-07T19:12:01.323+0000: 66.963: Total time for which application threads were stopped: 0.0005508 seconds, Stopping threads took: 0.0001184 seconds
2015-03-07T19:12:01.325+0000: 66.965: Total time for which application threads were stopped: 0.0005462 seconds, Stopping threads took: 0.0001490 seconds
2015-03-07T19:12:01.326+0000: 66.966: Total time for which application threads were stopped: 0.0004951 seconds, Stopping threads took: 0.0001066 seconds
2015-03-07T19:12:01.439+0000: 67.079: Total time for which application threads were stopped: 0.0016485 seconds, Stopping threads took: 0.0001040 seconds
2015-03-07T19:12:01.442+0000: 67.082: Total time for which application threads were stopped: 0.0004646 seconds, Stopping threads took: 0.0000520 seconds
2015-03-07T19:12:01.443+0000: 67.083: Total time for which application threads were stopped: 0.0004215 seconds, Stopping threads took: 0.0000438 seconds
2015-03-07T19:12:01.445+0000: 67.084: Total time for which application threads were stopped: 0.0005124 seconds, Stopping threads took: 0.0001149 seconds
2015-03-07T19:12:01.445+0000: 67.085: Total time for which application threads were stopped: 0.0005430 seconds, Stopping threads took: 0.0000988 seconds
2015-03-07T19:12:01.446+0000: 67.086: Total time for which application threads were stopped: 0.0004889 seconds, Stopping threads took: 0.0000708 seconds
2015-03-07T19:12:01.912+0000: 67.552: Total time for which application threads were stopped: 0.0005881 seconds, Stopping threads took: 0.0001039 seconds
2015-03-07T19:12:01.913+0000: 67.552: Total time for which application threads were stopped: 0.0003948 seconds, Stopping threads took: 0.0000432 seconds
2015-03-07T19:12:01.981+0000: 67.621: Total time for which application threads were stopped: 0.0004275 seconds, Stopping threads took: 0.0000543 seconds
2015-03-07T19:12:01.982+0000: 67.622: Total time for which application threads were stopped: 0.0003979 seconds, Stopping threads took: 0.0000440 seconds
2015-03-07T19:12:01.985+0000: 67.625: Total time for which application threads were stopped: 0.0004783 seconds, Stopping threads took: 0.0000953 seconds
2015-03-07T19:12:01.985+0000: 67.625: Total time for which application threads were stopped: 0.0004433 seconds, Stopping threads took: 0.0000445 seconds
2015-03-07T19:12:01.986+0000: 67.626: Total time for which application threads were stopped: 0.0004233 seconds, Stopping threads took: 0.0000569 seconds
2015-03-07T19:12:01.991+0000: 67.631: Total time for which application threads were stopped: 0.0004758 seconds, Stopping threads took: 0.0001006 seconds
2015-03-07T19:12:02.000+0000: 67.640: Total time for which application threads were stopped: 0.0005566 seconds, Stopping threads took: 0.0001235 seconds
2015-03-07T19:12:02.018+0000: 67.657: Total time for which application threads were stopped: 0.0005450 seconds, Stopping threads took: 0.0000964 seconds
2015-03-07T19:12:02.019+0000: 67.659: Total time for which application threads were stopped: 0.0009135 seconds, Stopping threads took: 0.0005008 seconds
2015-03-07T19:12:02.021+0000: 67.661: Total time for which application threads were stopped: 0.0005598 seconds, Stopping threads took: 0.0001469 seconds
2015-03-07T19:12:02.021+0000: 67.661: Total time for which application threads were stopped: 0.0004984 seconds, Stopping threads took: 0.0000996 seconds
2015-03-07T19:12:02.022+0000: 67.662: Total time for which application threads were stopped: 0.0004471 seconds, Stopping threads took: 0.0000859 seconds
2015-03-07T19:12:02.023+0000: 67.663: Total time for which application threads were stopped: 0.0005287 seconds, Stopping threads took: 0.0001352 seconds
2015-03-07T19:12:02.023+0000: 67.663: Total time for which application threads were stopped: 0.0004693 seconds, Stopping threads took: 0.0000761 seconds
2015-03-07T19:12:02.025+0000: 67.665: Total time for which application threads were stopped: 0.0019590 seconds, Stopping threads took: 0.0001364 seconds
2015-03-07T19:12:02.027+0000: 67.667: Total time for which application threads were stopped: 0.0005941 seconds, Stopping threads took: 0.0001562 seconds
2015-03-07T19:12:02.030+0000: 67.669: Total time for which application threads were stopped: 0.0005917 seconds, Stopping threads took: 0.0001483 seconds
2015-03-07T19:12:02.031+0000: 67.670: Total time for which application threads were stopped: 0.0005290 seconds, Stopping threads took: 0.0001130 seconds
2015-03-07T19:12:02.166+0000: 67.805: Total time for which application threads were stopped: 0.0006651 seconds, Stopping threads took: 0.0001655 seconds
2015-03-07T19:12:02.166+0000: 67.806: Total time for which application threads were stopped: 0.0005208 seconds, Stopping threads took: 0.0001206 seconds
2015-03-07T19:12:02.168+0000: 67.808: Total time for which application threads were stopped: 0.0005295 seconds, Stopping threads took: 0.0001279 seconds
2015-03-07T19:12:02.260+0000: 67.900: Total time for which application threads were stopped: 0.0005998 seconds, Stopping threads took: 0.0001114 seconds
2015-03-07T19:12:02.261+0000: 67.901: Total time for which application threads were stopped: 0.0005184 seconds, Stopping threads took: 0.0001510 seconds
2015-03-07T19:12:02.262+0000: 67.902: Total time for which application threads were stopped: 0.0004145 seconds, Stopping threads took: 0.0000585 seconds
2015-03-07T19:12:02.265+0000: 67.905: Total time for which application threads were stopped: 0.0005780 seconds, Stopping threads took: 0.0000894 seconds
2015-03-07T19:12:02.267+0000: 67.906: Total time for which application threads were stopped: 0.0006465 seconds, Stopping threads took: 0.0001053 seconds
2015-03-07T19:12:02.270+0000: 67.910: Total time for which application threads were stopped: 0.0006716 seconds, Stopping threads took: 0.0001293 seconds
2015-03-07T19:12:02.273+0000: 67.913: Total time for which application threads were stopped: 0.0029854 seconds, Stopping threads took: 0.0001010 seconds
2015-03-07T19:12:02.290+0000: 67.930: Total time for which application threads were stopped: 0.0038364 seconds, Stopping threads took: 0.0033940 seconds
2015-03-07T19:12:02.293+0000: 67.933: Total time for which application threads were stopped: 0.0004470 seconds, Stopping threads took: 0.0000575 seconds
2015-03-07T19:12:02.295+0000: 67.935: Total time for which application threads were stopped: 0.0005649 seconds, Stopping threads took: 0.0001565 seconds
2015-03-07T19:12:02.428+0000: 68.068: Total time for which application threads were stopped: 0.0005910 seconds, Stopping threads took: 0.0000975 seconds
2015-03-07T19:12:02.429+0000: 68.069: Total time for which application threads were stopped: 0.0004812 seconds, Stopping threads took: 0.0000655 seconds
2015-03-07T19:12:02.577+0000: 68.217: Total time for which application threads were stopped: 0.0005718 seconds, Stopping threads took: 0.0000843 seconds
2015-03-07T19:12:02.578+0000: 68.218: Total time for which application threads were stopped: 0.0004063 seconds, Stopping threads took: 0.0000458 seconds
2015-03-07T19:12:02.650+0000: 68.290: Total time for which application threads were stopped: 0.0005022 seconds, Stopping threads took: 0.0000683 seconds
2015-03-07T19:12:02.651+0000: 68.290: Total time for which application threads were stopped: 0.0004201 seconds, Stopping threads took: 0.0000476 seconds
2015-03-07T19:12:02.744+0000: 68.383: Total time for which application threads were stopped: 0.0007965 seconds, Stopping threads took: 0.0001678 seconds
2015-03-07T19:12:02.744+0000: 68.384: Total time for which application threads were stopped: 0.0004935 seconds, Stopping threads took: 0.0000876 seconds
2015-03-07T19:12:02.747+0000: 68.386: Total time for which application threads were stopped: 0.0005212 seconds, Stopping threads took: 0.0001321 seconds
2015-03-07T19:12:02.747+0000: 68.387: Total time for which application threads were stopped: 0.0004320 seconds, Stopping threads took: 0.0000493 seconds
2015-03-07T19:12:02.748+0000: 68.388: Total time for which application threads were stopped: 0.0004353 seconds, Stopping threads took: 0.0000645 seconds
2015-03-07T19:12:02.751+0000: 68.391: Total time for which application threads were stopped: 0.0005310 seconds, Stopping threads took: 0.0001285 seconds
2015-03-07T19:12:02.776+0000: 68.416: Total time for which application threads were stopped: 0.0004684 seconds, Stopping threads took: 0.0000579 seconds
2015-03-07T19:12:02.778+0000: 68.418: Total time for which application threads were stopped: 0.0004868 seconds, Stopping threads took: 0.0000793 seconds
2015-03-07T19:12:02.779+0000: 68.418: Total time for which application threads were stopped: 0.0004803 seconds, Stopping threads took: 0.0000762 seconds
2015-03-07T19:12:02.779+0000: 68.419: Total time for which application threads were stopped: 0.0004107 seconds, Stopping threads took: 0.0000428 seconds
2015-03-07T19:12:02.780+0000: 68.419: Total time for which application threads were stopped: 0.0004776 seconds, Stopping threads took: 0.0000783 seconds
2015-03-07T19:12:02.781+0000: 68.421: Total time for which application threads were stopped: 0.0015968 seconds, Stopping threads took: 0.0000692 seconds
2015-03-07T19:12:02.782+0000: 68.422: Total time for which application threads were stopped: 0.0004510 seconds, Stopping threads took: 0.0000405 seconds
2015-03-07T19:12:02.785+0000: 68.424: Total time for which application threads were stopped: 0.0004411 seconds, Stopping threads took: 0.0000643 seconds
2015-03-07T19:12:02.840+0000: 68.480: Total time for which application threads were stopped: 0.0006972 seconds, Stopping threads took: 0.0001621 seconds
2015-03-07T19:12:02.841+0000: 68.481: Total time for which application threads were stopped: 0.0005307 seconds, Stopping threads took: 0.0001549 seconds
2015-03-07T19:12:02.910+0000: 68.549: Total time for which application threads were stopped: 0.0004674 seconds, Stopping threads took: 0.0001218 seconds
2015-03-07T19:12:02.910+0000: 68.550: Total time for which application threads were stopped: 0.0004656 seconds, Stopping threads took: 0.0000828 seconds
2015-03-07T19:12:02.915+0000: 68.555: Total time for which application threads were stopped: 0.0004820 seconds, Stopping threads took: 0.0001042 seconds
2015-03-07T19:12:02.943+0000: 68.583: Total time for which application threads were stopped: 0.0005116 seconds, Stopping threads took: 0.0001148 seconds
2015-03-07T19:12:02.944+0000: 68.584: Total time for which application threads were stopped: 0.0005276 seconds, Stopping threads took: 0.0001174 seconds
2015-03-07T19:12:02.945+0000: 68.585: Total time for which application threads were stopped: 0.0004318 seconds, Stopping threads took: 0.0000707 seconds
2015-03-07T19:12:02.946+0000: 68.585: Total time for which application threads were stopped: 0.0004793 seconds, Stopping threads took: 0.0000745 seconds
2015-03-07T19:12:02.949+0000: 68.589: Total time for which application threads were stopped: 0.0005705 seconds, Stopping threads took: 0.0001727 seconds
2015-03-07T19:12:02.995+0000: 68.635: Total time for which application threads were stopped: 0.0004538 seconds, Stopping threads took: 0.0000951 seconds
2015-03-07T19:12:03.070+0000: 68.710: Total time for which application threads were stopped: 0.0004244 seconds, Stopping threads took: 0.0000476 seconds
2015-03-07T19:12:03.071+0000: 68.711: Total time for which application threads were stopped: 0.0003818 seconds, Stopping threads took: 0.0000428 seconds
2015-03-07T19:12:03.244+0000: 68.884: Total time for which application threads were stopped: 0.0006132 seconds, Stopping threads took: 0.0000946 seconds
2015-03-07T19:12:03.246+0000: 68.886: Total time for which application threads were stopped: 0.0017558 seconds, Stopping threads took: 0.0000617 seconds
2015-03-07T19:12:03.323+0000: 68.963: Total time for which application threads were stopped: 0.0014212 seconds, Stopping threads took: 0.0000565 seconds
2015-03-07T19:12:03.328+0000: 68.967: Total time for which application threads were stopped: 0.0005633 seconds, Stopping threads took: 0.0001328 seconds
2015-03-07T19:12:03.395+0000: 69.035: Total time for which application threads were stopped: 0.0006774 seconds, Stopping threads took: 0.0001348 seconds
2015-03-07T19:12:03.395+0000: 69.035: Total time for which application threads were stopped: 0.0004947 seconds, Stopping threads took: 0.0000641 seconds
2015-03-07T19:12:03.396+0000: 69.036: Total time for which application threads were stopped: 0.0005744 seconds, Stopping threads took: 0.0001501 seconds
2015-03-07T19:12:03.400+0000: 69.039: Total time for which application threads were stopped: 0.0004781 seconds, Stopping threads took: 0.0000857 seconds
2015-03-07T19:12:03.412+0000: 69.052: Total time for which application threads were stopped: 0.0004483 seconds, Stopping threads took: 0.0000540 seconds
2015-03-07T19:12:03.414+0000: 69.054: Total time for which application threads were stopped: 0.0006319 seconds, Stopping threads took: 0.0001765 seconds
2015-03-07T19:12:03.415+0000: 69.055: Total time for which application threads were stopped: 0.0004327 seconds, Stopping threads took: 0.0000459 seconds
2015-03-07T19:12:03.416+0000: 69.055: Total time for which application threads were stopped: 0.0004981 seconds, Stopping threads took: 0.0000795 seconds
2015-03-07T19:12:03.416+0000: 69.056: Total time for which application threads were stopped: 0.0005872 seconds, Stopping threads took: 0.0001172 seconds
2015-03-07T19:12:03.417+0000: 69.057: Total time for which application threads were stopped: 0.0004327 seconds, Stopping threads took: 0.0000483 seconds
2015-03-07T19:12:03.418+0000: 69.058: Total time for which application threads were stopped: 0.0005606 seconds, Stopping threads took: 0.0001183 seconds
2015-03-07T19:12:03.421+0000: 69.061: Total time for which application threads were stopped: 0.0020152 seconds, Stopping threads took: 0.0001418 seconds
2015-03-07T19:12:03.564+0000: 69.203: Total time for which application threads were stopped: 0.0005090 seconds, Stopping threads took: 0.0001005 seconds
2015-03-07T19:12:03.649+0000: 69.289: Total time for which application threads were stopped: 0.0006114 seconds, Stopping threads took: 0.0001258 seconds
2015-03-07T19:12:03.672+0000: 69.312: Total time for which application threads were stopped: 0.0009814 seconds, Stopping threads took: 0.0002727 seconds
2015-03-07T19:12:03.673+0000: 69.313: Total time for which application threads were stopped: 0.0007105 seconds, Stopping threads took: 0.0001163 seconds
2015-03-07T19:12:03.674+0000: 69.314: Total time for which application threads were stopped: 0.0007821 seconds, Stopping threads took: 0.0001875 seconds
2015-03-07T19:12:03.674+0000: 69.314: Total time for which application threads were stopped: 0.0007214 seconds, Stopping threads took: 0.0001414 seconds
2015-03-07T19:12:03.675+0000: 69.315: Total time for which application threads were stopped: 0.0006390 seconds, Stopping threads took: 0.0000714 seconds
2015-03-07T19:12:03.676+0000: 69.316: Total time for which application threads were stopped: 0.0006119 seconds, Stopping threads took: 0.0000518 seconds
2015-03-07T19:12:03.677+0000: 69.316: Total time for which application threads were stopped: 0.0006282 seconds, Stopping threads took: 0.0000669 seconds
2015-03-07T19:12:03.677+0000: 69.317: Total time for which application threads were stopped: 0.0006712 seconds, Stopping threads took: 0.0000879 seconds
2015-03-07T19:12:03.678+0000: 69.318: Total time for which application threads were stopped: 0.0006255 seconds, Stopping threads took: 0.0000693 seconds
2015-03-07T19:12:03.679+0000: 69.319: Total time for which application threads were stopped: 0.0006612 seconds, Stopping threads took: 0.0000827 seconds
2015-03-07T19:12:03.679+0000: 69.319: Total time for which application threads were stopped: 0.0006712 seconds, Stopping threads took: 0.0000936 seconds
2015-03-07T19:12:03.680+0000: 69.320: Total time for which application threads were stopped: 0.0006941 seconds, Stopping threads took: 0.0001089 seconds
2015-03-07T19:12:03.681+0000: 69.321: Total time for which application threads were stopped: 0.0006798 seconds, Stopping threads took: 0.0001056 seconds
2015-03-07T19:12:03.682+0000: 69.322: Total time for which application threads were stopped: 0.0006327 seconds, Stopping threads took: 0.0000826 seconds
2015-03-07T19:12:03.682+0000: 69.322: Total time for which application threads were stopped: 0.0006440 seconds, Stopping threads took: 0.0000806 seconds
2015-03-07T19:12:03.683+0000: 69.323: Total time for which application threads were stopped: 0.0007305 seconds, Stopping threads took: 0.0001318 seconds
2015-03-07T19:12:03.684+0000: 69.324: Total time for which application threads were stopped: 0.0006489 seconds, Stopping threads took: 0.0000904 seconds
2015-03-07T19:12:03.685+0000: 69.325: Total time for which application threads were stopped: 0.0007298 seconds, Stopping threads took: 0.0001522 seconds
2015-03-07T19:12:03.686+0000: 69.326: Total time for which application threads were stopped: 0.0006673 seconds, Stopping threads took: 0.0000894 seconds
2015-03-07T19:12:03.686+0000: 69.326: Total time for which application threads were stopped: 0.0006529 seconds, Stopping threads took: 0.0000799 seconds
2015-03-07T19:12:03.687+0000: 69.327: Total time for which application threads were stopped: 0.0006663 seconds, Stopping threads took: 0.0000802 seconds
2015-03-07T19:12:03.688+0000: 69.328: Total time for which application threads were stopped: 0.0006342 seconds, Stopping threads took: 0.0000731 seconds
2015-03-07T19:12:03.689+0000: 69.328: Total time for which application threads were stopped: 0.0006346 seconds, Stopping threads took: 0.0000666 seconds
2015-03-07T19:12:03.689+0000: 69.329: Total time for which application threads were stopped: 0.0006380 seconds, Stopping threads took: 0.0000670 seconds
2015-03-07T19:12:03.690+0000: 69.330: Total time for which application threads were stopped: 0.0006212 seconds, Stopping threads took: 0.0000680 seconds
2015-03-07T19:12:03.691+0000: 69.331: Total time for which application threads were stopped: 0.0006407 seconds, Stopping threads took: 0.0000689 seconds
2015-03-07T19:12:03.691+0000: 69.331: Total time for which application threads were stopped: 0.0006499 seconds, Stopping threads took: 0.0000821 seconds
2015-03-07T19:12:03.692+0000: 69.332: Total time for which application threads were stopped: 0.0006915 seconds, Stopping threads took: 0.0001235 seconds
2015-03-07T19:12:03.693+0000: 69.333: Total time for which application threads were stopped: 0.0006272 seconds, Stopping threads took: 0.0000686 seconds
2015-03-07T19:12:03.694+0000: 69.334: Total time for which application threads were stopped: 0.0006230 seconds, Stopping threads took: 0.0000663 seconds
2015-03-07T19:12:03.694+0000: 69.334: Total time for which application threads were stopped: 0.0006377 seconds, Stopping threads took: 0.0000689 seconds
2015-03-07T19:12:03.695+0000: 69.335: Total time for which application threads were stopped: 0.0006191 seconds, Stopping threads took: 0.0000667 seconds
2015-03-07T19:12:03.696+0000: 69.336: Total time for which application threads were stopped: 0.0006258 seconds, Stopping threads took: 0.0000693 seconds
2015-03-07T19:12:03.697+0000: 69.336: Total time for which application threads were stopped: 0.0006391 seconds, Stopping threads took: 0.0000675 seconds
2015-03-07T19:12:03.697+0000: 69.337: Total time for which application threads were stopped: 0.0006217 seconds, Stopping threads took: 0.0000675 seconds
2015-03-07T19:12:03.698+0000: 69.338: Total time for which application threads were stopped: 0.0006163 seconds, Stopping threads took: 0.0000702 seconds
2015-03-07T19:12:03.699+0000: 69.339: Total time for which application threads were stopped: 0.0005997 seconds, Stopping threads took: 0.0000512 seconds
2015-03-07T19:12:03.699+0000: 69.339: Total time for which application threads were stopped: 0.0006150 seconds, Stopping threads took: 0.0000513 seconds
2015-03-07T19:12:03.703+0000: 69.342: Total time for which application threads were stopped: 0.0030506 seconds, Stopping threads took: 0.0000507 seconds
2015-03-07T19:12:03.705+0000: 69.345: Total time for which application threads were stopped: 0.0023026 seconds, Stopping threads took: 0.0000530 seconds
2015-03-07T19:12:03.753+0000: 69.393: Total time for which application threads were stopped: 0.0007316 seconds, Stopping threads took: 0.0001371 seconds
2015-03-07T19:12:03.753+0000: 69.393: Total time for which application threads were stopped: 0.0005180 seconds, Stopping threads took: 0.0000507 seconds
2015-03-07T19:12:03.754+0000: 69.394: Total time for which application threads were stopped: 0.0005091 seconds, Stopping threads took: 0.0000496 seconds
2015-03-07T19:12:03.755+0000: 69.395: Total time for which application threads were stopped: 0.0005047 seconds, Stopping threads took: 0.0000498 seconds
2015-03-07T19:12:03.974+0000: 69.614: Total time for which application threads were stopped: 0.0006827 seconds, Stopping threads took: 0.0001272 seconds
2015-03-07T19:12:03.974+0000: 69.614: Total time for which application threads were stopped: 0.0005211 seconds, Stopping threads took: 0.0000473 seconds
2015-03-07T19:12:03.975+0000: 69.615: Total time for which application threads were stopped: 0.0005088 seconds, Stopping threads took: 0.0000450 seconds
2015-03-07T19:12:03.978+0000: 69.618: Total time for which application threads were stopped: 0.0005794 seconds, Stopping threads took: 0.0000954 seconds
2015-03-07T19:12:03.993+0000: 69.633: Total time for which application threads were stopped: 0.0007243 seconds, Stopping threads took: 0.0001161 seconds
2015-03-07T19:12:03.993+0000: 69.633: Total time for which application threads were stopped: 0.0005788 seconds, Stopping threads took: 0.0000720 seconds
2015-03-07T19:12:03.994+0000: 69.634: Total time for which application threads were stopped: 0.0005700 seconds, Stopping threads took: 0.0000678 seconds
2015-03-07T19:12:03.995+0000: 69.634: Total time for which application threads were stopped: 0.0005885 seconds, Stopping threads took: 0.0000800 seconds
2015-03-07T19:12:03.995+0000: 69.635: Total time for which application threads were stopped: 0.0005871 seconds, Stopping threads took: 0.0000813 seconds
2015-03-07T19:12:03.998+0000: 69.638: Total time for which application threads were stopped: 0.0025449 seconds, Stopping threads took: 0.0001189 seconds
2015-03-07T19:12:04.130+0000: 69.770: Total time for which application threads were stopped: 0.0006054 seconds, Stopping threads took: 0.0000749 seconds
2015-03-07T19:12:04.144+0000: 69.783: Total time for which application threads were stopped: 0.0007190 seconds, Stopping threads took: 0.0001744 seconds
2015-03-07T19:12:04.144+0000: 69.784: Total time for which application threads were stopped: 0.0006195 seconds, Stopping threads took: 0.0001161 seconds
2015-03-07T19:12:04.146+0000: 69.786: Total time for which application threads were stopped: 0.0006781 seconds, Stopping threads took: 0.0001526 seconds
2015-03-07T19:12:04.147+0000: 69.787: Total time for which application threads were stopped: 0.0005915 seconds, Stopping threads took: 0.0000894 seconds
2015-03-07T19:12:04.150+0000: 69.790: Total time for which application threads were stopped: 0.0007350 seconds, Stopping threads took: 0.0001957 seconds
2015-03-07T19:12:04.674+0000: 70.314: Total time for which application threads were stopped: 0.0010905 seconds, Stopping threads took: 0.0002377 seconds
2015-03-07T19:12:04.675+0000: 70.315: Total time for which application threads were stopped: 0.0006574 seconds, Stopping threads took: 0.0001287 seconds
2015-03-07T19:12:04.676+0000: 70.316: Total time for which application threads were stopped: 0.0006531 seconds, Stopping threads took: 0.0001236 seconds
2015-03-07T19:12:04.680+0000: 70.320: Total time for which application threads were stopped: 0.0006709 seconds, Stopping threads took: 0.0001396 seconds
2015-03-07T19:12:04.704+0000: 70.344: Total time for which application threads were stopped: 0.0005655 seconds, Stopping threads took: 0.0000629 seconds
2015-03-07T19:12:04.706+0000: 70.346: Total time for which application threads were stopped: 0.0009891 seconds, Stopping threads took: 0.0001727 seconds
2015-03-07T19:12:04.707+0000: 70.347: Total time for which application threads were stopped: 0.0005943 seconds, Stopping threads took: 0.0000995 seconds
2015-03-07T19:12:04.708+0000: 70.348: Total time for which application threads were stopped: 0.0006040 seconds, Stopping threads took: 0.0000810 seconds
2015-03-07T19:12:04.709+0000: 70.349: Total time for which application threads were stopped: 0.0006127 seconds, Stopping threads took: 0.0000909 seconds
2015-03-07T19:12:04.711+0000: 70.351: Total time for which application threads were stopped: 0.0005819 seconds, Stopping threads took: 0.0000795 seconds
2015-03-07T19:12:04.782+0000: 70.422: Total time for which application threads were stopped: 0.0006948 seconds, Stopping threads took: 0.0001264 seconds
2015-03-07T19:12:04.783+0000: 70.423: Total time for which application threads were stopped: 0.0005552 seconds, Stopping threads took: 0.0000776 seconds
2015-03-07T19:12:04.783+0000: 70.423: Total time for which application threads were stopped: 0.0005346 seconds, Stopping threads took: 0.0000512 seconds
2015-03-07T19:12:04.787+0000: 70.426: Total time for which application threads were stopped: 0.0005599 seconds, Stopping threads took: 0.0000573 seconds
2015-03-07T19:12:04.809+0000: 70.449: Total time for which application threads were stopped: 0.0005619 seconds, Stopping threads took: 0.0000612 seconds
2015-03-07T19:12:04.811+0000: 70.450: Total time for which application threads were stopped: 0.0006418 seconds, Stopping threads took: 0.0001089 seconds
2015-03-07T19:12:04.811+0000: 70.451: Total time for which application threads were stopped: 0.0006871 seconds, Stopping threads took: 0.0001032 seconds
2015-03-07T19:12:04.812+0000: 70.452: Total time for which application threads were stopped: 0.0002610 seconds, Stopping threads took: 0.0000510 seconds
2015-03-07T19:12:04.812+0000: 70.452: Total time for which application threads were stopped: 0.0002406 seconds, Stopping threads took: 0.0000574 seconds
2015-03-07T19:12:04.814+0000: 70.454: Total time for which application threads were stopped: 0.0002874 seconds, Stopping threads took: 0.0000782 seconds
2015-03-07T19:12:05.178+0000: 70.818: Total time for which application threads were stopped: 0.0004553 seconds, Stopping threads took: 0.0000768 seconds
2015-03-07T19:12:05.179+0000: 70.818: Total time for which application threads were stopped: 0.0002073 seconds, Stopping threads took: 0.0000179 seconds
2015-03-07T19:12:05.179+0000: 70.819: Total time for which application threads were stopped: 0.0001920 seconds, Stopping threads took: 0.0000178 seconds
2015-03-07T19:12:05.180+0000: 70.820: Total time for which application threads were stopped: 0.0003051 seconds, Stopping threads took: 0.0000947 seconds
2015-03-07T19:12:05.197+0000: 70.837: Total time for which application threads were stopped: 0.0002595 seconds, Stopping threads took: 0.0000241 seconds
2015-03-07T19:12:05.198+0000: 70.838: Total time for which application threads were stopped: 0.0003172 seconds, Stopping threads took: 0.0000878 seconds
2015-03-07T19:12:05.199+0000: 70.838: Total time for which application threads were stopped: 0.0002983 seconds, Stopping threads took: 0.0000667 seconds
2015-03-07T19:12:05.199+0000: 70.839: Total time for which application threads were stopped: 0.0002301 seconds, Stopping threads took: 0.0000295 seconds
2015-03-07T19:12:05.199+0000: 70.839: Total time for which application threads were stopped: 0.0002477 seconds, Stopping threads took: 0.0000457 seconds
2015-03-07T19:12:05.201+0000: 70.841: Total time for which application threads were stopped: 0.0002886 seconds, Stopping threads took: 0.0000782 seconds
2015-03-07T19:12:05.602+0000: 71.242: Total time for which application threads were stopped: 0.0006332 seconds, Stopping threads took: 0.0001134 seconds
2015-03-07T19:12:05.603+0000: 71.243: Total time for which application threads were stopped: 0.0005243 seconds, Stopping threads took: 0.0000489 seconds
2015-03-07T19:12:05.604+0000: 71.244: Total time for which application threads were stopped: 0.0005244 seconds, Stopping threads took: 0.0000504 seconds
2015-03-07T19:12:05.607+0000: 71.247: Total time for which application threads were stopped: 0.0005656 seconds, Stopping threads took: 0.0000560 seconds
2015-03-07T19:12:05.612+0000: 71.252: Total time for which application threads were stopped: 0.0006997 seconds, Stopping threads took: 0.0001454 seconds
2015-03-07T19:12:05.614+0000: 71.253: Total time for which application threads were stopped: 0.0006506 seconds, Stopping threads took: 0.0000816 seconds
2015-03-07T19:12:05.614+0000: 71.254: Total time for which application threads were stopped: 0.0006028 seconds, Stopping threads took: 0.0000688 seconds
2015-03-07T19:12:05.615+0000: 71.255: Total time for which application threads were stopped: 0.0005873 seconds, Stopping threads took: 0.0000699 seconds
2015-03-07T19:12:05.616+0000: 71.256: Total time for which application threads were stopped: 0.0006029 seconds, Stopping threads took: 0.0000664 seconds
2015-03-07T19:12:05.625+0000: 71.265: Total time for which application threads were stopped: 0.0007665 seconds, Stopping threads took: 0.0001671 seconds
2015-03-07T19:12:05.626+0000: 71.266: Total time for which application threads were stopped: 0.0007046 seconds, Stopping threads took: 0.0001777 seconds
2015-03-07T19:12:05.628+0000: 71.267: Total time for which application threads were stopped: 0.0007040 seconds, Stopping threads took: 0.0001657 seconds
2015-03-07T19:12:05.628+0000: 71.268: Total time for which application threads were stopped: 0.0006017 seconds, Stopping threads took: 0.0001077 seconds
2015-03-07T19:12:05.629+0000: 71.269: Total time for which application threads were stopped: 0.0005986 seconds, Stopping threads took: 0.0000837 seconds
2015-03-07T19:12:05.630+0000: 71.270: Total time for which application threads were stopped: 0.0006074 seconds, Stopping threads took: 0.0000995 seconds
2015-03-07T19:12:05.630+0000: 71.270: Total time for which application threads were stopped: 0.0006368 seconds, Stopping threads took: 0.0001006 seconds
2015-03-07T19:12:05.634+0000: 71.273: Total time for which application threads were stopped: 0.0006096 seconds, Stopping threads took: 0.0000811 seconds
2015-03-07T19:12:05.798+0000: 71.438: Total time for which application threads were stopped: 0.0010692 seconds, Stopping threads took: 0.0002223 seconds
2015-03-07T19:12:05.802+0000: 71.442: Total time for which application threads were stopped: 0.0037930 seconds, Stopping threads took: 0.0001667 seconds
2015-03-07T19:12:05.820+0000: 71.460: Total time for which application threads were stopped: 0.0006937 seconds, Stopping threads took: 0.0001205 seconds
2015-03-07T19:12:05.822+0000: 71.462: Total time for which application threads were stopped: 0.0006271 seconds, Stopping threads took: 0.0000821 seconds
2015-03-07T19:12:06.220+0000: 71.860: Total time for which application threads were stopped: 0.0009175 seconds, Stopping threads took: 0.0001701 seconds
2015-03-07T19:12:06.225+0000: 71.865: Total time for which application threads were stopped: 0.0006873 seconds, Stopping threads took: 0.0001403 seconds
2015-03-07T19:12:06.242+0000: 71.882: Total time for which application threads were stopped: 0.0034436 seconds, Stopping threads took: 0.0000703 seconds
2015-03-07T19:12:06.244+0000: 71.884: Total time for which application threads were stopped: 0.0009430 seconds, Stopping threads took: 0.0001485 seconds
2015-03-07T19:12:06.245+0000: 71.885: Total time for which application threads were stopped: 0.0009254 seconds, Stopping threads took: 0.0001544 seconds
2015-03-07T19:12:06.246+0000: 71.886: Total time for which application threads were stopped: 0.0008921 seconds, Stopping threads took: 0.0001071 seconds
2015-03-07T19:12:06.247+0000: 71.887: Total time for which application threads were stopped: 0.0009339 seconds, Stopping threads took: 0.0001136 seconds
2015-03-07T19:12:06.740+0000: 72.380: Total time for which application threads were stopped: 0.0006347 seconds, Stopping threads took: 0.0001099 seconds
2015-03-07T19:12:07.741+0000: 73.381: Total time for which application threads were stopped: 0.0006055 seconds, Stopping threads took: 0.0000988 seconds
2015-03-07T19:12:09.742+0000: 75.382: Total time for which application threads were stopped: 0.0007132 seconds, Stopping threads took: 0.0001273 seconds
2015-03-07T19:12:10.743+0000: 76.383: Total time for which application threads were stopped: 0.0013076 seconds, Stopping threads took: 0.0002667 seconds
2015-03-07T19:12:11.744+0000: 77.384: Total time for which application threads were stopped: 0.0008131 seconds, Stopping threads took: 0.0001965 seconds
2015-03-07T19:12:14.745+0000: 80.385: Total time for which application threads were stopped: 0.0008601 seconds, Stopping threads took: 0.0001759 seconds
2015-03-07T19:12:15.746+0000: 81.386: Total time for which application threads were stopped: 0.0007896 seconds, Stopping threads took: 0.0002013 seconds
2015-03-07T19:12:16.747+0000: 82.387: Total time for which application threads were stopped: 0.0006716 seconds, Stopping threads took: 0.0001434 seconds
2015-03-07T19:12:18.494+0000: 84.134: Total time for which application threads were stopped: 0.0007092 seconds, Stopping threads took: 0.0001740 seconds
2015-03-07T19:12:18.520+0000: 84.160: Total time for which application threads were stopped: 0.0006028 seconds, Stopping threads took: 0.0000882 seconds
2015-03-07T19:12:19.521+0000: 85.161: Total time for which application threads were stopped: 0.0012420 seconds, Stopping threads took: 0.0002741 seconds
2015-03-07T19:12:21.522+0000: 87.162: Total time for which application threads were stopped: 0.0006479 seconds, Stopping threads took: 0.0001485 seconds
2015-03-07T19:12:22.523+0000: 88.163: Total time for which application threads were stopped: 0.0008124 seconds, Stopping threads took: 0.0001958 seconds
2015-03-07T19:12:23.524+0000: 89.164: Total time for which application threads were stopped: 0.0007649 seconds, Stopping threads took: 0.0001971 seconds
{Heap before GC invocations=11 (full 0):
 garbage-first heap   total 12582912K, used 6886741K [0x00000004c0000000, 0x00000004c0406000, 0x00000007c0000000)
  region size 4096K, 359 young (1470464K), 160 survivors (655360K)
 Metaspace       used 36948K, capacity 38804K, committed 38988K, reserved 1083392K
  class space    used 4205K, capacity 4595K, committed 4684K, reserved 1048576K
2015-03-07T19:12:24.153+0000: 89.793: [GC pause (G1 Evacuation Pause) (young) (initial-mark)
Desired survivor size 94371840 bytes, new threshold 1 (max 15)
- age   1:  549743000 bytes,  549743000 total
- age   2:     649664 bytes,  550392664 total
- age   3:     908120 bytes,  551300784 total
- age   4:    1147400 bytes,  552448184 total
- age   5:     479840 bytes,  552928024 total
- age   6:   10789616 bytes,  563717640 total
, 0.2061554 secs]
   [Parallel Time: 179.0 ms, GC Workers: 28]
      [GC Worker Start (ms): Min: 89810.7, Avg: 89811.1, Max: 89811.4, Diff: 0.7]
      [Ext Root Scanning (ms): Min: 1.4, Avg: 1.9, Max: 2.5, Diff: 1.1, Sum: 51.9]
      [Update RS (ms): Min: 114.5, Avg: 114.8, Max: 115.2, Diff: 0.7, Sum: 3215.7]
         [Processed Buffers: Min: 198, Avg: 218.8, Max: 264, Diff: 66, Sum: 6127]
      [Scan RS (ms): Min: 0.1, Avg: 0.3, Max: 0.4, Diff: 0.3, Sum: 7.6]
      [Code Root Scanning (ms): Min: 0.0, Avg: 0.2, Max: 0.8, Diff: 0.8, Sum: 4.4]
      [Object Copy (ms): Min: 60.3, Avg: 61.0, Max: 61.3, Diff: 1.0, Sum: 1708.2]
      [Termination (ms): Min: 0.0, Avg: 0.0, Max: 0.0, Diff: 0.0, Sum: 0.1]
      [GC Worker Other (ms): Min: 0.0, Avg: 0.1, Max: 0.1, Diff: 0.1, Sum: 1.5]
      [GC Worker Total (ms): Min: 177.9, Avg: 178.2, Max: 178.6, Diff: 0.7, Sum: 4989.5]
      [GC Worker End (ms): Min: 89989.2, Avg: 89989.3, Max: 89989.3, Diff: 0.1]
   [Code Root Fixup: 0.7 ms]
   [Code Root Purge: 0.1 ms]
   [Clear CT: 0.3 ms]
   [Other: 26.1 ms]
      [Choose CSet: 0.0 ms]
      [Ref Proc: 2.4 ms]
      [Ref Enq: 0.1 ms]
      [Redirty Cards: 0.8 ms]
      [Humongous Reclaim: 4.0 ms]
      [Free CSet: 0.8 ms]
   [Eden: 796.0M(796.0M)->0.0B(552.0M) Survivors: 640.0M->60.0M Heap: 6725.3M(12.0G)->2333.4M(12.0G)]
Heap after GC invocations=12 (full 0):
 garbage-first heap   total 12582912K, used 2389399K [0x00000004c0000000, 0x00000004c0406000, 0x00000007c0000000)
  region size 4096K, 15 young (61440K), 15 survivors (61440K)
 Metaspace       used 36948K, capacity 38804K, committed 38988K, reserved 1083392K
  class space    used 4205K, capacity 4595K, committed 4684K, reserved 1048576K
}
 [Times: user=4.61 sys=0.04, real=0.21 secs] 
2015-03-07T19:12:24.360+0000: 89.999: [GC concurrent-root-region-scan-start]
2015-03-07T19:12:24.360+0000: 89.999: Total time for which application threads were stopped: 0.2072121 seconds, Stopping threads took: 0.0001563 seconds
2015-03-07T19:12:24.361+0000: 90.000: Total time for which application threads were stopped: 0.0005496 seconds, Stopping threads took: 0.0000970 seconds
2015-03-07T19:12:24.361+0000: 90.001: Total time for which application threads were stopped: 0.0002505 seconds, Stopping threads took: 0.0000525 seconds
2015-03-07T19:12:24.368+0000: 90.008: [GC concurrent-root-region-scan-end, 0.0082083 secs]
2015-03-07T19:12:24.368+0000: 90.008: [GC concurrent-mark-start]
2015-03-07T19:12:24.495+0000: 90.135: [GC concurrent-mark-end, 0.1269354 secs]
2015-03-07T19:12:24.522+0000: 90.162: [GC remark 90.162: [Finalize Marking, 0.0031503 secs] 90.165: [GC ref-proc, 0.0005542 secs] 90.166: [Unloading, 0.0058590 secs], 0.0144570 secs]
 [Times: user=0.23 sys=0.01, real=0.02 secs] 
2015-03-07T19:12:24.537+0000: 90.177: Total time for which application threads were stopped: 0.0421415 seconds, Stopping threads took: 0.0270493 seconds
2015-03-07T19:12:24.537+0000: 90.177: [GC cleanup 3060M->3044M(12G), 0.0022487 secs]
 [Times: user=0.03 sys=0.00, real=0.00 secs] 
2015-03-07T19:12:24.540+0000: 90.179: Total time for which application threads were stopped: 0.0026545 seconds, Stopping threads took: 0.0000522 seconds
2015-03-07T19:12:24.540+0000: 90.179: [GC concurrent-cleanup-start]
2015-03-07T19:12:24.540+0000: 90.180: [GC concurrent-cleanup-end, 0.0000312 secs]
2015-03-07T19:12:25.540+0000: 91.180: Total time for which application threads were stopped: 0.0006884 seconds, Stopping threads took: 0.0001669 seconds
2015-03-07T19:12:28.542+0000: 94.182: Total time for which application threads were stopped: 0.0010696 seconds, Stopping threads took: 0.0002709 seconds
2015-03-07T19:12:29.543+0000: 95.183: Total time for which application threads were stopped: 0.0007134 seconds, Stopping threads took: 0.0002034 seconds
{Heap before GC invocations=13 (full 0):
 garbage-first heap   total 12582912K, used 3775449K [0x00000004c0000000, 0x00000004c0406000, 0x00000007c0000000)
  region size 4096K, 153 young (626688K), 15 survivors (61440K)
 Metaspace       used 36966K, capacity 38804K, committed 38988K, reserved 1083392K
  class space    used 4205K, capacity 4595K, committed 4684K, reserved 1048576K
2015-03-07T19:12:33.204+0000: 98.843: [GC pause (G1 Evacuation Pause) (young)
Desired survivor size 41943040 bytes, new threshold 15 (max 15)
- age   1:   13561456 bytes,   13561456 total
, 0.0422849 secs]
   [Parallel Time: 37.9 ms, GC Workers: 28]
      [GC Worker Start (ms): Min: 98843.9, Avg: 98844.4, Max: 98844.7, Diff: 0.8]
      [Ext Root Scanning (ms): Min: 0.1, Avg: 0.4, Max: 1.3, Diff: 1.1, Sum: 12.6]
      [Update RS (ms): Min: 0.4, Avg: 0.7, Max: 0.9, Diff: 0.5, Sum: 19.3]
         [Processed Buffers: Min: 1, Avg: 1.7, Max: 2, Diff: 1, Sum: 47]
      [Scan RS (ms): Min: 0.0, Avg: 0.2, Max: 0.4, Diff: 0.4, Sum: 4.7]
      [Code Root Scanning (ms): Min: 0.0, Avg: 0.0, Max: 0.1, Diff: 0.1, Sum: 1.1]
      [Object Copy (ms): Min: 35.6, Avg: 35.7, Max: 35.8, Diff: 0.2, Sum: 1000.1]
      [Termination (ms): Min: 0.0, Avg: 0.0, Max: 0.0, Diff: 0.0, Sum: 0.3]
      [GC Worker Other (ms): Min: 0.0, Avg: 0.1, Max: 0.1, Diff: 0.1, Sum: 1.6]
      [GC Worker Total (ms): Min: 36.8, Avg: 37.1, Max: 37.6, Diff: 0.8, Sum: 1039.7]
      [GC Worker End (ms): Min: 98881.5, Avg: 98881.5, Max: 98881.6, Diff: 0.1]
   [Code Root Fixup: 0.2 ms]
   [Code Root Purge: 0.0 ms]
   [Clear CT: 0.4 ms]
   [Other: 3.8 ms]
      [Choose CSet: 0.0 ms]
      [Ref Proc: 1.0 ms]
      [Ref Enq: 0.0 ms]
      [Redirty Cards: 0.3 ms]
      [Humongous Reclaim: 1.0 ms]
      [Free CSet: 0.6 ms]
   [Eden: 552.0M(552.0M)->0.0B(532.0M) Survivors: 60.0M->80.0M Heap: 3687.0M(12.0G)->2769.8M(12.0G)]
Heap after GC invocations=14 (full 0):
 garbage-first heap   total 12582912K, used 2836322K [0x00000004c0000000, 0x00000004c0406000, 0x00000007c0000000)
  region size 4096K, 20 young (81920K), 20 survivors (81920K)
 Metaspace       used 36966K, capacity 38804K, committed 38988K, reserved 1083392K
  class space    used 4205K, capacity 4595K, committed 4684K, reserved 1048576K
}
 [Times: user=1.05 sys=0.00, real=0.04 secs] 
2015-03-07T19:12:33.246+0000: 98.886: Total time for which application threads were stopped: 0.0432891 seconds, Stopping threads took: 0.0001965 seconds
2015-03-07T19:12:34.247+0000: 99.887: Total time for which application threads were stopped: 0.0005923 seconds, Stopping threads took: 0.0001331 seconds
2015-03-07T19:12:36.248+0000: 101.888: Total time for which application threads were stopped: 0.0007743 seconds, Stopping threads took: 0.0001794 seconds
{Heap before GC invocations=14 (full 0):
 garbage-first heap   total 12582912K, used 5768514K [0x00000004c0000000, 0x00000004c0406000, 0x00000007c0000000)
  region size 4096K, 107 young (438272K), 20 survivors (81920K)
 Metaspace       used 36991K, capacity 38868K, committed 39244K, reserved 1083392K
  class space    used 4205K, capacity 4595K, committed 4684K, reserved 1048576K
2015-03-07T19:12:37.095+0000: 102.734: [GC pause (G1 Humongous Allocation) (young) (initial-mark)
Desired survivor size 41943040 bytes, new threshold 1 (max 15)
- age   1:   72146184 bytes,   72146184 total
- age   2:   11066624 bytes,   83212808 total
, 0.0322778 secs]
   [Parallel Time: 22.9 ms, GC Workers: 28]
      [GC Worker Start (ms): Min: 102735.2, Avg: 102735.6, Max: 102736.0, Diff: 0.8]
      [Ext Root Scanning (ms): Min: 0.7, Avg: 1.2, Max: 1.8, Diff: 1.1, Sum: 32.6]
      [Update RS (ms): Min: 0.4, Avg: 0.7, Max: 1.0, Diff: 0.6, Sum: 19.8]
         [Processed Buffers: Min: 1, Avg: 1.9, Max: 4, Diff: 3, Sum: 53]
      [Scan RS (ms): Min: 0.0, Avg: 0.2, Max: 0.3, Diff: 0.3, Sum: 4.5]
      [Code Root Scanning (ms): Min: 0.0, Avg: 0.0, Max: 0.1, Diff: 0.1, Sum: 1.1]
      [Object Copy (ms): Min: 19.8, Avg: 19.9, Max: 20.1, Diff: 0.3, Sum: 558.5]
      [Termination (ms): Min: 0.0, Avg: 0.0, Max: 0.0, Diff: 0.0, Sum: 0.3]
      [GC Worker Other (ms): Min: 0.0, Avg: 0.0, Max: 0.1, Diff: 0.1, Sum: 1.4]
      [GC Worker Total (ms): Min: 21.8, Avg: 22.1, Max: 22.5, Diff: 0.7, Sum: 618.1]
      [GC Worker End (ms): Min: 102757.7, Avg: 102757.7, Max: 102757.8, Diff: 0.1]
   [Code Root Fixup: 0.2 ms]
   [Code Root Purge: 0.0 ms]
   [Clear CT: 1.8 ms]
   [Other: 7.4 ms]
      [Choose CSet: 0.0 ms]
      [Ref Proc: 2.1 ms]
      [Ref Enq: 0.1 ms]
      [Redirty Cards: 1.4 ms]
      [Humongous Reclaim: 2.0 ms]
      [Free CSet: 0.5 ms]
   [Eden: 348.0M(532.0M)->0.0B(532.0M) Survivors: 80.0M->80.0M Heap: 5634.0M(12.0G)->3185.3M(12.0G)]
Heap after GC invocations=15 (full 0):
 garbage-first heap   total 12582912K, used 3261719K [0x00000004c0000000, 0x00000004c0406000, 0x00000007c0000000)
  region size 4096K, 20 young (81920K), 20 survivors (81920K)
 Metaspace       used 36991K, capacity 38868K, committed 39244K, reserved 1083392K
  class space    used 4205K, capacity 4595K, committed 4684K, reserved 1048576K
}
 [Times: user=0.62 sys=0.00, real=0.03 secs] 
2015-03-07T19:12:37.127+0000: 102.767: [GC concurrent-root-region-scan-start]
2015-03-07T19:12:37.127+0000: 102.767: Total time for which application threads were stopped: 0.0334320 seconds, Stopping threads took: 0.0002430 seconds
2015-03-07T19:12:37.131+0000: 102.771: [GC concurrent-root-region-scan-end, 0.0039489 secs]
2015-03-07T19:12:37.131+0000: 102.771: [GC concurrent-mark-start]
2015-03-07T19:12:37.263+0000: 102.903: [GC concurrent-mark-end, 0.1320836 secs]
2015-03-07T19:12:37.264+0000: 102.904: [GC remark 102.904: [Finalize Marking, 0.0011326 secs] 102.905: [GC ref-proc, 0.0015198 secs] 102.907: [Unloading, 0.0066458 secs], 0.0162160 secs]
 [Times: user=0.18 sys=0.01, real=0.02 secs] 
2015-03-07T19:12:37.280+0000: 102.920: Total time for which application threads were stopped: 0.0171850 seconds, Stopping threads took: 0.0001931 seconds
2015-03-07T19:12:37.281+0000: 102.921: [GC cleanup 3847M->3847M(12G), 0.0036364 secs]
 [Times: user=0.04 sys=0.00, real=0.00 secs] 
2015-03-07T19:12:37.285+0000: 102.925: Total time for which application threads were stopped: 0.0042340 seconds, Stopping threads took: 0.0000856 seconds
2015-03-07T19:12:38.285+0000: 103.925: Total time for which application threads were stopped: 0.0007046 seconds, Stopping threads took: 0.0001737 seconds
2015-03-07T19:12:39.332+0000: 104.972: Total time for which application threads were stopped: 0.0468506 seconds, Stopping threads took: 0.0460418 seconds
2015-03-07T19:12:40.333+0000: 105.973: Total time for which application threads were stopped: 0.0007152 seconds, Stopping threads took: 0.0001796 seconds
2015-03-07T19:12:41.334+0000: 106.974: Total time for which application threads were stopped: 0.0008131 seconds, Stopping threads took: 0.0001921 seconds
{Heap before GC invocations=16 (full 0):
 garbage-first heap   total 12582912K, used 5783421K [0x00000004c0000000, 0x00000004c0406000, 0x00000007c0000000)
  region size 4096K, 153 young (626688K), 20 survivors (81920K)
 Metaspace       used 35563K, capacity 36490K, committed 39244K, reserved 1083392K
  class space    used 3984K, capacity 4196K, committed 4684K, reserved 1048576K
2015-03-07T19:12:41.455+0000: 107.095: [GC pause (G1 Evacuation Pause) (young)
Desired survivor size 41943040 bytes, new threshold 1 (max 15)
- age   1:   83153704 bytes,   83153704 total
, 0.0446477 secs]
   [Parallel Time: 36.9 ms, GC Workers: 28]
      [GC Worker Start (ms): Min: 107096.5, Avg: 107097.1, Max: 107097.4, Diff: 0.9]
      [Ext Root Scanning (ms): Min: 0.1, Avg: 0.4, Max: 1.0, Diff: 1.0, Sum: 12.2]
      [Update RS (ms): Min: 10.5, Avg: 11.0, Max: 11.1, Diff: 0.6, Sum: 308.2]
         [Processed Buffers: Min: 19, Avg: 21.1, Max: 30, Diff: 11, Sum: 592]
      [Scan RS (ms): Min: 0.0, Avg: 0.1, Max: 0.3, Diff: 0.3, Sum: 1.6]
      [Code Root Scanning (ms): Min: 0.0, Avg: 0.0, Max: 0.0, Diff: 0.0, Sum: 0.0]
      [Object Copy (ms): Min: 24.4, Avg: 24.5, Max: 24.6, Diff: 0.1, Sum: 685.0]
      [Termination (ms): Min: 0.0, Avg: 0.0, Max: 0.1, Diff: 0.1, Sum: 1.1]
      [GC Worker Other (ms): Min: 0.0, Avg: 0.0, Max: 0.1, Diff: 0.1, Sum: 0.9]
      [GC Worker Total (ms): Min: 35.7, Avg: 36.0, Max: 36.6, Diff: 0.9, Sum: 1009.0]
      [GC Worker End (ms): Min: 107133.1, Avg: 107133.1, Max: 107133.1, Diff: 0.1]
   [Code Root Fixup: 0.0 ms]
   [Code Root Purge: 0.0 ms]
   [Clear CT: 1.3 ms]
   [Other: 6.4 ms]
      [Choose CSet: 0.0 ms]
      [Ref Proc: 0.8 ms]
      [Ref Enq: 0.0 ms]
      [Redirty Cards: 2.1 ms]
      [Humongous Reclaim: 1.0 ms]
      [Free CSet: 0.4 ms]
   [Eden: 532.0M(532.0M)->0.0B(532.0M) Survivors: 80.0M->80.0M Heap: 5647.9M(12.0G)->4533.8M(12.0G)]
Heap after GC invocations=17 (full 0):
 garbage-first heap   total 12582912K, used 4642643K [0x00000004c0000000, 0x00000004c0406000, 0x00000007c0000000)
  region size 4096K, 20 young (81920K), 20 survivors (81920K)
 Metaspace       used 35563K, capacity 36490K, committed 39244K, reserved 1083392K
  class space    used 3984K, capacity 4196K, committed 4684K, reserved 1048576K
}
 [Times: user=1.02 sys=0.00, real=0.05 secs] 
2015-03-07T19:12:41.500+0000: 107.140: Total time for which application threads were stopped: 0.0458639 seconds, Stopping threads took: 0.0001836 seconds
2015-03-07T19:12:42.501+0000: 108.141: Total time for which application threads were stopped: 0.0008262 seconds, Stopping threads took: 0.0002271 seconds
{Heap before GC invocations=17 (full 0):
 garbage-first heap   total 12582912K, used 5629645K [0x00000004c0000000, 0x00000004c0406000, 0x00000007c0000000)
  region size 4096K, 54 young (221184K), 20 survivors (81920K)
 Metaspace       used 35577K, capacity 36490K, committed 39244K, reserved 1083392K
  class space    used 3985K, capacity 4196K, committed 4684K, reserved 1048576K
2015-03-07T19:12:42.532+0000: 108.172: [GC pause (G1 Humongous Allocation) (young) (initial-mark)
Desired survivor size 41943040 bytes, new threshold 1 (max 15)
- age   1:   83017272 bytes,   83017272 total
, 0.0444132 secs]
   [Parallel Time: 35.1 ms, GC Workers: 28]
      [GC Worker Start (ms): Min: 108175.6, Avg: 108176.1, Max: 108176.5, Diff: 0.8]
      [Ext Root Scanning (ms): Min: 0.2, Avg: 0.6, Max: 1.1, Diff: 0.9, Sum: 16.5]
      [Update RS (ms): Min: 23.9, Avg: 24.2, Max: 24.4, Diff: 0.5, Sum: 678.7]
         [Processed Buffers: Min: 41, Avg: 46.2, Max: 61, Diff: 20, Sum: 1294]
      [Scan RS (ms): Min: 0.0, Avg: 0.1, Max: 0.2, Diff: 0.2, Sum: 2.2]
      [Code Root Scanning (ms): Min: 0.0, Avg: 0.0, Max: 0.0, Diff: 0.0, Sum: 0.0]
      [Object Copy (ms): Min: 9.3, Avg: 9.3, Max: 9.4, Diff: 0.1, Sum: 261.6]
      [Termination (ms): Min: 0.0, Avg: 0.0, Max: 0.1, Diff: 0.1, Sum: 0.7]
      [GC Worker Other (ms): Min: 0.0, Avg: 0.0, Max: 0.1, Diff: 0.1, Sum: 1.0]
      [GC Worker Total (ms): Min: 34.0, Avg: 34.3, Max: 34.8, Diff: 0.8, Sum: 960.8]
      [GC Worker End (ms): Min: 108210.4, Avg: 108210.4, Max: 108210.5, Diff: 0.1]
   [Code Root Fixup: 0.0 ms]
   [Code Root Purge: 0.0 ms]
   [Clear CT: 1.8 ms]
   [Other: 7.4 ms]
      [Choose CSet: 0.0 ms]
      [Ref Proc: 0.7 ms]
      [Ref Enq: 0.0 ms]
      [Redirty Cards: 1.5 ms]
      [Humongous Reclaim: 0.6 ms]
      [Free CSet: 0.3 ms]
   [Eden: 136.0M(532.0M)->0.0B(532.0M) Survivors: 80.0M->80.0M Heap: 5499.7M(12.0G)->4755.6M(12.0G)]
Heap after GC invocations=18 (full 0):
 garbage-first heap   total 12582912K, used 4869718K [0x00000004c0000000, 0x00000004c0406000, 0x00000007c0000000)
  region size 4096K, 20 young (81920K), 20 survivors (81920K)
 Metaspace       used 35577K, capacity 36490K, committed 39244K, reserved 1083392K
  class space    used 3985K, capacity 4196K, committed 4684K, reserved 1048576K
}
 [Times: user=0.97 sys=0.00, real=0.04 secs] 
2015-03-07T19:12:42.577+0000: 108.217: [GC concurrent-root-region-scan-start]
2015-03-07T19:12:42.577+0000: 108.217: Total time for which application threads were stopped: 0.0449993 seconds, Stopping threads took: 0.0000553 seconds
2015-03-07T19:12:42.577+0000: 108.217: [GC concurrent-root-region-scan-end, 0.0006667 secs]
2015-03-07T19:12:42.577+0000: 108.217: [GC concurrent-mark-start]
2015-03-07T19:12:42.704+0000: 108.344: [GC concurrent-mark-end, 0.1267490 secs]
2015-03-07T19:12:42.705+0000: 108.345: [GC remark 108.345: [Finalize Marking, 0.0009394 secs] 108.346: [GC ref-proc, 0.0016941 secs] 108.348: [Unloading, 0.0066007 secs], 0.0181560 secs]
 [Times: user=0.19 sys=0.00, real=0.02 secs] 
2015-03-07T19:12:42.723+0000: 108.363: Total time for which application threads were stopped: 0.0190604 seconds, Stopping threads took: 0.0001743 seconds
2015-03-07T19:12:42.724+0000: 108.364: [GC cleanup 4886M->4096M(12G), 0.0026675 secs]
 [Times: user=0.04 sys=0.00, real=0.00 secs] 
2015-03-07T19:12:42.727+0000: 108.367: Total time for which application threads were stopped: 0.0032490 seconds, Stopping threads took: 0.0000822 seconds
2015-03-07T19:12:42.727+0000: 108.367: [GC concurrent-cleanup-start]
2015-03-07T19:12:42.727+0000: 108.367: [GC concurrent-cleanup-end, 0.0004827 secs]
2015-03-07T19:12:43.727+0000: 109.367: Total time for which application threads were stopped: 0.0007342 seconds, Stopping threads took: 0.0002126 seconds
2015-03-07T19:12:44.728+0000: 110.368: Total time for which application threads were stopped: 0.0007762 seconds, Stopping threads took: 0.0001803 seconds
2015-03-07T19:12:45.729+0000: 111.369: Total time for which application threads were stopped: 0.0005614 seconds, Stopping threads took: 0.0001185 seconds
2015-03-07T19:12:46.730+0000: 112.370: Total time for which application threads were stopped: 0.0010324 seconds, Stopping threads took: 0.0002322 seconds
2015-03-07T19:12:47.731+0000: 113.371: Total time for which application threads were stopped: 0.0007691 seconds, Stopping threads took: 0.0002061 seconds
{Heap before GC invocations=19 (full 0):
 garbage-first heap   total 12582912K, used 6732969K [0x00000004c0000000, 0x00000004c0406000, 0x00000007c0000000)
  region size 4096K, 153 young (626688K), 20 survivors (81920K)
 Metaspace       used 35661K, capacity 36498K, committed 39244K, reserved 1083392K
  class space    used 3989K, capacity 4176K, committed 4684K, reserved 1048576K
2015-03-07T19:12:48.354+0000: 113.993: [GC pause (G1 Evacuation Pause) (young)
Desired survivor size 41943040 bytes, new threshold 1 (max 15)
- age   1:   82244872 bytes,   82244872 total
, 0.0440516 secs]
   [Parallel Time: 34.1 ms, GC Workers: 28]
      [GC Worker Start (ms): Min: 113994.1, Avg: 113994.6, Max: 113995.0, Diff: 0.9]
      [Ext Root Scanning (ms): Min: 0.2, Avg: 0.6, Max: 1.2, Diff: 1.1, Sum: 16.3]
      [Update RS (ms): Min: 0.7, Avg: 1.3, Max: 1.8, Diff: 1.1, Sum: 35.8]
         [Processed Buffers: Min: 1, Avg: 2.0, Max: 3, Diff: 2, Sum: 57]
      [Scan RS (ms): Min: 0.0, Avg: 0.1, Max: 0.5, Diff: 0.5, Sum: 3.6]
      [Code Root Scanning (ms): Min: 0.0, Avg: 0.0, Max: 0.0, Diff: 0.0, Sum: 0.0]
      [Object Copy (ms): Min: 30.8, Avg: 31.2, Max: 31.3, Diff: 0.5, Sum: 874.2]
      [Termination (ms): Min: 0.0, Avg: 0.0, Max: 0.1, Diff: 0.1, Sum: 0.7]
      [GC Worker Other (ms): Min: 0.0, Avg: 0.0, Max: 0.1, Diff: 0.1, Sum: 1.4]
      [GC Worker Total (ms): Min: 32.9, Avg: 33.3, Max: 33.8, Diff: 0.9, Sum: 931.9]
      [GC Worker End (ms): Min: 114027.9, Avg: 114027.9, Max: 114028.0, Diff: 0.1]
   [Code Root Fixup: 0.0 ms]
   [Code Root Purge: 0.0 ms]
   [Clear CT: 1.7 ms]
   [Other: 8.1 ms]
      [Choose CSet: 0.0 ms]
      [Ref Proc: 0.8 ms]
      [Ref Enq: 0.1 ms]
      [Redirty Cards: 2.7 ms]
      [Humongous Reclaim: 2.5 ms]
      [Free CSet: 0.9 ms]
   [Eden: 532.0M(532.0M)->0.0B(532.0M) Survivors: 80.0M->80.0M Heap: 6575.2M(12.0G)->4865.5M(12.0G)]
Heap after GC invocations=20 (full 0):
 garbage-first heap   total 12582912K, used 4982223K [0x00000004c0000000, 0x00000004c0406000, 0x00000007c0000000)
  region size 4096K, 20 young (81920K), 20 survivors (81920K)
 Metaspace       used 35661K, capacity 36498K, committed 39244K, reserved 1083392K
  class space    used 3989K, capacity 4176K, committed 4684K, reserved 1048576K
}
 [Times: user=0.94 sys=0.00, real=0.04 secs] 
2015-03-07T19:12:48.398+0000: 114.038: Total time for which application threads were stopped: 0.0456513 seconds, Stopping threads took: 0.0002004 seconds
2015-03-07T19:12:49.399+0000: 115.039: Total time for which application threads were stopped: 0.0010025 seconds, Stopping threads took: 0.0001638 seconds
2015-03-07T19:12:50.400+0000: 116.040: Total time for which application threads were stopped: 0.0006665 seconds, Stopping threads took: 0.0001453 seconds
2015-03-07T19:12:51.401+0000: 117.041: Total time for which application threads were stopped: 0.0006682 seconds, Stopping threads took: 0.0001541 seconds
2015-03-07T19:12:52.174+0000: 117.814: Total time for which application threads were stopped: 0.0006837 seconds, Stopping threads took: 0.0001203 seconds
2015-03-07T19:12:52.174+0000: 117.814: Total time for which application threads were stopped: 0.0002616 seconds, Stopping threads took: 0.0000627 seconds
2015-03-07T19:12:52.175+0000: 117.815: Total time for which application threads were stopped: 0.0002487 seconds, Stopping threads took: 0.0000465 seconds
2015-03-07T19:12:52.175+0000: 117.815: Total time for which application threads were stopped: 0.0002450 seconds, Stopping threads took: 0.0000518 seconds
2015-03-07T19:12:52.357+0000: 117.997: Total time for which application threads were stopped: 0.0003498 seconds, Stopping threads took: 0.0001025 seconds
2015-03-07T19:12:52.429+0000: 118.069: Total time for which application threads were stopped: 0.0002887 seconds, Stopping threads took: 0.0000954 seconds
2015-03-07T19:12:52.706+0000: 118.345: Total time for which application threads were stopped: 0.0014321 seconds, Stopping threads took: 0.0012102 seconds
{Heap before GC invocations=20 (full 0):
 garbage-first heap   total 12582912K, used 5765231K [0x00000004c0000000, 0x00000004c0406000, 0x00000007c0000000)
  region size 4096K, 79 young (323584K), 20 survivors (81920K)
 Metaspace       used 35721K, capacity 36562K, committed 39244K, reserved 1083392K
  class space    used 3989K, capacity 4176K, committed 4684K, reserved 1048576K
2015-03-07T19:12:53.514+0000: 119.153: [GC pause (G1 Humongous Allocation) (young) (initial-mark)
Desired survivor size 41943040 bytes, new threshold 1 (max 15)
- age   1:   83068720 bytes,   83068720 total
, 0.0273624 secs]
   [Parallel Time: 20.8 ms, GC Workers: 28]
      [GC Worker Start (ms): Min: 119154.3, Avg: 119154.7, Max: 119155.0, Diff: 0.8]
      [Ext Root Scanning (ms): Min: 0.2, Avg: 0.5, Max: 1.1, Diff: 1.0, Sum: 14.5]
      [Update RS (ms): Min: 0.6, Avg: 1.1, Max: 1.6, Diff: 1.0, Sum: 30.7]
         [Processed Buffers: Min: 1, Avg: 2.6, Max: 7, Diff: 6, Sum: 74]
      [Scan RS (ms): Min: 0.0, Avg: 0.1, Max: 0.2, Diff: 0.2, Sum: 1.6]
      [Code Root Scanning (ms): Min: 0.0, Avg: 0.0, Max: 0.0, Diff: 0.0, Sum: 0.0]
      [Object Copy (ms): Min: 17.9, Avg: 18.3, Max: 18.4, Diff: 0.5, Sum: 511.6]
      [Termination (ms): Min: 0.0, Avg: 0.0, Max: 0.0, Diff: 0.0, Sum: 0.3]
      [GC Worker Other (ms): Min: 0.0, Avg: 0.1, Max: 0.1, Diff: 0.1, Sum: 1.5]
      [GC Worker Total (ms): Min: 19.7, Avg: 20.0, Max: 20.4, Diff: 0.8, Sum: 560.3]
      [GC Worker End (ms): Min: 119174.7, Avg: 119174.7, Max: 119174.8, Diff: 0.1]
   [Code Root Fixup: 0.0 ms]
   [Code Root Purge: 0.0 ms]
   [Clear CT: 1.6 ms]
   [Other: 4.9 ms]
      [Choose CSet: 0.0 ms]
      [Ref Proc: 0.6 ms]
      [Ref Enq: 0.0 ms]
      [Redirty Cards: 2.1 ms]
      [Humongous Reclaim: 0.5 ms]
      [Free CSet: 0.3 ms]
   [Eden: 236.0M(532.0M)->0.0B(716.0M) Survivors: 80.0M->80.0M Heap: 5632.2M(12.0G)->5174.2M(12.0G)]
Heap after GC invocations=21 (full 0):
 garbage-first heap   total 12582912K, used 5298361K [0x00000004c0000000, 0x00000004c0406000, 0x00000007c0000000)
  region size 4096K, 20 young (81920K), 20 survivors (81920K)
 Metaspace       used 35721K, capacity 36562K, committed 39244K, reserved 1083392K
  class space    used 3989K, capacity 4176K, committed 4684K, reserved 1048576K
}
 [Times: user=0.56 sys=0.00, real=0.03 secs] 
2015-03-07T19:12:53.541+0000: 119.181: [GC concurrent-root-region-scan-start]
2015-03-07T19:12:53.541+0000: 119.181: Total time for which application threads were stopped: 0.0284825 seconds, Stopping threads took: 0.0001679 seconds
2015-03-07T19:12:53.554+0000: 119.193: [GC concurrent-root-region-scan-end, 0.0121999 secs]
2015-03-07T19:12:53.554+0000: 119.193: [GC concurrent-mark-start]
2015-03-07T19:12:53.665+0000: 119.305: [GC concurrent-mark-end, 0.1114254 secs]
2015-03-07T19:12:53.666+0000: 119.306: [GC remark 119.306: [Finalize Marking, 0.0010794 secs] 119.307: [GC ref-proc, 0.0017148 secs] 119.308: [Unloading, 0.0057359 secs], 0.0180617 secs]
 [Times: user=0.22 sys=0.01, real=0.02 secs] 
2015-03-07T19:12:53.684+0000: 119.324: Total time for which application threads were stopped: 0.0190386 seconds, Stopping threads took: 0.0001455 seconds
2015-03-07T19:12:53.685+0000: 119.325: [GC cleanup 5549M->5453M(12G), 0.0029171 secs]
 [Times: user=0.04 sys=0.00, real=0.00 secs] 
2015-03-07T19:12:53.688+0000: 119.327: Total time for which application threads were stopped: 0.0034889 seconds, Stopping threads took: 0.0000763 seconds
2015-03-07T19:12:53.688+0000: 119.328: [GC concurrent-cleanup-start]
2015-03-07T19:12:53.688+0000: 119.328: [GC concurrent-cleanup-end, 0.0000784 secs]
2015-03-07T19:12:54.279+0000: 119.918: Total time for which application threads were stopped: 0.0012895 seconds, Stopping threads took: 0.0002881 seconds
2015-03-07T19:12:54.289+0000: 119.929: Total time for which application threads were stopped: 0.0007971 seconds, Stopping threads took: 0.0001418 seconds
2015-03-07T19:12:54.290+0000: 119.930: Total time for which application threads were stopped: 0.0006400 seconds, Stopping threads took: 0.0001197 seconds
2015-03-07T19:12:55.291+0000: 120.930: Total time for which application threads were stopped: 0.0006818 seconds, Stopping threads took: 0.0001493 seconds
2015-03-07T19:12:56.291+0000: 121.931: Total time for which application threads were stopped: 0.0006591 seconds, Stopping threads took: 0.0001578 seconds
2015-03-07T19:12:56.399+0000: 122.039: Total time for which application threads were stopped: 0.0003408 seconds, Stopping threads took: 0.0000905 seconds
2015-03-07T19:12:57.368+0000: 123.008: Total time for which application threads were stopped: 0.0005965 seconds, Stopping threads took: 0.0001228 seconds
2015-03-07T19:12:57.368+0000: 123.008: Total time for which application threads were stopped: 0.0002779 seconds, Stopping threads took: 0.0000635 seconds
2015-03-07T19:12:57.369+0000: 123.009: Total time for which application threads were stopped: 0.0002697 seconds, Stopping threads took: 0.0000696 seconds
2015-03-07T19:12:57.369+0000: 123.009: Total time for which application threads were stopped: 0.0002496 seconds, Stopping threads took: 0.0000456 seconds
2015-03-07T19:12:57.880+0000: 123.519: Total time for which application threads were stopped: 0.0005349 seconds, Stopping threads took: 0.0001652 seconds
2015-03-07T19:12:57.961+0000: 123.601: Total time for which application threads were stopped: 0.0003978 seconds, Stopping threads took: 0.0001529 seconds
2015-03-07T19:12:57.977+0000: 123.616: Total time for which application threads were stopped: 0.0002865 seconds, Stopping threads took: 0.0000863 seconds
2015-03-07T19:12:57.977+0000: 123.617: Total time for which application threads were stopped: 0.0002276 seconds, Stopping threads took: 0.0000476 seconds
2015-03-07T19:12:57.977+0000: 123.617: Total time for which application threads were stopped: 0.0002255 seconds, Stopping threads took: 0.0000470 seconds
2015-03-07T19:12:57.977+0000: 123.617: Total time for which application threads were stopped: 0.0002251 seconds, Stopping threads took: 0.0000476 seconds
2015-03-07T19:12:57.978+0000: 123.617: Total time for which application threads were stopped: 0.0002505 seconds, Stopping threads took: 0.0000757 seconds
2015-03-07T19:12:58.526+0000: 124.166: Total time for which application threads were stopped: 0.0008227 seconds, Stopping threads took: 0.0001497 seconds
2015-03-07T19:12:58.550+0000: 124.190: Total time for which application threads were stopped: 0.0003889 seconds, Stopping threads took: 0.0000732 seconds
2015-03-07T19:12:58.550+0000: 124.190: Total time for which application threads were stopped: 0.0002616 seconds, Stopping threads took: 0.0000447 seconds
2015-03-07T19:12:58.550+0000: 124.190: Total time for which application threads were stopped: 0.0002760 seconds, Stopping threads took: 0.0000554 seconds
2015-03-07T19:12:58.551+0000: 124.191: Total time for which application threads were stopped: 0.0002845 seconds, Stopping threads took: 0.0000628 seconds
2015-03-07T19:12:59.000+0000: 124.640: Total time for which application threads were stopped: 0.0007456 seconds, Stopping threads took: 0.0001491 seconds
2015-03-07T19:12:59.008+0000: 124.648: Total time for which application threads were stopped: 0.0006660 seconds, Stopping threads took: 0.0001363 seconds
2015-03-07T19:12:59.009+0000: 124.649: Total time for which application threads were stopped: 0.0006671 seconds, Stopping threads took: 0.0000922 seconds
2015-03-07T19:12:59.010+0000: 124.650: Total time for which application threads were stopped: 0.0005840 seconds, Stopping threads took: 0.0000488 seconds
2015-03-07T19:12:59.010+0000: 124.650: Total time for which application threads were stopped: 0.0005767 seconds, Stopping threads took: 0.0000823 seconds
2015-03-07T19:12:59.011+0000: 124.651: Total time for which application threads were stopped: 0.0007176 seconds, Stopping threads took: 0.0001000 seconds
2015-03-07T19:12:59.532+0000: 125.172: Total time for which application threads were stopped: 0.0021076 seconds, Stopping threads took: 0.0001427 seconds
2015-03-07T19:12:59.548+0000: 125.188: Total time for which application threads were stopped: 0.0006423 seconds, Stopping threads took: 0.0000945 seconds
2015-03-07T19:12:59.548+0000: 125.188: Total time for which application threads were stopped: 0.0005922 seconds, Stopping threads took: 0.0000828 seconds
2015-03-07T19:12:59.549+0000: 125.189: Total time for which application threads were stopped: 0.0005669 seconds, Stopping threads took: 0.0000876 seconds
2015-03-07T19:12:59.550+0000: 125.190: Total time for which application threads were stopped: 0.0006036 seconds, Stopping threads took: 0.0000972 seconds
2015-03-07T19:12:59.552+0000: 125.191: Total time for which application threads were stopped: 0.0018561 seconds, Stopping threads took: 0.0000926 seconds
2015-03-07T19:12:59.655+0000: 125.295: Total time for which application threads were stopped: 0.0006986 seconds, Stopping threads took: 0.0001523 seconds
2015-03-07T19:12:59.656+0000: 125.295: Total time for which application threads were stopped: 0.0006219 seconds, Stopping threads took: 0.0001053 seconds
2015-03-07T19:12:59.671+0000: 125.311: Total time for which application threads were stopped: 0.0006359 seconds, Stopping threads took: 0.0001013 seconds
2015-03-07T19:12:59.672+0000: 125.312: Total time for which application threads were stopped: 0.0006018 seconds, Stopping threads took: 0.0000795 seconds
2015-03-07T19:12:59.673+0000: 125.312: Total time for which application threads were stopped: 0.0006269 seconds, Stopping threads took: 0.0000764 seconds
2015-03-07T19:12:59.970+0000: 125.610: Total time for which application threads were stopped: 0.0010238 seconds, Stopping threads took: 0.0001984 seconds
2015-03-07T19:12:59.979+0000: 125.619: Total time for which application threads were stopped: 0.0009051 seconds, Stopping threads took: 0.0001391 seconds
2015-03-07T19:12:59.980+0000: 125.620: Total time for which application threads were stopped: 0.0009127 seconds, Stopping threads took: 0.0001398 seconds
2015-03-07T19:12:59.981+0000: 125.621: Total time for which application threads were stopped: 0.0008095 seconds, Stopping threads took: 0.0000753 seconds
2015-03-07T19:13:00.166+0000: 125.806: Total time for which application threads were stopped: 0.0007612 seconds, Stopping threads took: 0.0001740 seconds
2015-03-07T19:13:00.169+0000: 125.808: Total time for which application threads were stopped: 0.0007409 seconds, Stopping threads took: 0.0001358 seconds
2015-03-07T19:13:00.175+0000: 125.814: Total time for which application threads were stopped: 0.0007262 seconds, Stopping threads took: 0.0001447 seconds
2015-03-07T19:13:00.176+0000: 125.816: Total time for which application threads were stopped: 0.0006535 seconds, Stopping threads took: 0.0001111 seconds
2015-03-07T19:13:00.177+0000: 125.816: Total time for which application threads were stopped: 0.0006354 seconds, Stopping threads took: 0.0001063 seconds
2015-03-07T19:13:00.177+0000: 125.817: Total time for which application threads were stopped: 0.0006074 seconds, Stopping threads took: 0.0000984 seconds
2015-03-07T19:13:00.272+0000: 125.912: Total time for which application threads were stopped: 0.0010163 seconds, Stopping threads took: 0.0001815 seconds
2015-03-07T19:13:00.276+0000: 125.916: Total time for which application threads were stopped: 0.0040647 seconds, Stopping threads took: 0.0001135 seconds
2015-03-07T19:13:00.277+0000: 125.917: Total time for which application threads were stopped: 0.0006258 seconds, Stopping threads took: 0.0000612 seconds
2015-03-07T19:13:00.315+0000: 125.954: Total time for which application threads were stopped: 0.0006944 seconds, Stopping threads took: 0.0001513 seconds
2015-03-07T19:13:00.327+0000: 125.967: Total time for which application threads were stopped: 0.0006651 seconds, Stopping threads took: 0.0001291 seconds
2015-03-07T19:13:00.328+0000: 125.968: Total time for which application threads were stopped: 0.0006106 seconds, Stopping threads took: 0.0000820 seconds
2015-03-07T19:13:00.349+0000: 125.989: Total time for which application threads were stopped: 0.0006560 seconds, Stopping threads took: 0.0001229 seconds
2015-03-07T19:13:00.350+0000: 125.990: Total time for which application threads were stopped: 0.0006341 seconds, Stopping threads took: 0.0001073 seconds
2015-03-07T19:13:00.350+0000: 125.990: Total time for which application threads were stopped: 0.0005717 seconds, Stopping threads took: 0.0000778 seconds
2015-03-07T19:13:00.848+0000: 126.488: Total time for which application threads were stopped: 0.0013349 seconds, Stopping threads took: 0.0003992 seconds
2015-03-07T19:13:00.868+0000: 126.508: Total time for which application threads were stopped: 0.0030702 seconds, Stopping threads took: 0.0026992 seconds
2015-03-07T19:13:00.869+0000: 126.508: Total time for which application threads were stopped: 0.0004883 seconds, Stopping threads took: 0.0000737 seconds
2015-03-07T19:13:00.869+0000: 126.509: Total time for which application threads were stopped: 0.0006507 seconds, Stopping threads took: 0.0000773 seconds
2015-03-07T19:13:00.922+0000: 126.562: Total time for which application threads were stopped: 0.0008430 seconds, Stopping threads took: 0.0001700 seconds
2015-03-07T19:13:00.925+0000: 126.564: Total time for which application threads were stopped: 0.0010098 seconds, Stopping threads took: 0.0004224 seconds
2015-03-07T19:13:00.925+0000: 126.565: Total time for which application threads were stopped: 0.0006616 seconds, Stopping threads took: 0.0001120 seconds
2015-03-07T19:13:00.926+0000: 126.566: Total time for which application threads were stopped: 0.0005934 seconds, Stopping threads took: 0.0000658 seconds
2015-03-07T19:13:00.927+0000: 126.566: Total time for which application threads were stopped: 0.0006597 seconds, Stopping threads took: 0.0000970 seconds
2015-03-07T19:13:00.927+0000: 126.567: Total time for which application threads were stopped: 0.0006654 seconds, Stopping threads took: 0.0000967 seconds
2015-03-07T19:13:00.928+0000: 126.568: Total time for which application threads were stopped: 0.0006204 seconds, Stopping threads took: 0.0000686 seconds
2015-03-07T19:13:00.929+0000: 126.569: Total time for which application threads were stopped: 0.0006172 seconds, Stopping threads took: 0.0000525 seconds
2015-03-07T19:13:00.929+0000: 126.569: Total time for which application threads were stopped: 0.0006138 seconds, Stopping threads took: 0.0000744 seconds
2015-03-07T19:13:00.930+0000: 126.570: Total time for which application threads were stopped: 0.0005699 seconds, Stopping threads took: 0.0000525 seconds
2015-03-07T19:13:00.931+0000: 126.571: Total time for which application threads were stopped: 0.0006455 seconds, Stopping threads took: 0.0000950 seconds
2015-03-07T19:13:00.932+0000: 126.571: Total time for which application threads were stopped: 0.0006075 seconds, Stopping threads took: 0.0000498 seconds
2015-03-07T19:13:00.932+0000: 126.572: Total time for which application threads were stopped: 0.0006480 seconds, Stopping threads took: 0.0000958 seconds
2015-03-07T19:13:00.933+0000: 126.573: Total time for which application threads were stopped: 0.0006503 seconds, Stopping threads took: 0.0000871 seconds
2015-03-07T19:13:00.934+0000: 126.573: Total time for which application threads were stopped: 0.0006572 seconds, Stopping threads took: 0.0000968 seconds
2015-03-07T19:13:00.934+0000: 126.574: Total time for which application threads were stopped: 0.0006334 seconds, Stopping threads took: 0.0000811 seconds
2015-03-07T19:13:00.935+0000: 126.575: Total time for which application threads were stopped: 0.0005881 seconds, Stopping threads took: 0.0000623 seconds
2015-03-07T19:13:00.936+0000: 126.576: Total time for which application threads were stopped: 0.0006690 seconds, Stopping threads took: 0.0000963 seconds
2015-03-07T19:13:00.937+0000: 126.576: Total time for which application threads were stopped: 0.0006649 seconds, Stopping threads took: 0.0000827 seconds
2015-03-07T19:13:00.937+0000: 126.577: Total time for which application threads were stopped: 0.0006720 seconds, Stopping threads took: 0.0001155 seconds
2015-03-07T19:13:00.938+0000: 126.578: Total time for which application threads were stopped: 0.0006136 seconds, Stopping threads took: 0.0000647 seconds
2015-03-07T19:13:00.939+0000: 126.579: Total time for which application threads were stopped: 0.0006923 seconds, Stopping threads took: 0.0001071 seconds
2015-03-07T19:13:00.940+0000: 126.579: Total time for which application threads were stopped: 0.0006980 seconds, Stopping threads took: 0.0001001 seconds
2015-03-07T19:13:00.940+0000: 126.580: Total time for which application threads were stopped: 0.0006377 seconds, Stopping threads took: 0.0000956 seconds
2015-03-07T19:13:00.941+0000: 126.581: Total time for which application threads were stopped: 0.0006133 seconds, Stopping threads took: 0.0000471 seconds
2015-03-07T19:13:00.942+0000: 126.581: Total time for which application threads were stopped: 0.0006823 seconds, Stopping threads took: 0.0001051 seconds
2015-03-07T19:13:00.942+0000: 126.582: Total time for which application threads were stopped: 0.0006285 seconds, Stopping threads took: 0.0000662 seconds
2015-03-07T19:13:00.943+0000: 126.583: Total time for which application threads were stopped: 0.0006535 seconds, Stopping threads took: 0.0001046 seconds
2015-03-07T19:13:00.944+0000: 126.584: Total time for which application threads were stopped: 0.0006131 seconds, Stopping threads took: 0.0000482 seconds
2015-03-07T19:13:00.944+0000: 126.584: Total time for which application threads were stopped: 0.0006268 seconds, Stopping threads took: 0.0000690 seconds
2015-03-07T19:13:00.945+0000: 126.585: Total time for which application threads were stopped: 0.0006467 seconds, Stopping threads took: 0.0001042 seconds
2015-03-07T19:13:01.023+0000: 126.663: Total time for which application threads were stopped: 0.0008438 seconds, Stopping threads took: 0.0001561 seconds
2015-03-07T19:13:01.024+0000: 126.664: Total time for which application threads were stopped: 0.0005778 seconds, Stopping threads took: 0.0000704 seconds
2015-03-07T19:13:01.024+0000: 126.664: Total time for which application threads were stopped: 0.0005801 seconds, Stopping threads took: 0.0000705 seconds
2015-03-07T19:13:01.025+0000: 126.665: Total time for which application threads were stopped: 0.0005627 seconds, Stopping threads took: 0.0000729 seconds
2015-03-07T19:13:01.026+0000: 126.666: Total time for which application threads were stopped: 0.0005725 seconds, Stopping threads took: 0.0000733 seconds
2015-03-07T19:13:01.026+0000: 126.666: Total time for which application threads were stopped: 0.0005586 seconds, Stopping threads took: 0.0000685 seconds
2015-03-07T19:13:01.027+0000: 126.667: Total time for which application threads were stopped: 0.0005635 seconds, Stopping threads took: 0.0000730 seconds
2015-03-07T19:13:01.028+0000: 126.667: Total time for which application threads were stopped: 0.0005655 seconds, Stopping threads took: 0.0000677 seconds
2015-03-07T19:13:01.030+0000: 126.669: Total time for which application threads were stopped: 0.0019899 seconds, Stopping threads took: 0.0000679 seconds
2015-03-07T19:13:01.032+0000: 126.671: Total time for which application threads were stopped: 0.0018695 seconds, Stopping threads took: 0.0000681 seconds
2015-03-07T19:13:01.084+0000: 126.724: Total time for which application threads were stopped: 0.0006447 seconds, Stopping threads took: 0.0001252 seconds
2015-03-07T19:13:01.093+0000: 126.732: Total time for which application threads were stopped: 0.0006641 seconds, Stopping threads took: 0.0001028 seconds
2015-03-07T19:13:01.093+0000: 126.733: Total time for which application threads were stopped: 0.0006431 seconds, Stopping threads took: 0.0001183 seconds
2015-03-07T19:13:01.094+0000: 126.734: Total time for which application threads were stopped: 0.0005947 seconds, Stopping threads took: 0.0000661 seconds
2015-03-07T19:13:01.215+0000: 126.854: Total time for which application threads were stopped: 0.0007029 seconds, Stopping threads took: 0.0001379 seconds
2015-03-07T19:13:01.231+0000: 126.871: Total time for which application threads were stopped: 0.0007165 seconds, Stopping threads took: 0.0000981 seconds
2015-03-07T19:13:01.232+0000: 126.871: Total time for which application threads were stopped: 0.0006913 seconds, Stopping threads took: 0.0000906 seconds
2015-03-07T19:13:01.232+0000: 126.872: Total time for which application threads were stopped: 0.0006033 seconds, Stopping threads took: 0.0000724 seconds
2015-03-07T19:13:01.639+0000: 127.279: Total time for which application threads were stopped: 0.0012324 seconds, Stopping threads took: 0.0001918 seconds
2015-03-07T19:13:01.647+0000: 127.287: Total time for which application threads were stopped: 0.0009119 seconds, Stopping threads took: 0.0001113 seconds
2015-03-07T19:13:01.648+0000: 127.288: Total time for which application threads were stopped: 0.0009288 seconds, Stopping threads took: 0.0001209 seconds
2015-03-07T19:13:01.649+0000: 127.289: Total time for which application threads were stopped: 0.0009094 seconds, Stopping threads took: 0.0001071 seconds
2015-03-07T19:13:01.720+0000: 127.360: Total time for which application threads were stopped: 0.0007191 seconds, Stopping threads took: 0.0001340 seconds
2015-03-07T19:13:01.728+0000: 127.368: Total time for which application threads were stopped: 0.0006193 seconds, Stopping threads took: 0.0000848 seconds
2015-03-07T19:13:01.729+0000: 127.368: Total time for which application threads were stopped: 0.0005952 seconds, Stopping threads took: 0.0000751 seconds
2015-03-07T19:13:01.729+0000: 127.369: Total time for which application threads were stopped: 0.0005905 seconds, Stopping threads took: 0.0000762 seconds
2015-03-07T19:13:02.730+0000: 128.370: Total time for which application threads were stopped: 0.0007487 seconds, Stopping threads took: 0.0001731 seconds
2015-03-07T19:13:33.734+0000: 159.374: Total time for which application threads were stopped: 0.0010732 seconds, Stopping threads took: 0.0002473 seconds
2015-03-07T19:13:37.454+0000: 163.094: Total time for which application threads were stopped: 0.0010460 seconds, Stopping threads took: 0.0001849 seconds
2015-03-07T19:13:38.093+0000: 163.733: Total time for which application threads were stopped: 0.0013052 seconds, Stopping threads took: 0.0002844 seconds
2015-03-07T19:13:38.620+0000: 164.260: Total time for which application threads were stopped: 0.0012722 seconds, Stopping threads took: 0.0002508 seconds
2015-03-07T19:13:39.095+0000: 164.735: Total time for which application threads were stopped: 0.0008058 seconds, Stopping threads took: 0.0001770 seconds
2015-03-07T19:13:39.581+0000: 165.221: Total time for which application threads were stopped: 0.0003298 seconds, Stopping threads took: 0.0000901 seconds
2015-03-07T19:13:40.062+0000: 165.701: Total time for which application threads were stopped: 0.0003249 seconds, Stopping threads took: 0.0000912 seconds
2015-03-07T19:13:40.549+0000: 166.188: Total time for which application threads were stopped: 0.0004079 seconds, Stopping threads took: 0.0000996 seconds
2015-03-07T19:13:40.876+0000: 166.515: Total time for which application threads were stopped: 0.0005327 seconds, Stopping threads took: 0.0001095 seconds
2015-03-07T19:13:41.331+0000: 166.970: Total time for which application threads were stopped: 0.0003928 seconds, Stopping threads took: 0.0000930 seconds
2015-03-07T19:13:41.587+0000: 167.227: Total time for which application threads were stopped: 0.0005368 seconds, Stopping threads took: 0.0001426 seconds
2015-03-07T19:13:42.038+0000: 167.677: Total time for which application threads were stopped: 0.0006153 seconds, Stopping threads took: 0.0001048 seconds
2015-03-07T19:13:42.453+0000: 168.093: Total time for which application threads were stopped: 0.0004629 seconds, Stopping threads took: 0.0001052 seconds
2015-03-07T19:13:42.783+0000: 168.423: Total time for which application threads were stopped: 0.0006736 seconds, Stopping threads took: 0.0001403 seconds
2015-03-07T19:13:43.078+0000: 168.718: Total time for which application threads were stopped: 0.0005373 seconds, Stopping threads took: 0.0001545 seconds
2015-03-07T19:13:43.402+0000: 169.042: Total time for which application threads were stopped: 0.0003232 seconds, Stopping threads took: 0.0000893 seconds
2015-03-07T19:13:43.812+0000: 169.452: Total time for which application threads were stopped: 0.0003034 seconds, Stopping threads took: 0.0000822 seconds
2015-03-07T19:13:44.128+0000: 169.767: Total time for which application threads were stopped: 0.0003551 seconds, Stopping threads took: 0.0001044 seconds
2015-03-07T19:13:44.399+0000: 170.039: Total time for which application threads were stopped: 0.0003442 seconds, Stopping threads took: 0.0001153 seconds
2015-03-07T19:13:44.778+0000: 170.418: Total time for which application threads were stopped: 0.0003929 seconds, Stopping threads took: 0.0001130 seconds
2015-03-07T19:13:45.154+0000: 170.794: Total time for which application threads were stopped: 0.0017332 seconds, Stopping threads took: 0.0001006 seconds
2015-03-07T19:13:45.160+0000: 170.799: Total time for which application threads were stopped: 0.0003214 seconds, Stopping threads took: 0.0000749 seconds
2015-03-07T19:13:45.551+0000: 171.191: Total time for which application threads were stopped: 0.0003941 seconds, Stopping threads took: 0.0001525 seconds
2015-03-07T19:13:45.808+0000: 171.448: Total time for which application threads were stopped: 0.0003269 seconds, Stopping threads took: 0.0000894 seconds
2015-03-07T19:13:46.199+0000: 171.839: Total time for which application threads were stopped: 0.0005972 seconds, Stopping threads took: 0.0001619 seconds
2015-03-07T19:13:46.447+0000: 172.087: Total time for which application threads were stopped: 0.0003842 seconds, Stopping threads took: 0.0000969 seconds
2015-03-07T19:13:46.843+0000: 172.483: Total time for which application threads were stopped: 0.0004366 seconds, Stopping threads took: 0.0000888 seconds
2015-03-07T19:13:47.236+0000: 172.876: Total time for which application threads were stopped: 0.0003285 seconds, Stopping threads took: 0.0000884 seconds
2015-03-07T19:13:47.541+0000: 173.180: Total time for which application threads were stopped: 0.0004810 seconds, Stopping threads took: 0.0001136 seconds
2015-03-07T19:13:47.864+0000: 173.504: Total time for which application threads were stopped: 0.0003424 seconds, Stopping threads took: 0.0000927 seconds
2015-03-07T19:13:48.418+0000: 174.058: Total time for which application threads were stopped: 0.0007317 seconds, Stopping threads took: 0.0001493 seconds
2015-03-07T19:13:48.800+0000: 174.440: Total time for which application threads were stopped: 0.0005736 seconds, Stopping threads took: 0.0001098 seconds
2015-03-07T19:13:49.235+0000: 174.875: Total time for which application threads were stopped: 0.0007600 seconds, Stopping threads took: 0.0001662 seconds
2015-03-07T19:13:49.854+0000: 175.494: Total time for which application threads were stopped: 0.0007040 seconds, Stopping threads took: 0.0001546 seconds
2015-03-07T19:13:49.855+0000: 175.494: Total time for which application threads were stopped: 0.0002475 seconds, Stopping threads took: 0.0000464 seconds
2015-03-07T19:13:49.855+0000: 175.495: Total time for which application threads were stopped: 0.0002435 seconds, Stopping threads took: 0.0000418 seconds
2015-03-07T19:13:49.855+0000: 175.495: Total time for which application threads were stopped: 0.0002298 seconds, Stopping threads took: 0.0000411 seconds
2015-03-07T19:13:49.855+0000: 175.495: Total time for which application threads were stopped: 0.0002292 seconds, Stopping threads took: 0.0000414 seconds
2015-03-07T19:13:49.856+0000: 175.496: Total time for which application threads were stopped: 0.0002342 seconds, Stopping threads took: 0.0000455 seconds
2015-03-07T19:13:49.856+0000: 175.496: Total time for which application threads were stopped: 0.0002421 seconds, Stopping threads took: 0.0000541 seconds
2015-03-07T19:13:49.857+0000: 175.497: Total time for which application threads were stopped: 0.0010956 seconds, Stopping threads took: 0.0000440 seconds
2015-03-07T19:13:49.859+0000: 175.499: Total time for which application threads were stopped: 0.0012611 seconds, Stopping threads took: 0.0000654 seconds
2015-03-07T19:13:50.860+0000: 176.500: Total time for which application threads were stopped: 0.0007364 seconds, Stopping threads took: 0.0001669 seconds
2015-03-07T19:13:51.861+0000: 177.501: Total time for which application threads were stopped: 0.0006717 seconds, Stopping threads took: 0.0001501 seconds
2015-03-07T19:13:52.249+0000: 177.889: Total time for which application threads were stopped: 0.0007189 seconds, Stopping threads took: 0.0001464 seconds
2015-03-07T19:13:52.250+0000: 177.890: Total time for which application threads were stopped: 0.0002301 seconds, Stopping threads took: 0.0000498 seconds
2015-03-07T19:13:52.250+0000: 177.890: Total time for which application threads were stopped: 0.0002218 seconds, Stopping threads took: 0.0000420 seconds
2015-03-07T19:13:52.266+0000: 177.906: Total time for which application threads were stopped: 0.0002237 seconds, Stopping threads took: 0.0000479 seconds
2015-03-07T19:13:53.268+0000: 178.907: Total time for which application threads were stopped: 0.0010386 seconds, Stopping threads took: 0.0002013 seconds
2015-03-07T19:13:53.845+0000: 179.484: Total time for which application threads were stopped: 0.0011056 seconds, Stopping threads took: 0.0002032 seconds
2015-03-07T19:13:54.016+0000: 179.656: Total time for which application threads were stopped: 0.0007080 seconds, Stopping threads took: 0.0001254 seconds
{Heap before GC invocations=22 (full 0):
 garbage-first heap   total 12582912K, used 11569126K [0x00000004c0000000, 0x00000004c0406000, 0x00000007c0000000)
  region size 4096K, 153 young (626688K), 20 survivors (81920K)
 Metaspace       used 36068K, capacity 36946K, committed 39756K, reserved 1085440K
  class space    used 3999K, capacity 4240K, committed 4684K, reserved 1048576K
2015-03-07T19:13:54.272+0000: 179.912: [GC pause (G1 Evacuation Pause) (young)
Desired survivor size 41943040 bytes, new threshold 1 (max 15)
- age   1:   83135728 bytes,   83135728 total
, 0.2571636 secs]
   [Parallel Time: 240.1 ms, GC Workers: 28]
      [GC Worker Start (ms): Min: 179916.6, Avg: 179916.9, Max: 179917.3, Diff: 0.7]
      [Ext Root Scanning (ms): Min: 0.3, Avg: 0.6, Max: 1.7, Diff: 1.4, Sum: 17.3]
      [Update RS (ms): Min: 24.4, Avg: 25.4, Max: 26.4, Diff: 2.0, Sum: 711.7]
         [Processed Buffers: Min: 25, Avg: 36.2, Max: 47, Diff: 22, Sum: 1014]
      [Scan RS (ms): Min: 113.5, Avg: 115.6, Max: 118.7, Diff: 5.2, Sum: 3236.4]
      [Code Root Scanning (ms): Min: 0.0, Avg: 0.0, Max: 0.2, Diff: 0.2, Sum: 0.6]
      [Object Copy (ms): Min: 93.7, Avg: 97.5, Max: 99.7, Diff: 6.0, Sum: 2730.0]
      [Termination (ms): Min: 0.0, Avg: 0.3, Max: 0.3, Diff: 0.3, Sum: 7.6]
      [GC Worker Other (ms): Min: 0.0, Avg: 0.0, Max: 0.1, Diff: 0.1, Sum: 1.4]
      [GC Worker Total (ms): Min: 239.1, Avg: 239.5, Max: 239.8, Diff: 0.7, Sum: 6705.0]
      [GC Worker End (ms): Min: 180156.4, Avg: 180156.4, Max: 180156.5, Diff: 0.1]
   [Code Root Fixup: 0.1 ms]
   [Code Root Purge: 0.0 ms]
   [Clear CT: 0.6 ms]
   [Other: 16.3 ms]
      [Choose CSet: 0.0 ms]
      [Ref Proc: 2.4 ms]
      [Ref Enq: 0.8 ms]
      [Redirty Cards: 2.1 ms]
      [Humongous Reclaim: 4.5 ms]
      [Free CSet: 1.4 ms]
   [Eden: 532.0M(532.0M)->0.0B(532.0M) Survivors: 80.0M->80.0M Heap: 11.0G(12.0G)->8196.9M(12.0G)]
Heap after GC invocations=23 (full 0):
 garbage-first heap   total 12582912K, used 8393667K [0x00000004c0000000, 0x00000004c0406000, 0x00000007c0000000)
  region size 4096K, 20 young (81920K), 20 survivors (81920K)
 Metaspace       used 36068K, capacity 36946K, committed 39756K, reserved 1085440K
  class space    used 3999K, capacity 4240K, committed 4684K, reserved 1048576K
}
 [Times: user=6.12 sys=0.12, real=0.25 secs] 
2015-03-07T19:13:54.529+0000: 180.169: Total time for which application threads were stopped: 0.2587123 seconds, Stopping threads took: 0.0001745 seconds
2015-03-07T19:13:54.891+0000: 180.531: Total time for which application threads were stopped: 0.0010867 seconds, Stopping threads took: 0.0002275 seconds
2015-03-07T19:13:54.900+0000: 180.540: Total time for which application threads were stopped: 0.0005920 seconds, Stopping threads took: 0.0000929 seconds
2015-03-07T19:13:54.901+0000: 180.540: Total time for which application threads were stopped: 0.0005847 seconds, Stopping threads took: 0.0000967 seconds
2015-03-07T19:13:54.901+0000: 180.541: Total time for which application threads were stopped: 0.0005392 seconds, Stopping threads took: 0.0000812 seconds
2015-03-07T19:13:54.902+0000: 180.542: Total time for which application threads were stopped: 0.0005511 seconds, Stopping threads took: 0.0000867 seconds
2015-03-07T19:13:54.903+0000: 180.542: Total time for which application threads were stopped: 0.0005692 seconds, Stopping threads took: 0.0000799 seconds
2015-03-07T19:13:54.903+0000: 180.543: Total time for which application threads were stopped: 0.0006084 seconds, Stopping threads took: 0.0001330 seconds
2015-03-07T19:13:54.904+0000: 180.544: Total time for which application threads were stopped: 0.0005669 seconds, Stopping threads took: 0.0001009 seconds
2015-03-07T19:13:54.904+0000: 180.544: Total time for which application threads were stopped: 0.0005289 seconds, Stopping threads took: 0.0000441 seconds
2015-03-07T19:13:54.905+0000: 180.545: Total time for which application threads were stopped: 0.0005598 seconds, Stopping threads took: 0.0001020 seconds
2015-03-07T19:13:54.906+0000: 180.545: Total time for which application threads were stopped: 0.0005486 seconds, Stopping threads took: 0.0000813 seconds
2015-03-07T19:13:54.906+0000: 180.546: Total time for which application threads were stopped: 0.0005915 seconds, Stopping threads took: 0.0001240 seconds
2015-03-07T19:13:54.907+0000: 180.547: Total time for which application threads were stopped: 0.0005712 seconds, Stopping threads took: 0.0000879 seconds
2015-03-07T19:13:54.908+0000: 180.548: Total time for which application threads were stopped: 0.0006004 seconds, Stopping threads took: 0.0001201 seconds
{Heap before GC invocations=23 (full 0):
 garbage-first heap   total 12582912K, used 8451011K [0x00000004c0000000, 0x00000004c0406000, 0x00000007c0000000)
  region size 4096K, 35 young (143360K), 20 survivors (81920K)
 Metaspace       used 36084K, capacity 37010K, committed 39756K, reserved 1085440K
  class space    used 3999K, capacity 4240K, committed 4684K, reserved 1048576K
2015-03-07T19:13:55.459+0000: 181.099: [GC pause (G1 Humongous Allocation) (young) (initial-mark)
Desired survivor size 41943040 bytes, new threshold 1 (max 15)
- age   1:   83884648 bytes,   83884648 total
, 0.1654192 secs]
   [Parallel Time: 159.4 ms, GC Workers: 28]
      [GC Worker Start (ms): Min: 181100.2, Avg: 181100.3, Max: 181100.5, Diff: 0.3]
      [Ext Root Scanning (ms): Min: 1.0, Avg: 1.5, Max: 3.2, Diff: 2.1, Sum: 42.3]
      [Update RS (ms): Min: 8.3, Avg: 10.0, Max: 10.9, Diff: 2.6, Sum: 279.7]
         [Processed Buffers: Min: 8, Avg: 11.2, Max: 16, Diff: 8, Sum: 314]
      [Scan RS (ms): Min: 71.8, Avg: 72.9, Max: 75.7, Diff: 3.9, Sum: 2042.5]
      [Code Root Scanning (ms): Min: 0.0, Avg: 0.0, Max: 0.2, Diff: 0.2, Sum: 0.6]
      [Object Copy (ms): Min: 71.8, Avg: 74.2, Max: 75.3, Diff: 3.6, Sum: 2078.6]
      [Termination (ms): Min: 0.0, Avg: 0.1, Max: 0.2, Diff: 0.2, Sum: 3.2]
      [GC Worker Other (ms): Min: 0.0, Avg: 0.0, Max: 0.1, Diff: 0.0, Sum: 0.9]
      [GC Worker Total (ms): Min: 158.7, Avg: 158.9, Max: 159.0, Diff: 0.3, Sum: 4447.8]
      [GC Worker End (ms): Min: 181259.2, Avg: 181259.2, Max: 181259.2, Diff: 0.0]
   [Code Root Fixup: 0.1 ms]
   [Code Root Purge: 0.0 ms]
   [Clear CT: 0.5 ms]
   [Other: 5.4 ms]
      [Choose CSet: 0.0 ms]
      [Ref Proc: 0.5 ms]
      [Ref Enq: 0.0 ms]
      [Redirty Cards: 1.9 ms]
      [Humongous Reclaim: 0.3 ms]
      [Free CSet: 0.8 ms]
   [Eden: 60.0M(532.0M)->0.0B(536.0M) Survivors: 80.0M->76.0M Heap: 8254.9M(12.0G)->8285.9M(12.0G)]
Heap after GC invocations=24 (full 0):
 garbage-first heap   total 12582912K, used 8484741K [0x00000004c0000000, 0x00000004c0406000, 0x00000007c0000000)
  region size 4096K, 19 young (77824K), 19 survivors (77824K)
 Metaspace       used 36084K, capacity 37010K, committed 39756K, reserved 1085440K
  class space    used 3999K, capacity 4240K, committed 4684K, reserved 1048576K
}
 [Times: user=4.47 sys=0.01, real=0.17 secs] 
2015-03-07T19:13:55.625+0000: 181.265: [GC concurrent-root-region-scan-start]
2015-03-07T19:13:55.625+0000: 181.265: Total time for which application threads were stopped: 0.1668784 seconds, Stopping threads took: 0.0001252 seconds
2015-03-07T19:13:55.629+0000: 181.269: [GC concurrent-root-region-scan-end, 0.0035208 secs]
2015-03-07T19:13:55.629+0000: 181.269: [GC concurrent-mark-start]
2015-03-07T19:13:57.809+0000: 183.448: Total time for which application threads were stopped: 0.0010541 seconds, Stopping threads took: 0.0001598 seconds
2015-03-07T19:13:57.811+0000: 183.451: Total time for which application threads were stopped: 0.0024074 seconds, Stopping threads took: 0.0000601 seconds
2015-03-07T19:13:57.861+0000: 183.501: [GC concurrent-mark-end, 2.2325395 secs]
2015-03-07T19:13:57.862+0000: 183.502: [GC remark 183.502: [Finalize Marking, 0.0007702 secs] 183.503: [GC ref-proc, 0.0026113 secs] 183.506: [Unloading, 0.0078377 secs], 0.0303333 secs]
 [Times: user=0.30 sys=0.01, real=0.03 secs] 
2015-03-07T19:13:57.893+0000: 183.533: Total time for which application threads were stopped: 0.0315680 seconds, Stopping threads took: 0.0001651 seconds
2015-03-07T19:13:57.894+0000: 183.534: [GC cleanup 8760M->8724M(12G), 0.0037902 secs]
 [Times: user=0.06 sys=0.00, real=0.00 secs] 
2015-03-07T19:13:57.898+0000: 183.538: Total time for which application threads were stopped: 0.0046300 seconds, Stopping threads took: 0.0000872 seconds
2015-03-07T19:13:57.898+0000: 183.538: [GC concurrent-cleanup-start]
2015-03-07T19:13:57.898+0000: 183.538: [GC concurrent-cleanup-end, 0.0000561 secs]
2015-03-07T19:13:59.204+0000: 184.844: Total time for which application threads were stopped: 0.0010148 seconds, Stopping threads took: 0.0001488 seconds
2015-03-07T19:13:59.205+0000: 184.845: Total time for which application threads were stopped: 0.0006075 seconds, Stopping threads took: 0.0001019 seconds
2015-03-07T19:13:59.206+0000: 184.846: Total time for which application threads were stopped: 0.0005791 seconds, Stopping threads took: 0.0001023 seconds
2015-03-07T19:13:59.207+0000: 184.847: Total time for which application threads were stopped: 0.0006247 seconds, Stopping threads took: 0.0001124 seconds
{Heap before GC invocations=25 (full 0):
 garbage-first heap   total 12582912K, used 9274025K [0x00000004c0000000, 0x00000004c0406000, 0x00000007c0000000)
  region size 4096K, 153 young (626688K), 19 survivors (77824K)
 Metaspace       used 36099K, capacity 37010K, committed 39756K, reserved 1085440K
  class space    used 3999K, capacity 4240K, committed 4684K, reserved 1048576K
2015-03-07T19:14:00.030+0000: 185.670: [GC pause (G1 Evacuation Pause) (young)
Desired survivor size 41943040 bytes, new threshold 1 (max 15)
- age   1:   44854696 bytes,   44854696 total
, 0.1369587 secs]
   [Parallel Time: 128.5 ms, GC Workers: 28]
      [GC Worker Start (ms): Min: 185670.8, Avg: 185671.4, Max: 185671.8, Diff: 0.9]
      [Ext Root Scanning (ms): Min: 0.1, Avg: 0.5, Max: 1.3, Diff: 1.2, Sum: 14.9]
      [Update RS (ms): Min: 1.6, Avg: 1.8, Max: 3.0, Diff: 1.5, Sum: 50.9]
         [Processed Buffers: Min: 1, Avg: 2.6, Max: 6, Diff: 5, Sum: 72]
      [Scan RS (ms): Min: 80.3, Avg: 81.7, Max: 83.6, Diff: 3.2, Sum: 2289.0]
      [Code Root Scanning (ms): Min: 0.0, Avg: 0.0, Max: 0.1, Diff: 0.1, Sum: 0.1]
      [Object Copy (ms): Min: 41.8, Avg: 43.5, Max: 44.5, Diff: 2.7, Sum: 1217.3]
      [Termination (ms): Min: 0.0, Avg: 0.1, Max: 0.1, Diff: 0.1, Sum: 2.1]
      [GC Worker Other (ms): Min: 0.0, Avg: 0.1, Max: 0.2, Diff: 0.2, Sum: 2.2]
      [GC Worker Total (ms): Min: 127.3, Avg: 127.7, Max: 128.3, Diff: 1.0, Sum: 3576.5]
      [GC Worker End (ms): Min: 185799.0, Avg: 185799.1, Max: 185799.2, Diff: 0.1]
   [Code Root Fixup: 0.1 ms]
   [Code Root Purge: 0.0 ms]
   [Clear CT: 1.7 ms]
   [Other: 6.8 ms]
      [Choose CSet: 0.0 ms]
      [Ref Proc: 0.7 ms]
      [Ref Enq: 0.1 ms]
      [Redirty Cards: 1.6 ms]
      [Humongous Reclaim: 1.7 ms]
      [Free CSet: 1.5 ms]
   [Eden: 536.0M(536.0M)->0.0B(532.0M) Survivors: 76.0M->80.0M Heap: 9056.7M(12.0G)->7435.7M(12.0G)]
Heap after GC invocations=26 (full 0):
 garbage-first heap   total 12582912K, used 7614112K [0x00000004c0000000, 0x00000004c0406000, 0x00000007c0000000)
  region size 4096K, 20 young (81920K), 20 survivors (81920K)
 Metaspace       used 36099K, capacity 37010K, committed 39756K, reserved 1085440K
  class space    used 3999K, capacity 4240K, committed 4684K, reserved 1048576K
}
 [Times: user=3.59 sys=0.00, real=0.13 secs] 
2015-03-07T19:14:00.168+0000: 185.808: Total time for which application threads were stopped: 0.1383204 seconds, Stopping threads took: 0.0001492 seconds
2015-03-07T19:14:00.449+0000: 186.089: Total time for which application threads were stopped: 0.0010872 seconds, Stopping threads took: 0.0002042 seconds
2015-03-07T19:14:00.451+0000: 186.091: Total time for which application threads were stopped: 0.0007316 seconds, Stopping threads took: 0.0001566 seconds
2015-03-07T19:14:00.466+0000: 186.106: Total time for which application threads were stopped: 0.0007275 seconds, Stopping threads took: 0.0001642 seconds
2015-03-07T19:14:00.466+0000: 186.106: Total time for which application threads were stopped: 0.0006100 seconds, Stopping threads took: 0.0001056 seconds
2015-03-07T19:14:00.467+0000: 186.107: Total time for which application threads were stopped: 0.0005751 seconds, Stopping threads took: 0.0000831 seconds
2015-03-07T19:14:00.468+0000: 186.108: Total time for which application threads were stopped: 0.0006083 seconds, Stopping threads took: 0.0000845 seconds
2015-03-07T19:14:00.469+0000: 186.108: Total time for which application threads were stopped: 0.0006034 seconds, Stopping threads took: 0.0000871 seconds
2015-03-07T19:14:00.469+0000: 186.109: Total time for which application threads were stopped: 0.0005955 seconds, Stopping threads took: 0.0000823 seconds
2015-03-07T19:14:00.470+0000: 186.110: Total time for which application threads were stopped: 0.0005716 seconds, Stopping threads took: 0.0000641 seconds
2015-03-07T19:14:00.471+0000: 186.110: Total time for which application threads were stopped: 0.0006002 seconds, Stopping threads took: 0.0000835 seconds
2015-03-07T19:14:00.472+0000: 186.112: Total time for which application threads were stopped: 0.0006183 seconds, Stopping threads took: 0.0001103 seconds
2015-03-07T19:14:00.473+0000: 186.112: Total time for which application threads were stopped: 0.0006168 seconds, Stopping threads took: 0.0000965 seconds
2015-03-07T19:14:00.473+0000: 186.113: Total time for which application threads were stopped: 0.0006693 seconds, Stopping threads took: 0.0000928 seconds
2015-03-07T19:14:00.474+0000: 186.114: Total time for which application threads were stopped: 0.0006307 seconds, Stopping threads took: 0.0001101 seconds
2015-03-07T19:14:00.833+0000: 186.473: Total time for which application threads were stopped: 0.0027235 seconds, Stopping threads took: 0.0002432 seconds
2015-03-07T19:14:00.836+0000: 186.475: Total time for which application threads were stopped: 0.0007651 seconds, Stopping threads took: 0.0001705 seconds
2015-03-07T19:14:00.836+0000: 186.476: Total time for which application threads were stopped: 0.0006093 seconds, Stopping threads took: 0.0000752 seconds
2015-03-07T19:14:00.837+0000: 186.477: Total time for which application threads were stopped: 0.0006118 seconds, Stopping threads took: 0.0000768 seconds
2015-03-07T19:14:00.837+0000: 186.477: Total time for which application threads were stopped: 0.0005582 seconds, Stopping threads took: 0.0000529 seconds
2015-03-07T19:14:00.838+0000: 186.478: Total time for which application threads were stopped: 0.0005610 seconds, Stopping threads took: 0.0000616 seconds
2015-03-07T19:14:00.839+0000: 186.479: Total time for which application threads were stopped: 0.0006449 seconds, Stopping threads took: 0.0001025 seconds
2015-03-07T19:14:00.839+0000: 186.479: Total time for which application threads were stopped: 0.0005917 seconds, Stopping threads took: 0.0000507 seconds
2015-03-07T19:14:00.840+0000: 186.480: Total time for which application threads were stopped: 0.0006059 seconds, Stopping threads took: 0.0000813 seconds
2015-03-07T19:14:00.841+0000: 186.481: Total time for which application threads were stopped: 0.0006039 seconds, Stopping threads took: 0.0000622 seconds
2015-03-07T19:14:00.841+0000: 186.481: Total time for which application threads were stopped: 0.0006081 seconds, Stopping threads took: 0.0000844 seconds
2015-03-07T19:14:00.842+0000: 186.482: Total time for which application threads were stopped: 0.0006140 seconds, Stopping threads took: 0.0000849 seconds
2015-03-07T19:14:00.843+0000: 186.483: Total time for which application threads were stopped: 0.0006408 seconds, Stopping threads took: 0.0001132 seconds
2015-03-07T19:14:00.844+0000: 186.483: Total time for which application threads were stopped: 0.0006339 seconds, Stopping threads took: 0.0001003 seconds
2015-03-07T19:14:00.844+0000: 186.484: Total time for which application threads were stopped: 0.0006804 seconds, Stopping threads took: 0.0001364 seconds
2015-03-07T19:14:00.845+0000: 186.485: Total time for which application threads were stopped: 0.0006338 seconds, Stopping threads took: 0.0001048 seconds
2015-03-07T19:14:00.846+0000: 186.486: Total time for which application threads were stopped: 0.0006077 seconds, Stopping threads took: 0.0001000 seconds
2015-03-07T19:14:00.847+0000: 186.486: Total time for which application threads were stopped: 0.0006479 seconds, Stopping threads took: 0.0001005 seconds
2015-03-07T19:14:00.847+0000: 186.487: Total time for which application threads were stopped: 0.0005885 seconds, Stopping threads took: 0.0000616 seconds
2015-03-07T19:14:00.848+0000: 186.488: Total time for which application threads were stopped: 0.0006463 seconds, Stopping threads took: 0.0000745 seconds
2015-03-07T19:14:00.849+0000: 186.488: Total time for which application threads were stopped: 0.0006579 seconds, Stopping threads took: 0.0001023 seconds
2015-03-07T19:14:00.849+0000: 186.489: Total time for which application threads were stopped: 0.0005862 seconds, Stopping threads took: 0.0000421 seconds
2015-03-07T19:14:00.850+0000: 186.490: Total time for which application threads were stopped: 0.0006511 seconds, Stopping threads took: 0.0001186 seconds
2015-03-07T19:14:00.851+0000: 186.491: Total time for which application threads were stopped: 0.0006746 seconds, Stopping threads took: 0.0001245 seconds
2015-03-07T19:14:00.852+0000: 186.491: Total time for which application threads were stopped: 0.0006198 seconds, Stopping threads took: 0.0000842 seconds
2015-03-07T19:14:00.852+0000: 186.492: Total time for which application threads were stopped: 0.0006322 seconds, Stopping threads took: 0.0000849 seconds
2015-03-07T19:14:00.853+0000: 186.493: Total time for which application threads were stopped: 0.0006402 seconds, Stopping threads took: 0.0000979 seconds
2015-03-07T19:14:00.854+0000: 186.494: Total time for which application threads were stopped: 0.0006645 seconds, Stopping threads took: 0.0001236 seconds
2015-03-07T19:14:00.855+0000: 186.494: Total time for which application threads were stopped: 0.0006467 seconds, Stopping threads took: 0.0001092 seconds
2015-03-07T19:14:00.855+0000: 186.495: Total time for which application threads were stopped: 0.0006352 seconds, Stopping threads took: 0.0000959 seconds
2015-03-07T19:14:00.856+0000: 186.496: Total time for which application threads were stopped: 0.0006359 seconds, Stopping threads took: 0.0001043 seconds
2015-03-07T19:14:00.857+0000: 186.497: Total time for which application threads were stopped: 0.0006632 seconds, Stopping threads took: 0.0001281 seconds
2015-03-07T19:14:00.858+0000: 186.498: Total time for which application threads were stopped: 0.0007291 seconds, Stopping threads took: 0.0001208 seconds
2015-03-07T19:14:00.858+0000: 186.498: Total time for which application threads were stopped: 0.0006982 seconds, Stopping threads took: 0.0001004 seconds
2015-03-07T19:14:00.859+0000: 186.499: Total time for which application threads were stopped: 0.0006726 seconds, Stopping threads took: 0.0001265 seconds
2015-03-07T19:14:00.940+0000: 186.580: Total time for which application threads were stopped: 0.0007263 seconds, Stopping threads took: 0.0001787 seconds
2015-03-07T19:14:00.940+0000: 186.580: Total time for which application threads were stopped: 0.0005407 seconds, Stopping threads took: 0.0000620 seconds
2015-03-07T19:14:00.941+0000: 186.581: Total time for which application threads were stopped: 0.0005489 seconds, Stopping threads took: 0.0000616 seconds
2015-03-07T19:14:00.942+0000: 186.582: Total time for which application threads were stopped: 0.0005638 seconds, Stopping threads took: 0.0000687 seconds
2015-03-07T19:14:00.944+0000: 186.584: Total time for which application threads were stopped: 0.0022568 seconds, Stopping threads took: 0.0000623 seconds
2015-03-07T19:14:00.946+0000: 186.586: Total time for which application threads were stopped: 0.0017001 seconds, Stopping threads took: 0.0000613 seconds
2015-03-07T19:14:01.065+0000: 186.705: Total time for which application threads were stopped: 0.0006381 seconds, Stopping threads took: 0.0001156 seconds
2015-03-07T19:14:01.075+0000: 186.715: Total time for which application threads were stopped: 0.0019198 seconds, Stopping threads took: 0.0001319 seconds
2015-03-07T19:14:01.076+0000: 186.715: Total time for which application threads were stopped: 0.0006011 seconds, Stopping threads took: 0.0000997 seconds
2015-03-07T19:14:01.078+0000: 186.717: Total time for which application threads were stopped: 0.0018320 seconds, Stopping threads took: 0.0000746 seconds
2015-03-07T19:14:01.078+0000: 186.718: Total time for which application threads were stopped: 0.0006334 seconds, Stopping threads took: 0.0000942 seconds
2015-03-07T19:14:01.124+0000: 186.764: Total time for which application threads were stopped: 0.0006126 seconds, Stopping threads took: 0.0001152 seconds
2015-03-07T19:14:01.158+0000: 186.798: Total time for which application threads were stopped: 0.0006397 seconds, Stopping threads took: 0.0001434 seconds
2015-03-07T19:14:01.166+0000: 186.806: Total time for which application threads were stopped: 0.0005773 seconds, Stopping threads took: 0.0000828 seconds
2015-03-07T19:14:01.167+0000: 186.807: Total time for which application threads were stopped: 0.0005891 seconds, Stopping threads took: 0.0001007 seconds
2015-03-07T19:14:01.167+0000: 186.807: Total time for which application threads were stopped: 0.0005802 seconds, Stopping threads took: 0.0000676 seconds
2015-03-07T19:14:01.168+0000: 186.808: Total time for which application threads were stopped: 0.0005435 seconds, Stopping threads took: 0.0000696 seconds
{Heap before GC invocations=26 (full 0):
 garbage-first heap   total 12582912K, used 7749280K [0x00000004c0000000, 0x00000004c0406000, 0x00000007c0000000)
  region size 4096K, 54 young (221184K), 20 survivors (81920K)
 Metaspace       used 36271K, capacity 37138K, committed 39756K, reserved 1085440K
  class space    used 3999K, capacity 4240K, committed 4684K, reserved 1048576K
2015-03-07T19:14:01.530+0000: 187.170: [GC pause (G1 Humongous Allocation) (young) (initial-mark)
Desired survivor size 41943040 bytes, new threshold 1 (max 15)
- age   1:   78286056 bytes,   78286056 total
, 0.0233851 secs]
   [Parallel Time: 18.4 ms, GC Workers: 28]
      [GC Worker Start (ms): Min: 187171.2, Avg: 187171.5, Max: 187171.9, Diff: 0.6]
      [Ext Root Scanning (ms): Min: 1.1, Avg: 1.5, Max: 2.1, Diff: 1.0, Sum: 42.3]
      [Update RS (ms): Min: 0.9, Avg: 1.3, Max: 3.1, Diff: 2.2, Sum: 37.1]
         [Processed Buffers: Min: 2, Avg: 4.5, Max: 10, Diff: 8, Sum: 125]
      [Scan RS (ms): Min: 10.0, Avg: 11.6, Max: 12.3, Diff: 2.3, Sum: 323.7]
      [Code Root Scanning (ms): Min: 0.0, Avg: 0.0, Max: 0.1, Diff: 0.1, Sum: 0.2]
      [Object Copy (ms): Min: 2.5, Avg: 3.0, Max: 3.3, Diff: 0.8, Sum: 85.0]
      [Termination (ms): Min: 0.0, Avg: 0.2, Max: 0.4, Diff: 0.4, Sum: 4.6]
      [GC Worker Other (ms): Min: 0.0, Avg: 0.0, Max: 0.0, Diff: 0.0, Sum: 0.7]
      [GC Worker Total (ms): Min: 17.3, Avg: 17.6, Max: 17.9, Diff: 0.6, Sum: 493.5]
      [GC Worker End (ms): Min: 187189.2, Avg: 187189.2, Max: 187189.2, Diff: 0.0]
   [Code Root Fixup: 0.1 ms]
   [Code Root Purge: 0.1 ms]
   [Clear CT: 0.6 ms]
   [Other: 4.2 ms]
      [Choose CSet: 0.0 ms]
      [Ref Proc: 0.6 ms]
      [Ref Enq: 0.0 ms]
      [Redirty Cards: 1.4 ms]
      [Humongous Reclaim: 0.0 ms]
      [Free CSet: 0.5 ms]
   [Eden: 136.0M(532.0M)->0.0B(552.0M) Survivors: 80.0M->60.0M Heap: 7568.7M(12.0G)->7461.4M(12.0G)]
Heap after GC invocations=27 (full 0):
 garbage-first heap   total 12582912K, used 7640439K [0x00000004c0000000, 0x00000004c0406000, 0x00000007c0000000)
  region size 4096K, 15 young (61440K), 15 survivors (61440K)
 Metaspace       used 36271K, capacity 37138K, committed 39756K, reserved 1085440K
  class space    used 3999K, capacity 4240K, committed 4684K, reserved 1048576K
}
 [Times: user=0.48 sys=0.00, real=0.02 secs] 
2015-03-07T19:14:01.554+0000: 187.194: [GC concurrent-root-region-scan-start]
2015-03-07T19:14:01.554+0000: 187.194: Total time for which application threads were stopped: 0.0246802 seconds, Stopping threads took: 0.0001480 seconds
2015-03-07T19:14:01.555+0000: 187.195: [GC concurrent-root-region-scan-end, 0.0009515 secs]
2015-03-07T19:14:01.555+0000: 187.195: [GC concurrent-mark-start]
2015-03-07T19:14:01.566+0000: 187.206: Total time for which application threads were stopped: 0.0009571 seconds, Stopping threads took: 0.0001121 seconds
2015-03-07T19:14:01.567+0000: 187.207: Total time for which application threads were stopped: 0.0006126 seconds, Stopping threads took: 0.0001169 seconds
2015-03-07T19:14:01.568+0000: 187.208: Total time for which application threads were stopped: 0.0005960 seconds, Stopping threads took: 0.0000851 seconds
2015-03-07T19:14:01.568+0000: 187.208: Total time for which application threads were stopped: 0.0005888 seconds, Stopping threads took: 0.0000874 seconds
2015-03-07T19:14:01.616+0000: 187.256: Total time for which application threads were stopped: 0.0008387 seconds, Stopping threads took: 0.0001270 seconds
2015-03-07T19:14:01.694+0000: 187.334: Total time for which application threads were stopped: 0.0010536 seconds, Stopping threads took: 0.0001859 seconds
2015-03-07T19:14:01.695+0000: 187.335: Total time for which application threads were stopped: 0.0006512 seconds, Stopping threads took: 0.0001132 seconds
2015-03-07T19:14:01.700+0000: 187.340: [GC concurrent-mark-end, 0.1445670 secs]
2015-03-07T19:14:01.700+0000: 187.340: [GC remark 187.340: [Finalize Marking, 0.0026626 secs] 187.343: [GC ref-proc, 0.0023585 secs] 187.345: [Unloading, 0.0075977 secs], 0.0316349 secs]
 [Times: user=0.29 sys=0.01, real=0.03 secs] 
2015-03-07T19:14:01.732+0000: 187.372: Total time for which application threads were stopped: 0.0325972 seconds, Stopping threads took: 0.0001213 seconds
2015-03-07T19:14:01.733+0000: 187.373: [GC cleanup 7513M->6415M(12G), 0.0072380 secs]
 [Times: user=0.09 sys=0.00, real=0.01 secs] 
2015-03-07T19:14:01.741+0000: 187.381: Total time for which application threads were stopped: 0.0083183 seconds, Stopping threads took: 0.0001430 seconds
2015-03-07T19:14:01.741+0000: 187.381: [GC concurrent-cleanup-start]
2015-03-07T19:14:01.742+0000: 187.381: [GC concurrent-cleanup-end, 0.0007604 secs]
2015-03-07T19:14:01.748+0000: 187.388: Total time for which application threads were stopped: 0.0007191 seconds, Stopping threads took: 0.0001404 seconds
2015-03-07T19:14:01.749+0000: 187.389: Total time for which application threads were stopped: 0.0005672 seconds, Stopping threads took: 0.0000697 seconds
2015-03-07T19:14:01.750+0000: 187.389: Total time for which application threads were stopped: 0.0005958 seconds, Stopping threads took: 0.0000768 seconds
2015-03-07T19:14:01.750+0000: 187.390: Total time for which application threads were stopped: 0.0005651 seconds, Stopping threads took: 0.0000746 seconds
2015-03-07T19:14:01.797+0000: 187.437: Total time for which application threads were stopped: 0.0006250 seconds, Stopping threads took: 0.0001009 seconds
2015-03-07T19:14:01.872+0000: 187.512: Total time for which application threads were stopped: 0.0007589 seconds, Stopping threads took: 0.0002084 seconds
2015-03-07T19:14:01.884+0000: 187.524: Total time for which application threads were stopped: 0.0006319 seconds, Stopping threads took: 0.0001241 seconds
2015-03-07T19:14:01.885+0000: 187.525: Total time for which application threads were stopped: 0.0005910 seconds, Stopping threads took: 0.0000872 seconds
2015-03-07T19:14:01.885+0000: 187.525: Total time for which application threads were stopped: 0.0005660 seconds, Stopping threads took: 0.0000758 seconds
2015-03-07T19:14:01.886+0000: 187.526: Total time for which application threads were stopped: 0.0006020 seconds, Stopping threads took: 0.0000822 seconds
2015-03-07T19:14:02.104+0000: 187.744: Total time for which application threads were stopped: 0.0007785 seconds, Stopping threads took: 0.0002039 seconds
2015-03-07T19:14:02.116+0000: 187.756: Total time for which application threads were stopped: 0.0006814 seconds, Stopping threads took: 0.0001527 seconds
2015-03-07T19:14:02.117+0000: 187.757: Total time for which application threads were stopped: 0.0006258 seconds, Stopping threads took: 0.0001049 seconds
2015-03-07T19:14:02.118+0000: 187.758: Total time for which application threads were stopped: 0.0006044 seconds, Stopping threads took: 0.0000929 seconds
2015-03-07T19:14:02.118+0000: 187.758: Total time for which application threads were stopped: 0.0006000 seconds, Stopping threads took: 0.0000911 seconds
2015-03-07T19:14:02.565+0000: 188.205: Total time for which application threads were stopped: 0.0008027 seconds, Stopping threads took: 0.0001767 seconds
2015-03-07T19:14:02.577+0000: 188.217: Total time for which application threads were stopped: 0.0002859 seconds, Stopping threads took: 0.0000580 seconds
2015-03-07T19:14:02.578+0000: 188.218: Total time for which application threads were stopped: 0.0002779 seconds, Stopping threads took: 0.0000930 seconds
2015-03-07T19:14:02.578+0000: 188.218: Total time for which application threads were stopped: 0.0002523 seconds, Stopping threads took: 0.0000661 seconds
2015-03-07T19:14:02.578+0000: 188.218: Total time for which application threads were stopped: 0.0002735 seconds, Stopping threads took: 0.0000793 seconds
2015-03-07T19:14:03.026+0000: 188.666: Total time for which application threads were stopped: 0.0008555 seconds, Stopping threads took: 0.0001972 seconds
2015-03-07T19:14:03.109+0000: 188.749: Total time for which application threads were stopped: 0.0003975 seconds, Stopping threads took: 0.0001655 seconds
2015-03-07T19:14:03.122+0000: 188.762: Total time for which application threads were stopped: 0.0003932 seconds, Stopping threads took: 0.0001852 seconds
2015-03-07T19:14:03.122+0000: 188.762: Total time for which application threads were stopped: 0.0002908 seconds, Stopping threads took: 0.0001005 seconds
2015-03-07T19:14:03.122+0000: 188.762: Total time for which application threads were stopped: 0.0002333 seconds, Stopping threads took: 0.0000513 seconds
2015-03-07T19:14:03.123+0000: 188.763: Total time for which application threads were stopped: 0.0003127 seconds, Stopping threads took: 0.0001086 seconds
2015-03-07T19:14:03.217+0000: 188.857: Total time for which application threads were stopped: 0.0003754 seconds, Stopping threads took: 0.0001177 seconds
2015-03-07T19:14:03.220+0000: 188.860: Total time for which application threads were stopped: 0.0003021 seconds, Stopping threads took: 0.0000689 seconds
2015-03-07T19:14:03.228+0000: 188.867: Total time for which application threads were stopped: 0.0003811 seconds, Stopping threads took: 0.0001547 seconds
2015-03-07T19:14:03.229+0000: 188.869: Total time for which application threads were stopped: 0.0003469 seconds, Stopping threads took: 0.0001122 seconds
2015-03-07T19:14:03.230+0000: 188.869: Total time for which application threads were stopped: 0.0002955 seconds, Stopping threads took: 0.0000962 seconds
2015-03-07T19:14:03.230+0000: 188.870: Total time for which application threads were stopped: 0.0002588 seconds, Stopping threads took: 0.0000611 seconds
2015-03-07T19:14:03.230+0000: 188.870: Total time for which application threads were stopped: 0.0002683 seconds, Stopping threads took: 0.0000597 seconds
2015-03-07T19:14:03.446+0000: 189.085: Total time for which application threads were stopped: 0.0012612 seconds, Stopping threads took: 0.0002659 seconds
2015-03-07T19:14:03.501+0000: 189.140: Total time for which application threads were stopped: 0.0007367 seconds, Stopping threads took: 0.0001665 seconds
2015-03-07T19:14:03.512+0000: 189.152: Total time for which application threads were stopped: 0.0006718 seconds, Stopping threads took: 0.0001438 seconds
2015-03-07T19:14:03.513+0000: 189.153: Total time for which application threads were stopped: 0.0006443 seconds, Stopping threads took: 0.0001333 seconds
2015-03-07T19:14:03.514+0000: 189.154: Total time for which application threads were stopped: 0.0005813 seconds, Stopping threads took: 0.0000944 seconds
2015-03-07T19:14:03.514+0000: 189.154: Total time for which application threads were stopped: 0.0006242 seconds, Stopping threads took: 0.0000946 seconds
2015-03-07T19:14:03.515+0000: 189.155: Total time for which application threads were stopped: 0.0006295 seconds, Stopping threads took: 0.0000992 seconds
2015-03-07T19:14:03.749+0000: 189.389: Total time for which application threads were stopped: 0.0006679 seconds, Stopping threads took: 0.0001217 seconds
2015-03-07T19:14:03.809+0000: 189.449: Total time for which application threads were stopped: 0.0006864 seconds, Stopping threads took: 0.0001183 seconds
2015-03-07T19:14:03.816+0000: 189.456: Total time for which application threads were stopped: 0.0006044 seconds, Stopping threads took: 0.0000828 seconds
2015-03-07T19:14:03.817+0000: 189.457: Total time for which application threads were stopped: 0.0005986 seconds, Stopping threads took: 0.0000751 seconds
2015-03-07T19:14:03.818+0000: 189.458: Total time for which application threads were stopped: 0.0005757 seconds, Stopping threads took: 0.0000745 seconds
2015-03-07T19:14:03.819+0000: 189.458: Total time for which application threads were stopped: 0.0006435 seconds, Stopping threads took: 0.0000726 seconds
2015-03-07T19:14:03.819+0000: 189.459: Total time for which application threads were stopped: 0.0006006 seconds, Stopping threads took: 0.0000774 seconds
2015-03-07T19:14:04.081+0000: 189.721: Total time for which application threads were stopped: 0.0007636 seconds, Stopping threads took: 0.0001454 seconds
2015-03-07T19:14:04.089+0000: 189.729: Total time for which application threads were stopped: 0.0006134 seconds, Stopping threads took: 0.0000856 seconds
2015-03-07T19:14:04.090+0000: 189.730: Total time for which application threads were stopped: 0.0006530 seconds, Stopping threads took: 0.0000781 seconds
2015-03-07T19:14:04.091+0000: 189.731: Total time for which application threads were stopped: 0.0006582 seconds, Stopping threads took: 0.0000679 seconds
2015-03-07T19:14:04.091+0000: 189.731: Total time for which application threads were stopped: 0.0006788 seconds, Stopping threads took: 0.0000757 seconds
2015-03-07T19:14:04.199+0000: 189.839: Total time for which application threads were stopped: 0.0007106 seconds, Stopping threads took: 0.0001496 seconds
2015-03-07T19:14:04.206+0000: 189.846: Total time for which application threads were stopped: 0.0006248 seconds, Stopping threads took: 0.0000868 seconds
2015-03-07T19:14:04.207+0000: 189.847: Total time for which application threads were stopped: 0.0005957 seconds, Stopping threads took: 0.0000842 seconds
2015-03-07T19:14:04.208+0000: 189.848: Total time for which application threads were stopped: 0.0006005 seconds, Stopping threads took: 0.0000879 seconds
2015-03-07T19:14:04.208+0000: 189.848: Total time for which application threads were stopped: 0.0005679 seconds, Stopping threads took: 0.0000682 seconds
2015-03-07T19:14:05.209+0000: 190.849: Total time for which application threads were stopped: 0.0007153 seconds, Stopping threads took: 0.0001860 seconds
2015-03-07T19:14:12.212+0000: 197.851: Total time for which application threads were stopped: 0.0011583 seconds, Stopping threads took: 0.0002037 seconds
2015-03-07T19:14:14.213+0000: 199.853: Total time for which application threads were stopped: 0.0011663 seconds, Stopping threads took: 0.0002774 seconds
2015-03-07T19:14:15.214+0000: 200.854: Total time for which application threads were stopped: 0.0007547 seconds, Stopping threads took: 0.0002070 seconds
2015-03-07T19:14:19.215+0000: 204.855: Total time for which application threads were stopped: 0.0010285 seconds, Stopping threads took: 0.0001960 seconds
2015-03-07T19:14:45.977+0000: 231.617: Total time for which application threads were stopped: 0.0013185 seconds, Stopping threads took: 0.0002837 seconds
2015-03-07T19:14:45.995+0000: 231.635: Total time for which application threads were stopped: 0.0011923 seconds, Stopping threads took: 0.0005194 seconds
2015-03-07T19:14:46.006+0000: 231.645: Total time for which application threads were stopped: 0.0021452 seconds, Stopping threads took: 0.0015171 seconds
2015-03-07T19:14:46.019+0000: 231.659: Total time for which application threads were stopped: 0.0019222 seconds, Stopping threads took: 0.0012899 seconds
2015-03-07T19:14:46.032+0000: 231.672: Total time for which application threads were stopped: 0.0023314 seconds, Stopping threads took: 0.0011936 seconds
2015-03-07T19:14:46.055+0000: 231.695: Total time for which application threads were stopped: 0.0029938 seconds, Stopping threads took: 0.0020061 seconds
2015-03-07T19:14:46.080+0000: 231.720: Total time for which application threads were stopped: 0.0102585 seconds, Stopping threads took: 0.0095011 seconds
2015-03-07T19:14:46.093+0000: 231.733: Total time for which application threads were stopped: 0.0069145 seconds, Stopping threads took: 0.0062037 seconds
2015-03-07T19:14:46.104+0000: 231.743: Total time for which application threads were stopped: 0.0057964 seconds, Stopping threads took: 0.0051432 seconds
2015-03-07T19:14:46.114+0000: 231.754: Total time for which application threads were stopped: 0.0059773 seconds, Stopping threads took: 0.0053084 seconds
2015-03-07T19:14:46.120+0000: 231.760: Total time for which application threads were stopped: 0.0012186 seconds, Stopping threads took: 0.0002044 seconds
2015-03-07T19:14:46.121+0000: 231.761: Total time for which application threads were stopped: 0.0013010 seconds, Stopping threads took: 0.0003161 seconds
2015-03-07T19:14:46.128+0000: 231.768: Total time for which application threads were stopped: 0.0061089 seconds, Stopping threads took: 0.0001335 seconds
2015-03-07T19:14:46.130+0000: 231.769: Total time for which application threads were stopped: 0.0014404 seconds, Stopping threads took: 0.0004618 seconds
2015-03-07T19:14:46.131+0000: 231.771: Total time for which application threads were stopped: 0.0012198 seconds, Stopping threads took: 0.0002491 seconds
2015-03-07T19:14:46.133+0000: 231.772: Total time for which application threads were stopped: 0.0011691 seconds, Stopping threads took: 0.0002244 seconds
2015-03-07T19:14:46.134+0000: 231.774: Total time for which application threads were stopped: 0.0008779 seconds, Stopping threads took: 0.0002403 seconds
2015-03-07T19:14:46.136+0000: 231.775: Total time for which application threads were stopped: 0.0008203 seconds, Stopping threads took: 0.0001698 seconds
2015-03-07T19:14:46.137+0000: 231.777: Total time for which application threads were stopped: 0.0011001 seconds, Stopping threads took: 0.0004568 seconds
2015-03-07T19:14:46.138+0000: 231.778: Total time for which application threads were stopped: 0.0007219 seconds, Stopping threads took: 0.0001219 seconds
2015-03-07T19:14:46.139+0000: 231.779: Total time for which application threads were stopped: 0.0007620 seconds, Stopping threads took: 0.0001607 seconds
2015-03-07T19:14:46.140+0000: 231.780: Total time for which application threads were stopped: 0.0007001 seconds, Stopping threads took: 0.0001308 seconds
2015-03-07T19:14:46.141+0000: 231.781: Total time for which application threads were stopped: 0.0007478 seconds, Stopping threads took: 0.0001553 seconds
2015-03-07T19:14:46.142+0000: 231.782: Total time for which application threads were stopped: 0.0007238 seconds, Stopping threads took: 0.0001257 seconds
2015-03-07T19:14:46.143+0000: 231.782: Total time for which application threads were stopped: 0.0007889 seconds, Stopping threads took: 0.0001728 seconds
2015-03-07T19:14:46.143+0000: 231.783: Total time for which application threads were stopped: 0.0007579 seconds, Stopping threads took: 0.0001542 seconds
2015-03-07T19:14:46.144+0000: 231.784: Total time for which application threads were stopped: 0.0007707 seconds, Stopping threads took: 0.0001714 seconds
2015-03-07T19:14:46.147+0000: 231.786: Total time for which application threads were stopped: 0.0020927 seconds, Stopping threads took: 0.0001189 seconds
2015-03-07T19:14:47.148+0000: 232.787: Total time for which application threads were stopped: 0.0008387 seconds, Stopping threads took: 0.0001819 seconds
2015-03-07T19:14:49.173+0000: 234.813: Total time for which application threads were stopped: 0.0252762 seconds, Stopping threads took: 0.0246805 seconds
2015-03-07T19:14:50.174+0000: 235.814: Total time for which application threads were stopped: 0.0006850 seconds, Stopping threads took: 0.0001830 seconds
2015-03-07T19:14:51.320+0000: 236.960: Total time for which application threads were stopped: 0.0012582 seconds, Stopping threads took: 0.0003123 seconds
2015-03-07T19:14:51.321+0000: 236.961: Total time for which application threads were stopped: 0.0005333 seconds, Stopping threads took: 0.0000683 seconds
2015-03-07T19:14:51.322+0000: 236.961: Total time for which application threads were stopped: 0.0005327 seconds, Stopping threads took: 0.0000640 seconds
2015-03-07T19:14:52.323+0000: 237.963: Total time for which application threads were stopped: 0.0011940 seconds, Stopping threads took: 0.0002269 seconds
2015-03-07T19:14:52.659+0000: 238.299: Total time for which application threads were stopped: 0.0008021 seconds, Stopping threads took: 0.0001943 seconds
2015-03-07T19:14:52.769+0000: 238.409: Total time for which application threads were stopped: 0.0009554 seconds, Stopping threads took: 0.0001743 seconds
2015-03-07T19:14:52.908+0000: 238.548: Total time for which application threads were stopped: 0.0007160 seconds, Stopping threads took: 0.0001451 seconds
{Heap before GC invocations=28 (full 0):
 garbage-first heap   total 12582912K, used 11753346K [0x00000004c0000000, 0x00000004c0406000, 0x00000007c0000000)
  region size 4096K, 62 young (253952K), 15 survivors (61440K)
 Metaspace       used 36373K, capacity 37266K, committed 40012K, reserved 1085440K
  class space    used 4000K, capacity 4240K, committed 4684K, reserved 1048576K
2015-03-07T19:14:53.231+0000: 238.871: [GC pause (G1 Humongous Allocation) (young)
Desired survivor size 41943040 bytes, new threshold 15 (max 15)
- age   1:   26731192 bytes,   26731192 total
, 0.1002615 secs]
   [Parallel Time: 79.9 ms, GC Workers: 28]
      [GC Worker Start (ms): Min: 238882.4, Avg: 238882.8, Max: 238883.2, Diff: 0.8]
      [Ext Root Scanning (ms): Min: 0.1, Avg: 0.4, Max: 1.2, Diff: 1.2, Sum: 11.5]
      [Update RS (ms): Min: 75.1, Avg: 75.6, Max: 76.1, Diff: 1.0, Sum: 2116.9]
         [Processed Buffers: Min: 128, Avg: 141.9, Max: 166, Diff: 38, Sum: 3972]
      [Scan RS (ms): Min: 0.0, Avg: 0.0, Max: 0.1, Diff: 0.1, Sum: 1.2]
      [Code Root Scanning (ms): Min: 0.0, Avg: 0.0, Max: 0.1, Diff: 0.1, Sum: 0.3]
      [Object Copy (ms): Min: 2.6, Avg: 3.0, Max: 3.1, Diff: 0.5, Sum: 84.6]
      [Termination (ms): Min: 0.0, Avg: 0.0, Max: 0.0, Diff: 0.0, Sum: 0.5]
      [GC Worker Other (ms): Min: 0.0, Avg: 0.0, Max: 0.1, Diff: 0.1, Sum: 1.1]
      [GC Worker Total (ms): Min: 78.8, Avg: 79.1, Max: 79.6, Diff: 0.9, Sum: 2216.1]
      [GC Worker End (ms): Min: 238962.0, Avg: 238962.0, Max: 238962.0, Diff: 0.1]
   [Code Root Fixup: 0.1 ms]
   [Code Root Purge: 0.0 ms]
   [Clear CT: 1.8 ms]
   [Other: 18.4 ms]
      [Choose CSet: 0.0 ms]
      [Ref Proc: 1.1 ms]
      [Ref Enq: 0.1 ms]
      [Redirty Cards: 2.8 ms]
      [Humongous Reclaim: 3.1 ms]
      [Free CSet: 0.2 ms]
   [Eden: 188.0M(552.0M)->0.0B(556.0M) Survivors: 60.0M->56.0M Heap: 11.2G(12.0G)->7442.7M(12.0G)]
Heap after GC invocations=29 (full 0):
 garbage-first heap   total 12582912K, used 7621339K [0x00000004c0000000, 0x00000004c0406000, 0x00000007c0000000)
  region size 4096K, 14 young (57344K), 14 survivors (57344K)
 Metaspace       used 36373K, capacity 37266K, committed 40012K, reserved 1085440K
  class space    used 4000K, capacity 4240K, committed 4684K, reserved 1048576K
}
 [Times: user=2.24 sys=0.00, real=0.10 secs] 
2015-03-07T19:14:53.332+0000: 238.972: Total time for which application threads were stopped: 0.1016101 seconds, Stopping threads took: 0.0001306 seconds
2015-03-07T19:14:53.928+0000: 239.568: Total time for which application threads were stopped: 0.0007666 seconds, Stopping threads took: 0.0001448 seconds
2015-03-07T19:14:54.070+0000: 239.710: Total time for which application threads were stopped: 0.0019561 seconds, Stopping threads took: 0.0001438 seconds
2015-03-07T19:14:54.629+0000: 240.269: Total time for which application threads were stopped: 0.0006860 seconds, Stopping threads took: 0.0001612 seconds
2015-03-07T19:14:54.637+0000: 240.277: Total time for which application threads were stopped: 0.0003131 seconds, Stopping threads took: 0.0000568 seconds
2015-03-07T19:14:55.637+0000: 241.277: Total time for which application threads were stopped: 0.0006185 seconds, Stopping threads took: 0.0001417 seconds
2015-03-07T19:14:57.773+0000: 243.413: Total time for which application threads were stopped: 0.0007233 seconds, Stopping threads took: 0.0001583 seconds
2015-03-07T19:14:58.774+0000: 244.414: Total time for which application threads were stopped: 0.0006363 seconds, Stopping threads took: 0.0001417 seconds
2015-03-07T19:14:58.982+0000: 244.622: Total time for which application threads were stopped: 0.0004815 seconds, Stopping threads took: 0.0001019 seconds
2015-03-07T19:14:58.991+0000: 244.631: Total time for which application threads were stopped: 0.0002706 seconds, Stopping threads took: 0.0000476 seconds
2015-03-07T19:14:58.991+0000: 244.631: Total time for which application threads were stopped: 0.0002300 seconds, Stopping threads took: 0.0000280 seconds
2015-03-07T19:14:58.991+0000: 244.631: Total time for which application threads were stopped: 0.0002238 seconds, Stopping threads took: 0.0000303 seconds
2015-03-07T19:14:58.991+0000: 244.631: Total time for which application threads were stopped: 0.0002400 seconds, Stopping threads took: 0.0000333 seconds
2015-03-07T19:14:59.100+0000: 244.739: Total time for which application threads were stopped: 0.0002544 seconds, Stopping threads took: 0.0000380 seconds
2015-03-07T19:14:59.100+0000: 244.740: Total time for which application threads were stopped: 0.0002197 seconds, Stopping threads took: 0.0000290 seconds
2015-03-07T19:14:59.101+0000: 244.741: Total time for which application threads were stopped: 0.0002803 seconds, Stopping threads took: 0.0000530 seconds
2015-03-07T19:14:59.102+0000: 244.742: Total time for which application threads were stopped: 0.0002784 seconds, Stopping threads took: 0.0000697 seconds
2015-03-07T19:14:59.708+0000: 245.347: Total time for which application threads were stopped: 0.0016881 seconds, Stopping threads took: 0.0001367 seconds
2015-03-07T19:14:59.716+0000: 245.355: Total time for which application threads were stopped: 0.0003529 seconds, Stopping threads took: 0.0001237 seconds
2015-03-07T19:14:59.716+0000: 245.356: Total time for which application threads were stopped: 0.0002476 seconds, Stopping threads took: 0.0000595 seconds
2015-03-07T19:14:59.716+0000: 245.356: Total time for which application threads were stopped: 0.0002181 seconds, Stopping threads took: 0.0000305 seconds
2015-03-07T19:14:59.716+0000: 245.356: Total time for which application threads were stopped: 0.0002553 seconds, Stopping threads took: 0.0000356 seconds
2015-03-07T19:15:00.371+0000: 246.011: Total time for which application threads were stopped: 0.0012388 seconds, Stopping threads took: 0.0001886 seconds
2015-03-07T19:15:00.372+0000: 246.012: Total time for which application threads were stopped: 0.0006030 seconds, Stopping threads took: 0.0001066 seconds
2015-03-07T19:15:00.385+0000: 246.025: Total time for which application threads were stopped: 0.0007289 seconds, Stopping threads took: 0.0001652 seconds
2015-03-07T19:15:00.386+0000: 246.025: Total time for which application threads were stopped: 0.0006404 seconds, Stopping threads took: 0.0001304 seconds
2015-03-07T19:15:00.386+0000: 246.026: Total time for which application threads were stopped: 0.0005638 seconds, Stopping threads took: 0.0000830 seconds
2015-03-07T19:15:01.387+0000: 247.027: Total time for which application threads were stopped: 0.0006984 seconds, Stopping threads took: 0.0001295 seconds
2015-03-07T19:15:01.763+0000: 247.403: Total time for which application threads were stopped: 0.0008110 seconds, Stopping threads took: 0.0001429 seconds
2015-03-07T19:15:01.766+0000: 247.406: Total time for which application threads were stopped: 0.0005720 seconds, Stopping threads took: 0.0000888 seconds
2015-03-07T19:15:01.776+0000: 247.415: Total time for which application threads were stopped: 0.0005880 seconds, Stopping threads took: 0.0001318 seconds
2015-03-07T19:15:01.777+0000: 247.417: Total time for which application threads were stopped: 0.0005100 seconds, Stopping threads took: 0.0000957 seconds
2015-03-07T19:15:01.780+0000: 247.420: Total time for which application threads were stopped: 0.0029678 seconds, Stopping threads took: 0.0000947 seconds
2015-03-07T19:15:01.781+0000: 247.421: Total time for which application threads were stopped: 0.0005509 seconds, Stopping threads took: 0.0001273 seconds
2015-03-07T19:15:01.782+0000: 247.421: Total time for which application threads were stopped: 0.0005382 seconds, Stopping threads took: 0.0000889 seconds
2015-03-07T19:15:02.180+0000: 247.820: Total time for which application threads were stopped: 0.0007404 seconds, Stopping threads took: 0.0001134 seconds
2015-03-07T19:15:02.180+0000: 247.820: Total time for which application threads were stopped: 0.0004375 seconds, Stopping threads took: 0.0000534 seconds
2015-03-07T19:15:02.181+0000: 247.821: Total time for which application threads were stopped: 0.0004719 seconds, Stopping threads took: 0.0000615 seconds
2015-03-07T19:15:02.183+0000: 247.823: Total time for which application threads were stopped: 0.0018578 seconds, Stopping threads took: 0.0000583 seconds
2015-03-07T19:15:02.418+0000: 248.058: Total time for which application threads were stopped: 0.0006705 seconds, Stopping threads took: 0.0001180 seconds
2015-03-07T19:15:02.419+0000: 248.059: Total time for which application threads were stopped: 0.0004417 seconds, Stopping threads took: 0.0000446 seconds
2015-03-07T19:15:02.430+0000: 248.070: Total time for which application threads were stopped: 0.0004920 seconds, Stopping threads took: 0.0000845 seconds
2015-03-07T19:15:02.431+0000: 248.071: Total time for which application threads were stopped: 0.0004696 seconds, Stopping threads took: 0.0000745 seconds
2015-03-07T19:15:02.431+0000: 248.071: Total time for which application threads were stopped: 0.0005010 seconds, Stopping threads took: 0.0000721 seconds
2015-03-07T19:15:02.615+0000: 248.255: Total time for which application threads were stopped: 0.0005930 seconds, Stopping threads took: 0.0001241 seconds
2015-03-07T19:15:02.646+0000: 248.286: Total time for which application threads were stopped: 0.0006375 seconds, Stopping threads took: 0.0001442 seconds
2015-03-07T19:15:02.646+0000: 248.286: Total time for which application threads were stopped: 0.0004643 seconds, Stopping threads took: 0.0000677 seconds
2015-03-07T19:15:02.647+0000: 248.287: Total time for which application threads were stopped: 0.0004592 seconds, Stopping threads took: 0.0000595 seconds
2015-03-07T19:15:02.920+0000: 248.560: Total time for which application threads were stopped: 0.0009343 seconds, Stopping threads took: 0.0002096 seconds
2015-03-07T19:15:02.931+0000: 248.571: Total time for which application threads were stopped: 0.0010071 seconds, Stopping threads took: 0.0002659 seconds
2015-03-07T19:15:02.932+0000: 248.571: Total time for which application threads were stopped: 0.0007211 seconds, Stopping threads took: 0.0000662 seconds
2015-03-07T19:15:02.932+0000: 248.572: Total time for which application threads were stopped: 0.0006813 seconds, Stopping threads took: 0.0000618 seconds
2015-03-07T19:15:02.933+0000: 248.573: Total time for which application threads were stopped: 0.0006701 seconds, Stopping threads took: 0.0000782 seconds
2015-03-07T19:15:02.934+0000: 248.574: Total time for which application threads were stopped: 0.0007012 seconds, Stopping threads took: 0.0000612 seconds
2015-03-07T19:15:02.934+0000: 248.574: Total time for which application threads were stopped: 0.0006633 seconds, Stopping threads took: 0.0000648 seconds
2015-03-07T19:15:02.935+0000: 248.575: Total time for which application threads were stopped: 0.0007576 seconds, Stopping threads took: 0.0001361 seconds
2015-03-07T19:15:02.936+0000: 248.576: Total time for which application threads were stopped: 0.0006569 seconds, Stopping threads took: 0.0000480 seconds
2015-03-07T19:15:02.937+0000: 248.576: Total time for which application threads were stopped: 0.0006852 seconds, Stopping threads took: 0.0000808 seconds
2015-03-07T19:15:02.937+0000: 248.577: Total time for which application threads were stopped: 0.0006661 seconds, Stopping threads took: 0.0000904 seconds
2015-03-07T19:15:02.938+0000: 248.578: Total time for which application threads were stopped: 0.0006721 seconds, Stopping threads took: 0.0000733 seconds
2015-03-07T19:15:02.939+0000: 248.579: Total time for which application threads were stopped: 0.0006474 seconds, Stopping threads took: 0.0000513 seconds
2015-03-07T19:15:02.939+0000: 248.579: Total time for which application threads were stopped: 0.0006835 seconds, Stopping threads took: 0.0000743 seconds
2015-03-07T19:15:02.940+0000: 248.580: Total time for which application threads were stopped: 0.0006338 seconds, Stopping threads took: 0.0000477 seconds
2015-03-07T19:15:02.941+0000: 248.581: Total time for which application threads were stopped: 0.0006819 seconds, Stopping threads took: 0.0000799 seconds
2015-03-07T19:15:02.942+0000: 248.581: Total time for which application threads were stopped: 0.0006911 seconds, Stopping threads took: 0.0000916 seconds
2015-03-07T19:15:02.942+0000: 248.582: Total time for which application threads were stopped: 0.0006434 seconds, Stopping threads took: 0.0000449 seconds
2015-03-07T19:15:02.943+0000: 248.583: Total time for which application threads were stopped: 0.0006804 seconds, Stopping threads took: 0.0000815 seconds
2015-03-07T19:15:02.944+0000: 248.584: Total time for which application threads were stopped: 0.0006916 seconds, Stopping threads took: 0.0000853 seconds
2015-03-07T19:15:02.944+0000: 248.584: Total time for which application threads were stopped: 0.0006600 seconds, Stopping threads took: 0.0000641 seconds
2015-03-07T19:15:02.945+0000: 248.585: Total time for which application threads were stopped: 0.0006546 seconds, Stopping threads took: 0.0000590 seconds
2015-03-07T19:15:02.946+0000: 248.586: Total time for which application threads were stopped: 0.0006553 seconds, Stopping threads took: 0.0000461 seconds
2015-03-07T19:15:02.947+0000: 248.586: Total time for which application threads were stopped: 0.0006697 seconds, Stopping threads took: 0.0000545 seconds
2015-03-07T19:15:02.947+0000: 248.587: Total time for which application threads were stopped: 0.0006762 seconds, Stopping threads took: 0.0000881 seconds
2015-03-07T19:15:02.948+0000: 248.588: Total time for which application threads were stopped: 0.0006551 seconds, Stopping threads took: 0.0000485 seconds
2015-03-07T19:15:02.949+0000: 248.589: Total time for which application threads were stopped: 0.0006675 seconds, Stopping threads took: 0.0000574 seconds
2015-03-07T19:15:02.949+0000: 248.589: Total time for which application threads were stopped: 0.0006437 seconds, Stopping threads took: 0.0000450 seconds
2015-03-07T19:15:02.950+0000: 248.590: Total time for which application threads were stopped: 0.0006735 seconds, Stopping threads took: 0.0000703 seconds
2015-03-07T19:15:02.951+0000: 248.591: Total time for which application threads were stopped: 0.0006870 seconds, Stopping threads took: 0.0000758 seconds
2015-03-07T19:15:02.952+0000: 248.591: Total time for which application threads were stopped: 0.0006907 seconds, Stopping threads took: 0.0000689 seconds
2015-03-07T19:15:02.952+0000: 248.592: Total time for which application threads were stopped: 0.0006395 seconds, Stopping threads took: 0.0000458 seconds
2015-03-07T19:15:02.953+0000: 248.593: Total time for which application threads were stopped: 0.0006555 seconds, Stopping threads took: 0.0000499 seconds
2015-03-07T19:15:02.954+0000: 248.593: Total time for which application threads were stopped: 0.0006620 seconds, Stopping threads took: 0.0000545 seconds
2015-03-07T19:15:02.954+0000: 248.594: Total time for which application threads were stopped: 0.0006356 seconds, Stopping threads took: 0.0000445 seconds
2015-03-07T19:15:02.955+0000: 248.595: Total time for which application threads were stopped: 0.0006620 seconds, Stopping threads took: 0.0000707 seconds
2015-03-07T19:15:02.956+0000: 248.596: Total time for which application threads were stopped: 0.0006751 seconds, Stopping threads took: 0.0000727 seconds
2015-03-07T19:15:02.956+0000: 248.596: Total time for which application threads were stopped: 0.0006547 seconds, Stopping threads took: 0.0000480 seconds
2015-03-07T19:15:02.957+0000: 248.597: Total time for which application threads were stopped: 0.0006817 seconds, Stopping threads took: 0.0000813 seconds
2015-03-07T19:15:02.963+0000: 248.603: Total time for which application threads were stopped: 0.0055310 seconds, Stopping threads took: 0.0000550 seconds
2015-03-07T19:15:02.965+0000: 248.605: Total time for which application threads were stopped: 0.0022417 seconds, Stopping threads took: 0.0000480 seconds
2015-03-07T19:15:03.026+0000: 248.666: Total time for which application threads were stopped: 0.0007710 seconds, Stopping threads took: 0.0001243 seconds
2015-03-07T19:15:03.027+0000: 248.667: Total time for which application threads were stopped: 0.0005600 seconds, Stopping threads took: 0.0000498 seconds
2015-03-07T19:15:03.169+0000: 248.809: Total time for which application threads were stopped: 0.0006112 seconds, Stopping threads took: 0.0000995 seconds
2015-03-07T19:15:03.182+0000: 248.822: Total time for which application threads were stopped: 0.0005484 seconds, Stopping threads took: 0.0000601 seconds
2015-03-07T19:15:03.183+0000: 248.823: Total time for which application threads were stopped: 0.0005475 seconds, Stopping threads took: 0.0000526 seconds
2015-03-07T19:15:03.183+0000: 248.823: Total time for which application threads were stopped: 0.0005745 seconds, Stopping threads took: 0.0000728 seconds
2015-03-07T19:15:04.025+0000: 249.665: Total time for which application threads were stopped: 0.0007331 seconds, Stopping threads took: 0.0001307 seconds
2015-03-07T19:15:04.036+0000: 249.676: Total time for which application threads were stopped: 0.0006399 seconds, Stopping threads took: 0.0001279 seconds
2015-03-07T19:15:04.037+0000: 249.677: Total time for which application threads were stopped: 0.0005334 seconds, Stopping threads took: 0.0000489 seconds
2015-03-07T19:15:04.038+0000: 249.677: Total time for which application threads were stopped: 0.0005654 seconds, Stopping threads took: 0.0000702 seconds
2015-03-07T19:15:04.253+0000: 249.892: Total time for which application threads were stopped: 0.0006186 seconds, Stopping threads took: 0.0000979 seconds
2015-03-07T19:15:04.264+0000: 249.904: Total time for which application threads were stopped: 0.0005634 seconds, Stopping threads took: 0.0000634 seconds
2015-03-07T19:15:04.265+0000: 249.905: Total time for which application threads were stopped: 0.0006325 seconds, Stopping threads took: 0.0000912 seconds
2015-03-07T19:15:04.266+0000: 249.905: Total time for which application threads were stopped: 0.0006174 seconds, Stopping threads took: 0.0000900 seconds
2015-03-07T19:15:05.267+0000: 250.907: Total time for which application threads were stopped: 0.0010844 seconds, Stopping threads took: 0.0002202 seconds
2015-03-07T19:15:06.268+0000: 251.907: Total time for which application threads were stopped: 0.0007475 seconds, Stopping threads took: 0.0001476 seconds
2015-03-07T19:15:13.269+0000: 258.909: Total time for which application threads were stopped: 0.0010570 seconds, Stopping threads took: 0.0002020 seconds
2015-03-07T19:15:15.270+0000: 260.910: Total time for which application threads were stopped: 0.0006741 seconds, Stopping threads took: 0.0001469 seconds
2015-03-07T19:15:15.623+0000: 261.262: Total time for which application threads were stopped: 0.0003833 seconds, Stopping threads took: 0.0000853 seconds
2015-03-07T19:15:16.623+0000: 262.263: Total time for which application threads were stopped: 0.0004781 seconds, Stopping threads took: 0.0000982 seconds
2015-03-07T19:15:17.624+0000: 263.264: Total time for which application threads were stopped: 0.0005867 seconds, Stopping threads took: 0.0001281 seconds
2015-03-07T19:15:18.625+0000: 264.264: Total time for which application threads were stopped: 0.0006892 seconds, Stopping threads took: 0.0001539 seconds
2015-03-07T19:15:20.625+0000: 266.265: Total time for which application threads were stopped: 0.0006930 seconds, Stopping threads took: 0.0001387 seconds
2015-03-07T19:15:21.626+0000: 267.266: Total time for which application threads were stopped: 0.0006263 seconds, Stopping threads took: 0.0001247 seconds
2015-03-07T19:15:26.627+0000: 272.267: Total time for which application threads were stopped: 0.0006949 seconds, Stopping threads took: 0.0001469 seconds
{Heap before GC invocations=29 (full 0):
 garbage-first heap   total 12582912K, used 12124349K [0x00000004c0000000, 0x00000004c0406000, 0x00000007c0000000)
  region size 4096K, 144 young (589824K), 14 survivors (57344K)
 Metaspace       used 36681K, capacity 37522K, committed 40268K, reserved 1085440K
  class space    used 4000K, capacity 4240K, committed 4684K, reserved 1048576K
2015-03-07T19:15:29.896+0000: 275.536: [GC pause (G1 Humongous Allocation) (mixed)
Desired survivor size 41943040 bytes, new threshold 15 (max 15)
- age   1:   15330112 bytes,   15330112 total
- age   2:   26298136 bytes,   41628248 total
 (to-space exhausted), 0.1495032 secs]
   [Parallel Time: 113.7 ms, GC Workers: 28]
      [GC Worker Start (ms): Min: 275536.2, Avg: 275536.7, Max: 275537.1, Diff: 0.9]
      [Ext Root Scanning (ms): Min: 0.1, Avg: 0.5, Max: 1.2, Diff: 1.0, Sum: 15.2]
      [Update RS (ms): Min: 2.5, Avg: 3.1, Max: 3.8, Diff: 1.3, Sum: 87.2]
         [Processed Buffers: Min: 4, Avg: 7.2, Max: 20, Diff: 16, Sum: 202]
      [Scan RS (ms): Min: 0.0, Avg: 0.1, Max: 0.3, Diff: 0.3, Sum: 3.8]
      [Code Root Scanning (ms): Min: 0.0, Avg: 0.0, Max: 0.1, Diff: 0.1, Sum: 0.8]
      [Object Copy (ms): Min: 108.3, Avg: 108.8, Max: 109.5, Diff: 1.2, Sum: 3046.0]
      [Termination (ms): Min: 0.0, Avg: 0.3, Max: 0.6, Diff: 0.6, Sum: 8.9]
      [GC Worker Other (ms): Min: 0.0, Avg: 0.0, Max: 0.1, Diff: 0.0, Sum: 0.7]
      [GC Worker Total (ms): Min: 112.5, Avg: 112.9, Max: 113.4, Diff: 0.9, Sum: 3162.6]
      [GC Worker End (ms): Min: 275649.6, Avg: 275649.7, Max: 275649.7, Diff: 0.1]
   [Code Root Fixup: 0.2 ms]
   [Code Root Purge: 0.0 ms]
   [Clear CT: 0.6 ms]
   [Other: 35.0 ms]
      [Evacuation Failure: 29.2 ms]
      [Choose CSet: 0.0 ms]
      [Ref Proc: 0.8 ms]
      [Ref Enq: 0.1 ms]
      [Redirty Cards: 1.1 ms]
      [Humongous Reclaim: 2.9 ms]
      [Free CSet: 0.2 ms]
   [Eden: 520.0M(556.0M)->0.0B(600.0M) Survivors: 56.0M->12.0M Heap: 11.6G(12.0G)->7968.8M(12.0G)]
Heap after GC invocations=30 (full 0):
 garbage-first heap   total 12582912K, used 8160099K [0x00000004c0000000, 0x00000004c0406000, 0x00000007c0000000)
  region size 4096K, 3 young (12288K), 3 survivors (12288K)
 Metaspace       used 36681K, capacity 37522K, committed 40268K, reserved 1085440K
  class space    used 4000K, capacity 4240K, committed 4684K, reserved 1048576K
}
 [Times: user=0.62 sys=0.02, real=0.15 secs] 
2015-03-07T19:15:30.046+0000: 275.685: Total time for which application threads were stopped: 0.1505670 seconds, Stopping threads took: 0.0001410 seconds
{Heap before GC invocations=30 (full 0):
 garbage-first heap   total 12582912K, used 8175521K [0x00000004c0000000, 0x00000004c0406000, 0x00000007c0000000)
  region size 4096K, 4 young (16384K), 3 survivors (12288K)
 Metaspace       used 36681K, capacity 37522K, committed 40268K, reserved 1085440K
  class space    used 4000K, capacity 4240K, committed 4684K, reserved 1048576K
2015-03-07T19:15:30.050+0000: 275.690: [GC pause (G1 Humongous Allocation) (young) (initial-mark)
Desired survivor size 41943040 bytes, new threshold 15 (max 15)
- age   1:      21128 bytes,      21128 total
- age   2:       2368 bytes,      23496 total
- age   3:        944 bytes,      24440 total
, 0.0065990 secs]
   [Parallel Time: 4.1 ms, GC Workers: 28]
      [GC Worker Start (ms): Min: 275690.7, Avg: 275691.1, Max: 275691.8, Diff: 1.1]
      [Ext Root Scanning (ms): Min: 0.1, Avg: 0.8, Max: 1.2, Diff: 1.1, Sum: 23.3]
      [Update RS (ms): Min: 1.8, Avg: 2.1, Max: 2.4, Diff: 0.6, Sum: 58.2]
         [Processed Buffers: Min: 2, Avg: 2.8, Max: 5, Diff: 3, Sum: 77]
      [Scan RS (ms): Min: 0.0, Avg: 0.0, Max: 0.2, Diff: 0.2, Sum: 0.4]
      [Code Root Scanning (ms): Min: 0.0, Avg: 0.0, Max: 0.3, Diff: 0.3, Sum: 0.6]
      [Object Copy (ms): Min: 0.0, Avg: 0.2, Max: 0.4, Diff: 0.4, Sum: 4.2]
      [Termination (ms): Min: 0.0, Avg: 0.2, Max: 0.2, Diff: 0.2, Sum: 4.9]
      [GC Worker Other (ms): Min: 0.0, Avg: 0.0, Max: 0.0, Diff: 0.0, Sum: 0.4]
      [GC Worker Total (ms): Min: 2.6, Avg: 3.3, Max: 3.7, Diff: 1.1, Sum: 92.1]
      [GC Worker End (ms): Min: 275694.4, Avg: 275694.4, Max: 275694.5, Diff: 0.0]
   [Code Root Fixup: 0.2 ms]
   [Code Root Purge: 0.0 ms]
   [Clear CT: 0.4 ms]
   [Other: 2.0 ms]
      [Choose CSet: 0.0 ms]
      [Ref Proc: 0.6 ms]
      [Ref Enq: 0.0 ms]
      [Redirty Cards: 0.4 ms]
      [Humongous Reclaim: 0.0 ms]
      [Free CSet: 0.1 ms]
   [Eden: 4096.0K(600.0M)->0.0B(604.0M) Survivors: 12.0M->8192.0K Heap: 7985.9M(12.0G)->7976.5M(12.0G)]
Heap after GC invocations=31 (full 0):
 garbage-first heap   total 12582912K, used 8167895K [0x00000004c0000000, 0x00000004c0406000, 0x00000007c0000000)
  region size 4096K, 2 young (8192K), 2 survivors (8192K)
 Metaspace       used 36681K, capacity 37522K, committed 40268K, reserved 1085440K
  class space    used 4000K, capacity 4240K, committed 4684K, reserved 1048576K
}
 [Times: user=0.09 sys=0.00, real=0.01 secs] 
2015-03-07T19:15:30.057+0000: 275.697: [GC concurrent-root-region-scan-start]
2015-03-07T19:15:30.057+0000: 275.697: Total time for which application threads were stopped: 0.0074034 seconds, Stopping threads took: 0.0001050 seconds
2015-03-07T19:15:30.059+0000: 275.699: [GC concurrent-root-region-scan-end, 0.0016286 secs]
2015-03-07T19:15:30.059+0000: 275.699: [GC concurrent-mark-start]
2015-03-07T19:15:30.198+0000: 275.838: [GC concurrent-mark-end, 0.1393235 secs]
2015-03-07T19:15:30.199+0000: 275.839: [GC remark 275.839: [Finalize Marking, 0.0009846 secs] 275.840: [GC ref-proc, 0.0070416 secs] 275.847: [Unloading, 0.0075662 secs], 0.0346438 secs]
 [Times: user=0.34 sys=0.00, real=0.04 secs] 
2015-03-07T19:15:30.234+0000: 275.874: Total time for which application threads were stopped: 0.0355540 seconds, Stopping threads took: 0.0001156 seconds
2015-03-07T19:15:30.234+0000: 275.874: [GC cleanup 8008M->7868M(12G), 0.0031269 secs]
 [Times: user=0.05 sys=0.01, real=0.00 secs] 
2015-03-07T19:15:30.237+0000: 275.877: Total time for which application threads were stopped: 0.0037502 seconds, Stopping threads took: 0.0000499 seconds
2015-03-07T19:15:30.237+0000: 275.877: [GC concurrent-cleanup-start]
2015-03-07T19:15:30.238+0000: 275.877: [GC concurrent-cleanup-end, 0.0001104 secs]
2015-03-07T19:15:30.627+0000: 276.267: Total time for which application threads were stopped: 0.0010973 seconds, Stopping threads took: 0.0002096 seconds
2015-03-07T19:15:30.636+0000: 276.276: Total time for which application threads were stopped: 0.0007181 seconds, Stopping threads took: 0.0001511 seconds
2015-03-07T19:15:30.637+0000: 276.277: Total time for which application threads were stopped: 0.0006727 seconds, Stopping threads took: 0.0001489 seconds
2015-03-07T19:15:30.638+0000: 276.278: Total time for which application threads were stopped: 0.0006442 seconds, Stopping threads took: 0.0001138 seconds
2015-03-07T19:15:49.642+0000: 295.281: Total time for which application threads were stopped: 0.0007690 seconds, Stopping threads took: 0.0002066 seconds
2015-03-07T19:15:50.642+0000: 296.282: Total time for which application threads were stopped: 0.0007041 seconds, Stopping threads took: 0.0001365 seconds
2015-03-07T19:15:51.879+0000: 297.519: Total time for which application threads were stopped: 0.0008027 seconds, Stopping threads took: 0.0001687 seconds
2015-03-07T19:15:51.880+0000: 297.519: Total time for which application threads were stopped: 0.0002976 seconds, Stopping threads took: 0.0000668 seconds
2015-03-07T19:15:51.880+0000: 297.520: Total time for which application threads were stopped: 0.0003146 seconds, Stopping threads took: 0.0000639 seconds
2015-03-07T19:15:52.881+0000: 298.521: Total time for which application threads were stopped: 0.0008031 seconds, Stopping threads took: 0.0001936 seconds
2015-03-07T19:15:53.371+0000: 299.011: Total time for which application threads were stopped: 0.0007387 seconds, Stopping threads took: 0.0001348 seconds
2015-03-07T19:15:53.380+0000: 299.020: Total time for which application threads were stopped: 0.0012846 seconds, Stopping threads took: 0.0000627 seconds
2015-03-07T19:15:53.858+0000: 299.498: Total time for which application threads were stopped: 0.0007248 seconds, Stopping threads took: 0.0001316 seconds
2015-03-07T19:15:54.859+0000: 300.499: Total time for which application threads were stopped: 0.0006805 seconds, Stopping threads took: 0.0001470 seconds
2015-03-07T19:15:55.301+0000: 300.940: Total time for which application threads were stopped: 0.0007587 seconds, Stopping threads took: 0.0001903 seconds
2015-03-07T19:15:56.155+0000: 301.795: Total time for which application threads were stopped: 0.0007410 seconds, Stopping threads took: 0.0001433 seconds
2015-03-07T19:15:56.164+0000: 301.803: Total time for which application threads were stopped: 0.0004113 seconds, Stopping threads took: 0.0000638 seconds
2015-03-07T19:15:56.164+0000: 301.804: Total time for which application threads were stopped: 0.0002654 seconds, Stopping threads took: 0.0000692 seconds
2015-03-07T19:15:56.164+0000: 301.804: Total time for which application threads were stopped: 0.0002681 seconds, Stopping threads took: 0.0000549 seconds
2015-03-07T19:15:56.230+0000: 301.870: Total time for which application threads were stopped: 0.0005328 seconds, Stopping threads took: 0.0000932 seconds
2015-03-07T19:15:56.230+0000: 301.870: Total time for which application threads were stopped: 0.0004693 seconds, Stopping threads took: 0.0000499 seconds
2015-03-07T19:15:56.231+0000: 301.871: Total time for which application threads were stopped: 0.0004211 seconds, Stopping threads took: 0.0000714 seconds
2015-03-07T19:15:56.232+0000: 301.871: Total time for which application threads were stopped: 0.0003081 seconds, Stopping threads took: 0.0000536 seconds
2015-03-07T19:15:57.503+0000: 303.143: Total time for which application threads were stopped: 0.0007154 seconds, Stopping threads took: 0.0001571 seconds
2015-03-07T19:15:57.505+0000: 303.145: Total time for which application threads were stopped: 0.0004536 seconds, Stopping threads took: 0.0000655 seconds
2015-03-07T19:15:57.510+0000: 303.150: Total time for which application threads were stopped: 0.0004722 seconds, Stopping threads took: 0.0001169 seconds
2015-03-07T19:15:57.511+0000: 303.151: Total time for which application threads were stopped: 0.0004390 seconds, Stopping threads took: 0.0001218 seconds
2015-03-07T19:15:57.512+0000: 303.151: Total time for which application threads were stopped: 0.0003124 seconds, Stopping threads took: 0.0000457 seconds
2015-03-07T19:15:57.512+0000: 303.152: Total time for which application threads were stopped: 0.0002565 seconds, Stopping threads took: 0.0000384 seconds
2015-03-07T19:15:58.298+0000: 303.937: Total time for which application threads were stopped: 0.0007064 seconds, Stopping threads took: 0.0001546 seconds
2015-03-07T19:15:58.306+0000: 303.946: Total time for which application threads were stopped: 0.0004488 seconds, Stopping threads took: 0.0000863 seconds
2015-03-07T19:15:58.306+0000: 303.946: Total time for which application threads were stopped: 0.0004438 seconds, Stopping threads took: 0.0001856 seconds
2015-03-07T19:15:58.307+0000: 303.946: Total time for which application threads were stopped: 0.0003376 seconds, Stopping threads took: 0.0000776 seconds
2015-03-07T19:15:58.411+0000: 304.051: Total time for which application threads were stopped: 0.0007415 seconds, Stopping threads took: 0.0001599 seconds
2015-03-07T19:15:58.417+0000: 304.057: Total time for which application threads were stopped: 0.0003979 seconds, Stopping threads took: 0.0000702 seconds
2015-03-07T19:15:58.418+0000: 304.057: Total time for which application threads were stopped: 0.0002962 seconds, Stopping threads took: 0.0000559 seconds
2015-03-07T19:15:58.418+0000: 304.058: Total time for which application threads were stopped: 0.0002667 seconds, Stopping threads took: 0.0000289 seconds
2015-03-07T19:15:59.419+0000: 305.059: Total time for which application threads were stopped: 0.0007827 seconds, Stopping threads took: 0.0001555 seconds
2015-03-07T19:15:59.914+0000: 305.553: Total time for which application threads were stopped: 0.0006646 seconds, Stopping threads took: 0.0001175 seconds
2015-03-07T19:15:59.928+0000: 305.568: Total time for which application threads were stopped: 0.0003505 seconds, Stopping threads took: 0.0000797 seconds
2015-03-07T19:15:59.928+0000: 305.568: Total time for which application threads were stopped: 0.0002992 seconds, Stopping threads took: 0.0000509 seconds
2015-03-07T19:15:59.928+0000: 305.568: Total time for which application threads were stopped: 0.0003020 seconds, Stopping threads took: 0.0000625 seconds
2015-03-07T19:15:59.929+0000: 305.569: Total time for which application threads were stopped: 0.0003468 seconds, Stopping threads took: 0.0000633 seconds
2015-03-07T19:16:00.582+0000: 306.222: Total time for which application threads were stopped: 0.0006885 seconds, Stopping threads took: 0.0001142 seconds
2015-03-07T19:16:00.669+0000: 306.309: Total time for which application threads were stopped: 0.0004200 seconds, Stopping threads took: 0.0000696 seconds
2015-03-07T19:16:00.684+0000: 306.324: Total time for which application threads were stopped: 0.0003479 seconds, Stopping threads took: 0.0000771 seconds
2015-03-07T19:16:00.685+0000: 306.325: Total time for which application threads were stopped: 0.0003154 seconds, Stopping threads took: 0.0000645 seconds
2015-03-07T19:16:00.685+0000: 306.325: Total time for which application threads were stopped: 0.0003069 seconds, Stopping threads took: 0.0000554 seconds
2015-03-07T19:16:00.686+0000: 306.325: Total time for which application threads were stopped: 0.0003254 seconds, Stopping threads took: 0.0000609 seconds
2015-03-07T19:16:03.687+0000: 309.326: Total time for which application threads were stopped: 0.0005739 seconds, Stopping threads took: 0.0001385 seconds
2015-03-07T19:16:04.687+0000: 310.327: Total time for which application threads were stopped: 0.0005958 seconds, Stopping threads took: 0.0001564 seconds
2015-03-07T19:16:10.689+0000: 316.329: Total time for which application threads were stopped: 0.0009501 seconds, Stopping threads took: 0.0001662 seconds
2015-03-07T19:16:50.699+0000: 356.339: Total time for which application threads were stopped: 0.0007155 seconds, Stopping threads took: 0.0001457 seconds
2015-03-07T19:16:51.699+0000: 357.339: Total time for which application threads were stopped: 0.0005349 seconds, Stopping threads took: 0.0000861 seconds
2015-03-07T19:16:52.198+0000: 357.838: Total time for which application threads were stopped: 0.0028220 seconds, Stopping threads took: 0.0000850 seconds
2015-03-07T19:16:52.199+0000: 357.838: Total time for which application threads were stopped: 0.0004276 seconds, Stopping threads took: 0.0000440 seconds
2015-03-07T19:16:52.200+0000: 357.840: Total time for which application threads were stopped: 0.0012291 seconds, Stopping threads took: 0.0000398 seconds
2015-03-07T19:16:52.424+0000: 358.064: Total time for which application threads were stopped: 0.0004715 seconds, Stopping threads took: 0.0000966 seconds
2015-03-07T19:16:52.425+0000: 358.064: Total time for which application threads were stopped: 0.0004186 seconds, Stopping threads took: 0.0000438 seconds
2015-03-07T19:16:53.306+0000: 358.946: Total time for which application threads were stopped: 0.0007749 seconds, Stopping threads took: 0.0001584 seconds
2015-03-07T19:16:53.388+0000: 359.028: Total time for which application threads were stopped: 0.0005065 seconds, Stopping threads took: 0.0000967 seconds
2015-03-07T19:16:54.988+0000: 360.628: Total time for which application threads were stopped: 0.0006478 seconds, Stopping threads took: 0.0001159 seconds
2015-03-07T19:16:55.183+0000: 360.823: Total time for which application threads were stopped: 0.0006733 seconds, Stopping threads took: 0.0001221 seconds
2015-03-07T19:16:55.210+0000: 360.850: Total time for which application threads were stopped: 0.0005525 seconds, Stopping threads took: 0.0000813 seconds
2015-03-07T19:16:56.211+0000: 361.851: Total time for which application threads were stopped: 0.0007447 seconds, Stopping threads took: 0.0001542 seconds
2015-03-07T19:16:57.212+0000: 362.851: Total time for which application threads were stopped: 0.0006425 seconds, Stopping threads took: 0.0001285 seconds
2015-03-07T19:16:58.747+0000: 364.387: Total time for which application threads were stopped: 0.0009777 seconds, Stopping threads took: 0.0001479 seconds
2015-03-07T19:17:00.262+0000: 365.902: Total time for which application threads were stopped: 0.0008487 seconds, Stopping threads took: 0.0001652 seconds
2015-03-07T19:17:00.275+0000: 365.915: Total time for which application threads were stopped: 0.0004651 seconds, Stopping threads took: 0.0000609 seconds
2015-03-07T19:17:00.276+0000: 365.916: Total time for which application threads were stopped: 0.0004126 seconds, Stopping threads took: 0.0000515 seconds
2015-03-07T19:17:00.276+0000: 365.916: Total time for which application threads were stopped: 0.0004373 seconds, Stopping threads took: 0.0000419 seconds
2015-03-07T19:17:00.277+0000: 365.917: Total time for which application threads were stopped: 0.0004778 seconds, Stopping threads took: 0.0000779 seconds
2015-03-07T19:17:00.394+0000: 366.033: Total time for which application threads were stopped: 0.0006098 seconds, Stopping threads took: 0.0001275 seconds
2015-03-07T19:17:00.394+0000: 366.034: Total time for which application threads were stopped: 0.0004800 seconds, Stopping threads took: 0.0000503 seconds
2015-03-07T19:17:00.396+0000: 366.036: Total time for which application threads were stopped: 0.0005959 seconds, Stopping threads took: 0.0000826 seconds
2015-03-07T19:17:00.397+0000: 366.036: Total time for which application threads were stopped: 0.0006138 seconds, Stopping threads took: 0.0001036 seconds
2015-03-07T19:17:01.068+0000: 366.708: Total time for which application threads were stopped: 0.0007209 seconds, Stopping threads took: 0.0001736 seconds
2015-03-07T19:17:01.081+0000: 366.721: Total time for which application threads were stopped: 0.0005963 seconds, Stopping threads took: 0.0001462 seconds
2015-03-07T19:17:01.082+0000: 366.721: Total time for which application threads were stopped: 0.0005205 seconds, Stopping threads took: 0.0000970 seconds
2015-03-07T19:17:01.082+0000: 366.722: Total time for which application threads were stopped: 0.0005036 seconds, Stopping threads took: 0.0001002 seconds
2015-03-07T19:17:01.083+0000: 366.723: Total time for which application threads were stopped: 0.0005572 seconds, Stopping threads took: 0.0000922 seconds
2015-03-07T19:17:01.108+0000: 366.748: Total time for which application threads were stopped: 0.0004960 seconds, Stopping threads took: 0.0000855 seconds
2015-03-07T19:17:01.218+0000: 366.858: Total time for which application threads were stopped: 0.0006983 seconds, Stopping threads took: 0.0001043 seconds
2015-03-07T19:17:01.242+0000: 366.882: Total time for which application threads were stopped: 0.0004510 seconds, Stopping threads took: 0.0000574 seconds
2015-03-07T19:17:01.243+0000: 366.883: Total time for which application threads were stopped: 0.0004113 seconds, Stopping threads took: 0.0000429 seconds
2015-03-07T19:17:01.243+0000: 366.883: Total time for which application threads were stopped: 0.0004167 seconds, Stopping threads took: 0.0000407 seconds
2015-03-07T19:17:01.244+0000: 366.884: Total time for which application threads were stopped: 0.0004386 seconds, Stopping threads took: 0.0000672 seconds
2015-03-07T19:17:01.616+0000: 367.256: Total time for which application threads were stopped: 0.0005037 seconds, Stopping threads took: 0.0000837 seconds
2015-03-07T19:17:01.706+0000: 367.346: Total time for which application threads were stopped: 0.0006416 seconds, Stopping threads took: 0.0001531 seconds
2015-03-07T19:17:01.709+0000: 367.349: Total time for which application threads were stopped: 0.0006600 seconds, Stopping threads took: 0.0001485 seconds
2015-03-07T19:17:01.718+0000: 367.358: Total time for which application threads were stopped: 0.0006209 seconds, Stopping threads took: 0.0001692 seconds
2015-03-07T19:17:01.720+0000: 367.360: Total time for which application threads were stopped: 0.0005590 seconds, Stopping threads took: 0.0001134 seconds
2015-03-07T19:17:01.720+0000: 367.360: Total time for which application threads were stopped: 0.0004991 seconds, Stopping threads took: 0.0000931 seconds
2015-03-07T19:17:01.721+0000: 367.361: Total time for which application threads were stopped: 0.0005112 seconds, Stopping threads took: 0.0000873 seconds
2015-03-07T19:17:01.722+0000: 367.362: Total time for which application threads were stopped: 0.0005338 seconds, Stopping threads took: 0.0000963 seconds
2015-03-07T19:17:01.803+0000: 367.443: Total time for which application threads were stopped: 0.0006268 seconds, Stopping threads took: 0.0001256 seconds
2015-03-07T19:17:01.815+0000: 367.455: Total time for which application threads were stopped: 0.0009362 seconds, Stopping threads took: 0.0002017 seconds
2015-03-07T19:17:01.816+0000: 367.455: Total time for which application threads were stopped: 0.0006937 seconds, Stopping threads took: 0.0000795 seconds
2015-03-07T19:17:01.816+0000: 367.456: Total time for which application threads were stopped: 0.0007175 seconds, Stopping threads took: 0.0000877 seconds
2015-03-07T19:17:01.817+0000: 367.457: Total time for which application threads were stopped: 0.0007348 seconds, Stopping threads took: 0.0000916 seconds
2015-03-07T19:17:01.818+0000: 367.458: Total time for which application threads were stopped: 0.0006819 seconds, Stopping threads took: 0.0000460 seconds
2015-03-07T19:17:01.818+0000: 367.458: Total time for which application threads were stopped: 0.0006810 seconds, Stopping threads took: 0.0000452 seconds
2015-03-07T19:17:01.819+0000: 367.459: Total time for which application threads were stopped: 0.0006866 seconds, Stopping threads took: 0.0000640 seconds
2015-03-07T19:17:01.820+0000: 367.460: Total time for which application threads were stopped: 0.0006809 seconds, Stopping threads took: 0.0000469 seconds
2015-03-07T19:17:01.821+0000: 367.460: Total time for which application threads were stopped: 0.0006646 seconds, Stopping threads took: 0.0000551 seconds
2015-03-07T19:17:01.821+0000: 367.461: Total time for which application threads were stopped: 0.0007003 seconds, Stopping threads took: 0.0000584 seconds
2015-03-07T19:17:01.822+0000: 367.462: Total time for which application threads were stopped: 0.0006939 seconds, Stopping threads took: 0.0000665 seconds
2015-03-07T19:17:01.823+0000: 367.463: Total time for which application threads were stopped: 0.0006768 seconds, Stopping threads took: 0.0000454 seconds
2015-03-07T19:17:01.824+0000: 367.464: Total time for which application threads were stopped: 0.0007239 seconds, Stopping threads took: 0.0000935 seconds
2015-03-07T19:17:01.825+0000: 367.464: Total time for which application threads were stopped: 0.0007284 seconds, Stopping threads took: 0.0000906 seconds
2015-03-07T19:17:01.825+0000: 367.465: Total time for which application threads were stopped: 0.0007072 seconds, Stopping threads took: 0.0000887 seconds
2015-03-07T19:17:01.826+0000: 367.466: Total time for which application threads were stopped: 0.0007197 seconds, Stopping threads took: 0.0000556 seconds
2015-03-07T19:17:01.827+0000: 367.467: Total time for which application threads were stopped: 0.0008073 seconds, Stopping threads took: 0.0001124 seconds
2015-03-07T19:17:01.828+0000: 367.468: Total time for which application threads were stopped: 0.0006926 seconds, Stopping threads took: 0.0000562 seconds
2015-03-07T19:17:01.829+0000: 367.468: Total time for which application threads were stopped: 0.0007366 seconds, Stopping threads took: 0.0001026 seconds
2015-03-07T19:17:01.829+0000: 367.469: Total time for which application threads were stopped: 0.0007125 seconds, Stopping threads took: 0.0000674 seconds
2015-03-07T19:17:01.830+0000: 367.470: Total time for which application threads were stopped: 0.0007034 seconds, Stopping threads took: 0.0000786 seconds
2015-03-07T19:17:01.831+0000: 367.471: Total time for which application threads were stopped: 0.0006778 seconds, Stopping threads took: 0.0000487 seconds
2015-03-07T19:17:01.832+0000: 367.472: Total time for which application threads were stopped: 0.0007447 seconds, Stopping threads took: 0.0001044 seconds
2015-03-07T19:17:01.832+0000: 367.472: Total time for which application threads were stopped: 0.0006678 seconds, Stopping threads took: 0.0000661 seconds
2015-03-07T19:17:01.833+0000: 367.473: Total time for which application threads were stopped: 0.0006859 seconds, Stopping threads took: 0.0000718 seconds
2015-03-07T19:17:01.834+0000: 367.474: Total time for which application threads were stopped: 0.0007339 seconds, Stopping threads took: 0.0001096 seconds
2015-03-07T19:17:01.835+0000: 367.475: Total time for which application threads were stopped: 0.0006806 seconds, Stopping threads took: 0.0000571 seconds
2015-03-07T19:17:01.836+0000: 367.475: Total time for which application threads were stopped: 0.0006775 seconds, Stopping threads took: 0.0000492 seconds
2015-03-07T19:17:01.836+0000: 367.476: Total time for which application threads were stopped: 0.0006768 seconds, Stopping threads took: 0.0000561 seconds
2015-03-07T19:17:01.837+0000: 367.477: Total time for which application threads were stopped: 0.0007309 seconds, Stopping threads took: 0.0000987 seconds
2015-03-07T19:17:01.838+0000: 367.478: Total time for which application threads were stopped: 0.0007343 seconds, Stopping threads took: 0.0000946 seconds
2015-03-07T19:17:01.839+0000: 367.479: Total time for which application threads were stopped: 0.0007421 seconds, Stopping threads took: 0.0001024 seconds
2015-03-07T19:17:01.840+0000: 367.479: Total time for which application threads were stopped: 0.0007068 seconds, Stopping threads took: 0.0001049 seconds
2015-03-07T19:17:01.840+0000: 367.480: Total time for which application threads were stopped: 0.0007315 seconds, Stopping threads took: 0.0001007 seconds
2015-03-07T19:17:01.841+0000: 367.481: Total time for which application threads were stopped: 0.0006444 seconds, Stopping threads took: 0.0000569 seconds
2015-03-07T19:17:01.842+0000: 367.482: Total time for which application threads were stopped: 0.0007092 seconds, Stopping threads took: 0.0000473 seconds
2015-03-07T19:17:01.843+0000: 367.483: Total time for which application threads were stopped: 0.0007277 seconds, Stopping threads took: 0.0000952 seconds
2015-03-07T19:17:01.844+0000: 367.484: Total time for which application threads were stopped: 0.0010425 seconds, Stopping threads took: 0.0004068 seconds
2015-03-07T19:17:01.850+0000: 367.489: Total time for which application threads were stopped: 0.0057134 seconds, Stopping threads took: 0.0001025 seconds
2015-03-07T19:17:01.852+0000: 367.492: Total time for which application threads were stopped: 0.0027017 seconds, Stopping threads took: 0.0000990 seconds
2015-03-07T19:17:01.899+0000: 367.539: Total time for which application threads were stopped: 0.0008329 seconds, Stopping threads took: 0.0001272 seconds
2015-03-07T19:17:01.900+0000: 367.540: Total time for which application threads were stopped: 0.0005134 seconds, Stopping threads took: 0.0000465 seconds
2015-03-07T19:17:01.962+0000: 367.601: Total time for which application threads were stopped: 0.0007826 seconds, Stopping threads took: 0.0001391 seconds
2015-03-07T19:17:01.963+0000: 367.603: Total time for which application threads were stopped: 0.0007584 seconds, Stopping threads took: 0.0001738 seconds
2015-03-07T19:17:01.964+0000: 367.604: Total time for which application threads were stopped: 0.0006904 seconds, Stopping threads took: 0.0001281 seconds
2015-03-07T19:17:01.965+0000: 367.605: Total time for which application threads were stopped: 0.0005762 seconds, Stopping threads took: 0.0000535 seconds
2015-03-07T19:17:01.966+0000: 367.605: Total time for which application threads were stopped: 0.0006464 seconds, Stopping threads took: 0.0000932 seconds
2015-03-07T19:17:01.966+0000: 367.606: Total time for which application threads were stopped: 0.0006227 seconds, Stopping threads took: 0.0000843 seconds
2015-03-07T19:17:01.967+0000: 367.607: Total time for which application threads were stopped: 0.0006515 seconds, Stopping threads took: 0.0001092 seconds
2015-03-07T19:17:01.968+0000: 367.608: Total time for which application threads were stopped: 0.0006632 seconds, Stopping threads took: 0.0001107 seconds
2015-03-07T19:17:01.969+0000: 367.608: Total time for which application threads were stopped: 0.0006666 seconds, Stopping threads took: 0.0001479 seconds
2015-03-07T19:17:01.969+0000: 367.609: Total time for which application threads were stopped: 0.0006849 seconds, Stopping threads took: 0.0001524 seconds
2015-03-07T19:17:01.970+0000: 367.610: Total time for which application threads were stopped: 0.0006312 seconds, Stopping threads took: 0.0000889 seconds
2015-03-07T19:17:01.971+0000: 367.611: Total time for which application threads were stopped: 0.0007675 seconds, Stopping threads took: 0.0002165 seconds
2015-03-07T19:17:01.972+0000: 367.611: Total time for which application threads were stopped: 0.0006577 seconds, Stopping threads took: 0.0001124 seconds
2015-03-07T19:17:01.972+0000: 367.612: Total time for which application threads were stopped: 0.0006346 seconds, Stopping threads took: 0.0000919 seconds
2015-03-07T19:17:01.973+0000: 367.613: Total time for which application threads were stopped: 0.0007015 seconds, Stopping threads took: 0.0001625 seconds
2015-03-07T19:17:01.974+0000: 367.614: Total time for which application threads were stopped: 0.0006532 seconds, Stopping threads took: 0.0001067 seconds
2015-03-07T19:17:01.975+0000: 367.614: Total time for which application threads were stopped: 0.0006349 seconds, Stopping threads took: 0.0000867 seconds
2015-03-07T19:17:01.975+0000: 367.615: Total time for which application threads were stopped: 0.0006242 seconds, Stopping threads took: 0.0000740 seconds
2015-03-07T19:17:01.976+0000: 367.616: Total time for which application threads were stopped: 0.0006201 seconds, Stopping threads took: 0.0000630 seconds
2015-03-07T19:17:01.977+0000: 367.617: Total time for which application threads were stopped: 0.0006649 seconds, Stopping threads took: 0.0001073 seconds
2015-03-07T19:17:01.978+0000: 367.617: Total time for which application threads were stopped: 0.0007230 seconds, Stopping threads took: 0.0001553 seconds
2015-03-07T19:17:02.003+0000: 367.643: Total time for which application threads were stopped: 0.0006697 seconds, Stopping threads took: 0.0001076 seconds
2015-03-07T19:17:02.004+0000: 367.644: Total time for which application threads were stopped: 0.0005146 seconds, Stopping threads took: 0.0000467 seconds
2015-03-07T19:17:02.005+0000: 367.644: Total time for which application threads were stopped: 0.0005135 seconds, Stopping threads took: 0.0000412 seconds
2015-03-07T19:17:02.005+0000: 367.645: Total time for which application threads were stopped: 0.0005019 seconds, Stopping threads took: 0.0000412 seconds
2015-03-07T19:17:02.006+0000: 367.646: Total time for which application threads were stopped: 0.0005075 seconds, Stopping threads took: 0.0000406 seconds
2015-03-07T19:17:02.006+0000: 367.646: Total time for which application threads were stopped: 0.0004983 seconds, Stopping threads took: 0.0000394 seconds
2015-03-07T19:17:02.007+0000: 367.647: Total time for which application threads were stopped: 0.0005062 seconds, Stopping threads took: 0.0000402 seconds
2015-03-07T19:17:02.007+0000: 367.647: Total time for which application threads were stopped: 0.0004992 seconds, Stopping threads took: 0.0000403 seconds
2015-03-07T19:17:02.008+0000: 367.648: Total time for which application threads were stopped: 0.0005005 seconds, Stopping threads took: 0.0000407 seconds
2015-03-07T19:17:02.008+0000: 367.648: Total time for which application threads were stopped: 0.0005083 seconds, Stopping threads took: 0.0000408 seconds
2015-03-07T19:17:02.009+0000: 367.649: Total time for which application threads were stopped: 0.0004984 seconds, Stopping threads took: 0.0000402 seconds
2015-03-07T19:17:02.010+0000: 367.649: Total time for which application threads were stopped: 0.0005094 seconds, Stopping threads took: 0.0000401 seconds
2015-03-07T19:17:02.010+0000: 367.650: Total time for which application threads were stopped: 0.0004983 seconds, Stopping threads took: 0.0000398 seconds
2015-03-07T19:17:02.011+0000: 367.650: Total time for which application threads were stopped: 0.0005054 seconds, Stopping threads took: 0.0000407 seconds
2015-03-07T19:17:02.011+0000: 367.651: Total time for which application threads were stopped: 0.0004987 seconds, Stopping threads took: 0.0000410 seconds
2015-03-07T19:17:02.012+0000: 367.652: Total time for which application threads were stopped: 0.0005112 seconds, Stopping threads took: 0.0000520 seconds
2015-03-07T19:17:02.014+0000: 367.654: Total time for which application threads were stopped: 0.0021139 seconds, Stopping threads took: 0.0000412 seconds
2015-03-07T19:17:02.016+0000: 367.656: Total time for which application threads were stopped: 0.0016726 seconds, Stopping threads took: 0.0000412 seconds
2015-03-07T19:17:03.204+0000: 368.844: Total time for which application threads were stopped: 0.0010229 seconds, Stopping threads took: 0.0002103 seconds
2015-03-07T19:17:03.216+0000: 368.856: Total time for which application threads were stopped: 0.0006163 seconds, Stopping threads took: 0.0000785 seconds
2015-03-07T19:17:03.217+0000: 368.857: Total time for which application threads were stopped: 0.0005463 seconds, Stopping threads took: 0.0000611 seconds
2015-03-07T19:17:03.218+0000: 368.857: Total time for which application threads were stopped: 0.0005443 seconds, Stopping threads took: 0.0000532 seconds
2015-03-07T19:17:03.218+0000: 368.858: Total time for which application threads were stopped: 0.0005851 seconds, Stopping threads took: 0.0000684 seconds
2015-03-07T19:17:03.900+0000: 369.540: Total time for which application threads were stopped: 0.0007661 seconds, Stopping threads took: 0.0001284 seconds
2015-03-07T19:17:03.912+0000: 369.552: Total time for which application threads were stopped: 0.0006335 seconds, Stopping threads took: 0.0000712 seconds
2015-03-07T19:17:03.913+0000: 369.552: Total time for which application threads were stopped: 0.0006373 seconds, Stopping threads took: 0.0000573 seconds
2015-03-07T19:17:03.913+0000: 369.553: Total time for which application threads were stopped: 0.0005948 seconds, Stopping threads took: 0.0000735 seconds
2015-03-07T19:17:03.914+0000: 369.554: Total time for which application threads were stopped: 0.0006214 seconds, Stopping threads took: 0.0001007 seconds
2015-03-07T19:17:03.983+0000: 369.623: Total time for which application threads were stopped: 0.0007748 seconds, Stopping threads took: 0.0002172 seconds
2015-03-07T19:17:03.994+0000: 369.634: Total time for which application threads were stopped: 0.0005631 seconds, Stopping threads took: 0.0000639 seconds
2015-03-07T19:17:03.995+0000: 369.635: Total time for which application threads were stopped: 0.0005951 seconds, Stopping threads took: 0.0000704 seconds
2015-03-07T19:17:03.995+0000: 369.635: Total time for which application threads were stopped: 0.0005580 seconds, Stopping threads took: 0.0000582 seconds
2015-03-07T19:17:03.996+0000: 369.636: Total time for which application threads were stopped: 0.0005954 seconds, Stopping threads took: 0.0000696 seconds
2015-03-07T19:17:04.291+0000: 369.931: Total time for which application threads were stopped: 0.0010243 seconds, Stopping threads took: 0.0001628 seconds
2015-03-07T19:17:04.314+0000: 369.954: Total time for which application threads were stopped: 0.0006584 seconds, Stopping threads took: 0.0000737 seconds
2015-03-07T19:17:04.315+0000: 369.955: Total time for which application threads were stopped: 0.0006015 seconds, Stopping threads took: 0.0000719 seconds
2015-03-07T19:17:04.315+0000: 369.955: Total time for which application threads were stopped: 0.0006042 seconds, Stopping threads took: 0.0000896 seconds
2015-03-07T19:17:04.316+0000: 369.956: Total time for which application threads were stopped: 0.0005850 seconds, Stopping threads took: 0.0000644 seconds
2015-03-07T19:17:04.689+0000: 370.329: Total time for which application threads were stopped: 0.0023430 seconds, Stopping threads took: 0.0001010 seconds
2015-03-07T19:17:04.701+0000: 370.341: Total time for which application threads were stopped: 0.0006692 seconds, Stopping threads took: 0.0001303 seconds
2015-03-07T19:17:04.702+0000: 370.342: Total time for which application threads were stopped: 0.0005994 seconds, Stopping threads took: 0.0000916 seconds
2015-03-07T19:17:04.702+0000: 370.342: Total time for which application threads were stopped: 0.0005533 seconds, Stopping threads took: 0.0000534 seconds
2015-03-07T19:17:04.703+0000: 370.343: Total time for which application threads were stopped: 0.0005948 seconds, Stopping threads took: 0.0000714 seconds
2015-03-07T19:17:05.021+0000: 370.661: Total time for which application threads were stopped: 0.0006255 seconds, Stopping threads took: 0.0000938 seconds
2015-03-07T19:17:05.022+0000: 370.662: Total time for which application threads were stopped: 0.0005831 seconds, Stopping threads took: 0.0000572 seconds
2015-03-07T19:17:05.033+0000: 370.673: Total time for which application threads were stopped: 0.0006089 seconds, Stopping threads took: 0.0000742 seconds
2015-03-07T19:17:05.034+0000: 370.674: Total time for which application threads were stopped: 0.0005610 seconds, Stopping threads took: 0.0000519 seconds
2015-03-07T19:17:05.034+0000: 370.674: Total time for which application threads were stopped: 0.0005538 seconds, Stopping threads took: 0.0000545 seconds
2015-03-07T19:17:05.035+0000: 370.675: Total time for which application threads were stopped: 0.0005928 seconds, Stopping threads took: 0.0000767 seconds
2015-03-07T19:17:05.362+0000: 371.002: Total time for which application threads were stopped: 0.0006548 seconds, Stopping threads took: 0.0001107 seconds
2015-03-07T19:17:05.383+0000: 371.023: Total time for which application threads were stopped: 0.0006563 seconds, Stopping threads took: 0.0001083 seconds
2015-03-07T19:17:05.385+0000: 371.025: Total time for which application threads were stopped: 0.0024504 seconds, Stopping threads took: 0.0000780 seconds
2015-03-07T19:17:05.386+0000: 371.026: Total time for which application threads were stopped: 0.0005763 seconds, Stopping threads took: 0.0000759 seconds
2015-03-07T19:17:05.387+0000: 371.027: Total time for which application threads were stopped: 0.0006722 seconds, Stopping threads took: 0.0001067 seconds
2015-03-07T19:17:05.898+0000: 371.537: Total time for which application threads were stopped: 0.0011041 seconds, Stopping threads took: 0.0002492 seconds
2015-03-07T19:17:05.940+0000: 371.580: Total time for which application threads were stopped: 0.0008016 seconds, Stopping threads took: 0.0001230 seconds
2015-03-07T19:17:05.951+0000: 371.591: Total time for which application threads were stopped: 0.0005836 seconds, Stopping threads took: 0.0000521 seconds
2015-03-07T19:17:06.051+0000: 371.691: Total time for which application threads were stopped: 0.0006725 seconds, Stopping threads took: 0.0001408 seconds
2015-03-07T19:17:06.065+0000: 371.705: Total time for which application threads were stopped: 0.0006894 seconds, Stopping threads took: 0.0001239 seconds
2015-03-07T19:17:06.066+0000: 371.706: Total time for which application threads were stopped: 0.0006126 seconds, Stopping threads took: 0.0000569 seconds
2015-03-07T19:17:06.066+0000: 371.706: Total time for which application threads were stopped: 0.0006068 seconds, Stopping threads took: 0.0000788 seconds
2015-03-07T19:17:06.067+0000: 371.707: Total time for which application threads were stopped: 0.0006010 seconds, Stopping threads took: 0.0000940 seconds
2015-03-07T19:17:07.068+0000: 372.708: Total time for which application threads were stopped: 0.0005918 seconds, Stopping threads took: 0.0000946 seconds
2015-03-07T19:17:23.409+0000: 389.049: Total time for which application threads were stopped: 0.0010420 seconds, Stopping threads took: 0.0001674 seconds
2015-03-07T19:17:23.687+0000: 389.327: Total time for which application threads were stopped: 0.0007547 seconds, Stopping threads took: 0.0001699 seconds
2015-03-07T19:17:24.688+0000: 390.328: Total time for which application threads were stopped: 0.0005579 seconds, Stopping threads took: 0.0000822 seconds
2015-03-07T19:17:25.689+0000: 391.329: Total time for which application threads were stopped: 0.0005667 seconds, Stopping threads took: 0.0000779 seconds
2015-03-07T19:17:26.690+0000: 392.329: Total time for which application threads were stopped: 0.0007421 seconds, Stopping threads took: 0.0001330 seconds
2015-03-07T19:17:27.690+0000: 393.330: Total time for which application threads were stopped: 0.0007256 seconds, Stopping threads took: 0.0001191 seconds
2015-03-07T19:17:50.694+0000: 416.333: Total time for which application threads were stopped: 0.0009556 seconds, Stopping threads took: 0.0001763 seconds
2015-03-07T19:17:52.182+0000: 417.821: Total time for which application threads were stopped: 0.0009884 seconds, Stopping threads took: 0.0001598 seconds
2015-03-07T19:17:52.183+0000: 417.822: Total time for which application threads were stopped: 0.0005670 seconds, Stopping threads took: 0.0000518 seconds
2015-03-07T19:17:52.183+0000: 417.823: Total time for which application threads were stopped: 0.0005380 seconds, Stopping threads took: 0.0000435 seconds
2015-03-07T19:17:52.184+0000: 417.824: Total time for which application threads were stopped: 0.0005294 seconds, Stopping threads took: 0.0000433 seconds
2015-03-07T19:17:53.185+0000: 418.825: Total time for which application threads were stopped: 0.0012012 seconds, Stopping threads took: 0.0002682 seconds
2015-03-07T19:17:53.633+0000: 419.273: Total time for which application threads were stopped: 0.0008352 seconds, Stopping threads took: 0.0001873 seconds
2015-03-07T19:17:53.972+0000: 419.612: Total time for which application threads were stopped: 0.0008358 seconds, Stopping threads took: 0.0002121 seconds
2015-03-07T19:17:54.150+0000: 419.790: Total time for which application threads were stopped: 0.0007792 seconds, Stopping threads took: 0.0001545 seconds
2015-03-07T19:17:54.564+0000: 420.204: Total time for which application threads were stopped: 0.0008412 seconds, Stopping threads took: 0.0002114 seconds
2015-03-07T19:17:54.567+0000: 420.207: Total time for which application threads were stopped: 0.0007138 seconds, Stopping threads took: 0.0001885 seconds
2015-03-07T19:17:54.573+0000: 420.212: Total time for which application threads were stopped: 0.0004569 seconds, Stopping threads took: 0.0001031 seconds
2015-03-07T19:17:54.574+0000: 420.214: Total time for which application threads were stopped: 0.0004861 seconds, Stopping threads took: 0.0001430 seconds
2015-03-07T19:17:55.575+0000: 421.215: Total time for which application threads were stopped: 0.0007830 seconds, Stopping threads took: 0.0001673 seconds
2015-03-07T19:17:56.412+0000: 422.052: Total time for which application threads were stopped: 0.0006914 seconds, Stopping threads took: 0.0001432 seconds
2015-03-07T19:17:57.138+0000: 422.778: Total time for which application threads were stopped: 0.0007810 seconds, Stopping threads took: 0.0002014 seconds
2015-03-07T19:17:57.217+0000: 422.856: Total time for which application threads were stopped: 0.0007251 seconds, Stopping threads took: 0.0001568 seconds
2015-03-07T19:17:57.217+0000: 422.857: Total time for which application threads were stopped: 0.0003100 seconds, Stopping threads took: 0.0000678 seconds
2015-03-07T19:17:57.218+0000: 422.858: Total time for which application threads were stopped: 0.0002574 seconds, Stopping threads took: 0.0000478 seconds
2015-03-07T19:17:57.218+0000: 422.858: Total time for which application threads were stopped: 0.0002546 seconds, Stopping threads took: 0.0000439 seconds
2015-03-07T19:17:57.322+0000: 422.962: Total time for which application threads were stopped: 0.0006731 seconds, Stopping threads took: 0.0001321 seconds
2015-03-07T19:17:57.404+0000: 423.044: Total time for which application threads were stopped: 0.0008878 seconds, Stopping threads took: 0.0001639 seconds
2015-03-07T19:17:57.404+0000: 423.044: Total time for which application threads were stopped: 0.0002974 seconds, Stopping threads took: 0.0000666 seconds
2015-03-07T19:17:57.405+0000: 423.045: Total time for which application threads were stopped: 0.0003323 seconds, Stopping threads took: 0.0000999 seconds
2015-03-07T19:17:57.405+0000: 423.045: Total time for which application threads were stopped: 0.0002828 seconds, Stopping threads took: 0.0000460 seconds
2015-03-07T19:17:58.406+0000: 424.046: Total time for which application threads were stopped: 0.0006725 seconds, Stopping threads took: 0.0001374 seconds
2015-03-07T19:17:58.857+0000: 424.497: Total time for which application threads were stopped: 0.0005938 seconds, Stopping threads took: 0.0001483 seconds
2015-03-07T19:17:58.857+0000: 424.497: Total time for which application threads were stopped: 0.0002752 seconds, Stopping threads took: 0.0000395 seconds
2015-03-07T19:17:58.864+0000: 424.504: Total time for which application threads were stopped: 0.0002676 seconds, Stopping threads took: 0.0000530 seconds
2015-03-07T19:17:58.864+0000: 424.504: Total time for which application threads were stopped: 0.0002909 seconds, Stopping threads took: 0.0000499 seconds
2015-03-07T19:17:58.865+0000: 424.505: Total time for which application threads were stopped: 0.0003019 seconds, Stopping threads took: 0.0000624 seconds
2015-03-07T19:17:58.865+0000: 424.505: Total time for which application threads were stopped: 0.0002490 seconds, Stopping threads took: 0.0000444 seconds
2015-03-07T19:17:59.171+0000: 424.811: Total time for which application threads were stopped: 0.0004955 seconds, Stopping threads took: 0.0001068 seconds
2015-03-07T19:17:59.198+0000: 424.838: Total time for which application threads were stopped: 0.0003731 seconds, Stopping threads took: 0.0000825 seconds
2015-03-07T19:17:59.204+0000: 424.844: Total time for which application threads were stopped: 0.0002963 seconds, Stopping threads took: 0.0000541 seconds
2015-03-07T19:17:59.204+0000: 424.844: Total time for which application threads were stopped: 0.0002836 seconds, Stopping threads took: 0.0000636 seconds
2015-03-07T19:17:59.205+0000: 424.844: Total time for which application threads were stopped: 0.0002857 seconds, Stopping threads took: 0.0000466 seconds
2015-03-07T19:17:59.205+0000: 424.845: Total time for which application threads were stopped: 0.0003021 seconds, Stopping threads took: 0.0000493 seconds
2015-03-07T19:17:59.263+0000: 424.903: Total time for which application threads were stopped: 0.0003235 seconds, Stopping threads took: 0.0001011 seconds
2015-03-07T19:17:59.273+0000: 424.912: Total time for which application threads were stopped: 0.0003328 seconds, Stopping threads took: 0.0000858 seconds
2015-03-07T19:17:59.287+0000: 424.927: Total time for which application threads were stopped: 0.0002705 seconds, Stopping threads took: 0.0000547 seconds
2015-03-07T19:17:59.287+0000: 424.927: Total time for which application threads were stopped: 0.0002688 seconds, Stopping threads took: 0.0000516 seconds
2015-03-07T19:17:59.288+0000: 424.928: Total time for which application threads were stopped: 0.0002653 seconds, Stopping threads took: 0.0000417 seconds
2015-03-07T19:17:59.289+0000: 424.929: Total time for which application threads were stopped: 0.0015528 seconds, Stopping threads took: 0.0000440 seconds
2015-03-07T19:18:00.290+0000: 425.930: Total time for which application threads were stopped: 0.0006294 seconds, Stopping threads took: 0.0001401 seconds
{Heap before GC invocations=32 (full 0):
 garbage-first heap   total 12582912K, used 11602024K [0x00000004c0000000, 0x00000004c0406000, 0x00000007c0000000)
  region size 4096K, 153 young (626688K), 2 survivors (8192K)
 Metaspace       used 36977K, capacity 37842K, committed 40524K, reserved 1085440K
  class space    used 4000K, capacity 4240K, committed 4684K, reserved 1048576K
2015-03-07T19:18:01.295+0000: 426.935: [GC pause (G1 Evacuation Pause) (young)
Desired survivor size 41943040 bytes, new threshold 15 (max 15)
- age   1:      14224 bytes,      14224 total
- age   2:      21128 bytes,      35352 total
- age   3:       2368 bytes,      37720 total
- age   4:        944 bytes,      38664 total
, 0.0185796 secs]
   [Parallel Time: 9.0 ms, GC Workers: 28]
      [GC Worker Start (ms): Min: 426935.9, Avg: 426936.4, Max: 426936.7, Diff: 0.9]
      [Ext Root Scanning (ms): Min: 0.1, Avg: 0.4, Max: 1.0, Diff: 0.9, Sum: 11.9]
      [Update RS (ms): Min: 5.9, Avg: 6.0, Max: 6.3, Diff: 0.4, Sum: 167.4]
         [Processed Buffers: Min: 10, Avg: 14.3, Max: 27, Diff: 17, Sum: 401]
      [Scan RS (ms): Min: 0.0, Avg: 0.1, Max: 0.2, Diff: 0.2, Sum: 1.8]
      [Code Root Scanning (ms): Min: 0.0, Avg: 0.0, Max: 0.3, Diff: 0.3, Sum: 0.7]
      [Object Copy (ms): Min: 1.3, Avg: 1.7, Max: 1.8, Diff: 0.5, Sum: 47.4]
      [Termination (ms): Min: 0.0, Avg: 0.0, Max: 0.0, Diff: 0.0, Sum: 0.6]
      [GC Worker Other (ms): Min: 0.0, Avg: 0.1, Max: 0.1, Diff: 0.1, Sum: 1.8]
      [GC Worker Total (ms): Min: 7.9, Avg: 8.3, Max: 8.9, Diff: 0.9, Sum: 231.5]
      [GC Worker End (ms): Min: 426944.6, Avg: 426944.7, Max: 426944.8, Diff: 0.1]
   [Code Root Fixup: 0.2 ms]
   [Code Root Purge: 0.0 ms]
   [Clear CT: 1.8 ms]
   [Other: 7.6 ms]
      [Choose CSet: 0.0 ms]
      [Ref Proc: 2.0 ms]
      [Ref Enq: 0.1 ms]
      [Redirty Cards: 1.7 ms]
      [Humongous Reclaim: 2.2 ms]
      [Free CSet: 0.4 ms]
   [Eden: 604.0M(604.0M)->0.0B(600.0M) Survivors: 8192.0K->12.0M Heap: 11.1G(12.0G)->8024.0M(12.0G)]
Heap after GC invocations=33 (full 0):
 garbage-first heap   total 12582912K, used 8216553K [0x00000004c0000000, 0x00000004c0406000, 0x00000007c0000000)
  region size 4096K, 3 young (12288K), 3 survivors (12288K)
 Metaspace       used 36977K, capacity 37842K, committed 40524K, reserved 1085440K
  class space    used 4000K, capacity 4240K, committed 4684K, reserved 1048576K
}
 [Times: user=0.25 sys=0.00, real=0.02 secs] 
2015-03-07T19:18:01.314+0000: 426.954: Total time for which application threads were stopped: 0.0195362 seconds, Stopping threads took: 0.0001348 seconds
2015-03-07T19:18:01.442+0000: 427.082: Total time for which application threads were stopped: 0.0006166 seconds, Stopping threads took: 0.0001055 seconds
2015-03-07T19:18:01.449+0000: 427.089: Total time for which application threads were stopped: 0.0003504 seconds, Stopping threads took: 0.0000694 seconds
2015-03-07T19:18:01.450+0000: 427.089: Total time for which application threads were stopped: 0.0002972 seconds, Stopping threads took: 0.0000619 seconds
2015-03-07T19:18:01.450+0000: 427.090: Total time for which application threads were stopped: 0.0002857 seconds, Stopping threads took: 0.0000630 seconds
2015-03-07T19:18:01.450+0000: 427.090: Total time for which application threads were stopped: 0.0002850 seconds, Stopping threads took: 0.0000368 seconds
2015-03-07T19:18:01.985+0000: 427.625: Total time for which application threads were stopped: 0.0100261 seconds, Stopping threads took: 0.0094397 seconds
2015-03-07T19:18:01.991+0000: 427.631: Total time for which application threads were stopped: 0.0003009 seconds, Stopping threads took: 0.0000605 seconds
2015-03-07T19:18:01.992+0000: 427.631: Total time for which application threads were stopped: 0.0002993 seconds, Stopping threads took: 0.0000520 seconds
2015-03-07T19:18:01.992+0000: 427.632: Total time for which application threads were stopped: 0.0002828 seconds, Stopping threads took: 0.0000531 seconds
2015-03-07T19:18:02.153+0000: 427.793: Total time for which application threads were stopped: 0.0004015 seconds, Stopping threads took: 0.0001367 seconds
2015-03-07T19:18:02.159+0000: 427.799: Total time for which application threads were stopped: 0.0003596 seconds, Stopping threads took: 0.0000646 seconds
2015-03-07T19:18:02.159+0000: 427.799: Total time for which application threads were stopped: 0.0002615 seconds, Stopping threads took: 0.0000445 seconds
2015-03-07T19:18:02.159+0000: 427.799: Total time for which application threads were stopped: 0.0002557 seconds, Stopping threads took: 0.0000197 seconds
2015-03-07T19:18:02.334+0000: 427.974: Total time for which application threads were stopped: 0.0002835 seconds, Stopping threads took: 0.0000528 seconds
2015-03-07T19:18:02.349+0000: 427.989: Total time for which application threads were stopped: 0.0004021 seconds, Stopping threads took: 0.0000544 seconds
2015-03-07T19:18:02.350+0000: 427.990: Total time for which application threads were stopped: 0.0003207 seconds, Stopping threads took: 0.0000690 seconds
2015-03-07T19:18:02.350+0000: 427.990: Total time for which application threads were stopped: 0.0002672 seconds, Stopping threads took: 0.0000542 seconds
2015-03-07T19:18:02.487+0000: 428.127: Total time for which application threads were stopped: 0.0002975 seconds, Stopping threads took: 0.0000560 seconds
2015-03-07T19:18:02.489+0000: 428.129: Total time for which application threads were stopped: 0.0004222 seconds, Stopping threads took: 0.0000717 seconds
2015-03-07T19:18:02.501+0000: 428.141: Total time for which application threads were stopped: 0.0003682 seconds, Stopping threads took: 0.0000739 seconds
2015-03-07T19:18:02.502+0000: 428.142: Total time for which application threads were stopped: 0.0004593 seconds, Stopping threads took: 0.0001157 seconds
2015-03-07T19:18:02.503+0000: 428.143: Total time for which application threads were stopped: 0.0003770 seconds, Stopping threads took: 0.0001099 seconds
2015-03-07T19:18:02.503+0000: 428.143: Total time for which application threads were stopped: 0.0002453 seconds, Stopping threads took: 0.0000317 seconds
2015-03-07T19:18:02.909+0000: 428.549: Total time for which application threads were stopped: 0.0007318 seconds, Stopping threads took: 0.0001297 seconds
2015-03-07T19:18:02.916+0000: 428.556: Total time for which application threads were stopped: 0.0004045 seconds, Stopping threads took: 0.0001068 seconds
2015-03-07T19:18:02.916+0000: 428.556: Total time for which application threads were stopped: 0.0002707 seconds, Stopping threads took: 0.0000490 seconds
2015-03-07T19:18:02.916+0000: 428.556: Total time for which application threads were stopped: 0.0002456 seconds, Stopping threads took: 0.0000183 seconds
2015-03-07T19:18:05.917+0000: 431.557: Total time for which application threads were stopped: 0.0005872 seconds, Stopping threads took: 0.0001561 seconds
2015-03-07T19:18:06.920+0000: 432.560: Total time for which application threads were stopped: 0.0032198 seconds, Stopping threads took: 0.0027509 seconds
2015-03-07T19:18:51.565+0000: 477.205: Total time for which application threads were stopped: 0.0008856 seconds, Stopping threads took: 0.0001540 seconds
2015-03-07T19:18:51.566+0000: 477.205: Total time for which application threads were stopped: 0.0004470 seconds, Stopping threads took: 0.0000491 seconds
2015-03-07T19:18:51.566+0000: 477.206: Total time for which application threads were stopped: 0.0004273 seconds, Stopping threads took: 0.0000399 seconds
2015-03-07T19:18:52.520+0000: 478.160: Total time for which application threads were stopped: 0.0006745 seconds, Stopping threads took: 0.0001365 seconds
2015-03-07T19:18:52.833+0000: 478.473: Total time for which application threads were stopped: 0.0006832 seconds, Stopping threads took: 0.0001187 seconds
2015-03-07T19:18:52.954+0000: 478.594: Total time for which application threads were stopped: 0.0005073 seconds, Stopping threads took: 0.0000785 seconds
2015-03-07T19:18:53.517+0000: 479.157: Total time for which application threads were stopped: 0.0018730 seconds, Stopping threads took: 0.0001170 seconds
2015-03-07T19:18:54.518+0000: 480.157: Total time for which application threads were stopped: 0.0005133 seconds, Stopping threads took: 0.0001060 seconds
2015-03-07T19:18:54.970+0000: 480.610: Total time for which application threads were stopped: 0.0006132 seconds, Stopping threads took: 0.0001136 seconds
2015-03-07T19:18:55.971+0000: 481.611: Total time for which application threads were stopped: 0.0007612 seconds, Stopping threads took: 0.0001452 seconds
2015-03-07T19:18:57.972+0000: 483.612: Total time for which application threads were stopped: 0.0007310 seconds, Stopping threads took: 0.0001465 seconds
2015-03-07T19:18:58.322+0000: 483.962: Total time for which application threads were stopped: 0.0009018 seconds, Stopping threads took: 0.0001980 seconds
2015-03-07T19:18:59.763+0000: 485.402: Total time for which application threads were stopped: 0.0007927 seconds, Stopping threads took: 0.0002420 seconds
2015-03-07T19:18:59.763+0000: 485.403: Total time for which application threads were stopped: 0.0004950 seconds, Stopping threads took: 0.0000795 seconds
2015-03-07T19:18:59.764+0000: 485.404: Total time for which application threads were stopped: 0.0004994 seconds, Stopping threads took: 0.0001012 seconds
2015-03-07T19:18:59.900+0000: 485.540: Total time for which application threads were stopped: 0.0005543 seconds, Stopping threads took: 0.0000896 seconds
2015-03-07T19:18:59.901+0000: 485.540: Total time for which application threads were stopped: 0.0004620 seconds, Stopping threads took: 0.0000404 seconds
2015-03-07T19:18:59.903+0000: 485.542: Total time for which application threads were stopped: 0.0005585 seconds, Stopping threads took: 0.0000770 seconds
2015-03-07T19:18:59.903+0000: 485.543: Total time for which application threads were stopped: 0.0004618 seconds, Stopping threads took: 0.0000492 seconds
2015-03-07T19:19:01.476+0000: 487.115: Total time for which application threads were stopped: 0.0008718 seconds, Stopping threads took: 0.0001446 seconds
2015-03-07T19:19:01.476+0000: 487.116: Total time for which application threads were stopped: 0.0004857 seconds, Stopping threads took: 0.0000637 seconds
2015-03-07T19:19:01.487+0000: 487.127: Total time for which application threads were stopped: 0.0004589 seconds, Stopping threads took: 0.0000561 seconds
2015-03-07T19:19:01.488+0000: 487.127: Total time for which application threads were stopped: 0.0005039 seconds, Stopping threads took: 0.0000900 seconds
2015-03-07T19:19:01.488+0000: 487.128: Total time for which application threads were stopped: 0.0005304 seconds, Stopping threads took: 0.0000631 seconds
2015-03-07T19:19:02.013+0000: 487.653: Total time for which application threads were stopped: 0.0008093 seconds, Stopping threads took: 0.0001777 seconds
2015-03-07T19:19:02.025+0000: 487.664: Total time for which application threads were stopped: 0.0004891 seconds, Stopping threads took: 0.0000593 seconds
2015-03-07T19:19:02.025+0000: 487.665: Total time for which application threads were stopped: 0.0004680 seconds, Stopping threads took: 0.0000724 seconds
2015-03-07T19:19:02.026+0000: 487.666: Total time for which application threads were stopped: 0.0004536 seconds, Stopping threads took: 0.0000625 seconds
2015-03-07T19:19:03.027+0000: 488.666: Total time for which application threads were stopped: 0.0007653 seconds, Stopping threads took: 0.0001464 seconds
2015-03-07T19:19:04.027+0000: 489.667: Total time for which application threads were stopped: 0.0006964 seconds, Stopping threads took: 0.0001278 seconds
2015-03-07T19:19:04.094+0000: 489.734: Total time for which application threads were stopped: 0.0006701 seconds, Stopping threads took: 0.0001531 seconds
2015-03-07T19:19:04.107+0000: 489.747: Total time for which application threads were stopped: 0.0005516 seconds, Stopping threads took: 0.0000856 seconds
2015-03-07T19:19:04.108+0000: 489.747: Total time for which application threads were stopped: 0.0005848 seconds, Stopping threads took: 0.0001217 seconds
2015-03-07T19:19:04.108+0000: 489.748: Total time for which application threads were stopped: 0.0004955 seconds, Stopping threads took: 0.0000694 seconds
2015-03-07T19:19:04.109+0000: 489.749: Total time for which application threads were stopped: 0.0004975 seconds, Stopping threads took: 0.0000675 seconds
2015-03-07T19:19:04.400+0000: 490.040: Total time for which application threads were stopped: 0.0006333 seconds, Stopping threads took: 0.0001371 seconds
2015-03-07T19:19:04.412+0000: 490.052: Total time for which application threads were stopped: 0.0004880 seconds, Stopping threads took: 0.0000602 seconds
2015-03-07T19:19:04.413+0000: 490.052: Total time for which application threads were stopped: 0.0005261 seconds, Stopping threads took: 0.0000758 seconds
2015-03-07T19:19:04.413+0000: 490.053: Total time for which application threads were stopped: 0.0004645 seconds, Stopping threads took: 0.0000458 seconds
2015-03-07T19:19:04.414+0000: 490.054: Total time for which application threads were stopped: 0.0004779 seconds, Stopping threads took: 0.0000658 seconds
2015-03-07T19:19:05.414+0000: 491.054: Total time for which application threads were stopped: 0.0006328 seconds, Stopping threads took: 0.0001288 seconds
2015-03-07T19:19:05.454+0000: 491.094: Total time for which application threads were stopped: 0.0020360 seconds, Stopping threads took: 0.0000723 seconds
2015-03-07T19:19:05.467+0000: 491.107: Total time for which application threads were stopped: 0.0005126 seconds, Stopping threads took: 0.0000916 seconds
2015-03-07T19:19:05.468+0000: 491.107: Total time for which application threads were stopped: 0.0005505 seconds, Stopping threads took: 0.0001116 seconds
2015-03-07T19:19:05.468+0000: 491.108: Total time for which application threads were stopped: 0.0005255 seconds, Stopping threads took: 0.0000666 seconds
2015-03-07T19:19:05.469+0000: 491.109: Total time for which application threads were stopped: 0.0005084 seconds, Stopping threads took: 0.0000711 seconds
2015-03-07T19:19:06.470+0000: 492.109: Total time for which application threads were stopped: 0.0005742 seconds, Stopping threads took: 0.0000976 seconds
2015-03-07T19:19:48.476+0000: 534.116: Total time for which application threads were stopped: 0.0008324 seconds, Stopping threads took: 0.0001668 seconds
2015-03-07T19:19:50.477+0000: 536.117: Total time for which application threads were stopped: 0.0005862 seconds, Stopping threads took: 0.0001030 seconds
2015-03-07T19:19:52.480+0000: 538.119: Total time for which application threads were stopped: 0.0008279 seconds, Stopping threads took: 0.0001357 seconds
2015-03-07T19:19:52.480+0000: 538.120: Total time for which application threads were stopped: 0.0004601 seconds, Stopping threads took: 0.0000438 seconds
2015-03-07T19:19:52.481+0000: 538.121: Total time for which application threads were stopped: 0.0004363 seconds, Stopping threads took: 0.0000390 seconds
2015-03-07T19:19:52.600+0000: 538.240: Total time for which application threads were stopped: 0.0005125 seconds, Stopping threads took: 0.0000980 seconds
2015-03-07T19:19:53.601+0000: 539.241: Total time for which application threads were stopped: 0.0007038 seconds, Stopping threads took: 0.0001414 seconds
2015-03-07T19:19:54.601+0000: 540.241: Total time for which application threads were stopped: 0.0005127 seconds, Stopping threads took: 0.0000906 seconds
2015-03-07T19:19:54.993+0000: 540.633: Total time for which application threads were stopped: 0.0006416 seconds, Stopping threads took: 0.0000907 seconds
2015-03-07T19:19:54.994+0000: 540.634: Total time for which application threads were stopped: 0.0004175 seconds, Stopping threads took: 0.0000394 seconds
2015-03-07T19:19:54.998+0000: 540.638: Total time for which application threads were stopped: 0.0005461 seconds, Stopping threads took: 0.0000889 seconds
2015-03-07T19:19:55.008+0000: 540.648: Total time for which application threads were stopped: 0.0005335 seconds, Stopping threads took: 0.0001126 seconds
2015-03-07T19:19:55.009+0000: 540.649: Total time for which application threads were stopped: 0.0005411 seconds, Stopping threads took: 0.0000966 seconds
2015-03-07T19:19:58.547+0000: 544.187: Total time for which application threads were stopped: 0.0008225 seconds, Stopping threads took: 0.0001554 seconds
2015-03-07T19:19:59.997+0000: 545.637: Total time for which application threads were stopped: 0.0027921 seconds, Stopping threads took: 0.0000930 seconds
2015-03-07T19:19:59.999+0000: 545.639: Total time for which application threads were stopped: 0.0012444 seconds, Stopping threads took: 0.0000405 seconds
2015-03-07T19:20:00.000+0000: 545.640: Total time for which application threads were stopped: 0.0012081 seconds, Stopping threads took: 0.0000383 seconds
2015-03-07T19:20:00.169+0000: 545.809: Total time for which application threads were stopped: 0.0005572 seconds, Stopping threads took: 0.0001030 seconds
2015-03-07T19:20:00.170+0000: 545.810: Total time for which application threads were stopped: 0.0005191 seconds, Stopping threads took: 0.0001131 seconds
2015-03-07T19:20:00.170+0000: 545.810: Total time for which application threads were stopped: 0.0005020 seconds, Stopping threads took: 0.0000896 seconds
2015-03-07T19:20:00.171+0000: 545.811: Total time for which application threads were stopped: 0.0005042 seconds, Stopping threads took: 0.0001012 seconds
2015-03-07T19:20:00.267+0000: 545.907: Total time for which application threads were stopped: 0.0005176 seconds, Stopping threads took: 0.0000916 seconds
2015-03-07T19:20:00.268+0000: 545.908: Total time for which application threads were stopped: 0.0004921 seconds, Stopping threads took: 0.0000862 seconds
2015-03-07T19:20:00.269+0000: 545.909: Total time for which application threads were stopped: 0.0005608 seconds, Stopping threads took: 0.0001099 seconds
2015-03-07T19:20:00.270+0000: 545.910: Total time for which application threads were stopped: 0.0005009 seconds, Stopping threads took: 0.0000679 seconds
2015-03-07T19:20:01.660+0000: 547.300: Total time for which application threads were stopped: 0.0007623 seconds, Stopping threads took: 0.0001343 seconds
2015-03-07T19:20:01.727+0000: 547.367: Total time for which application threads were stopped: 0.0006886 seconds, Stopping threads took: 0.0001754 seconds
2015-03-07T19:20:01.728+0000: 547.368: Total time for which application threads were stopped: 0.0006097 seconds, Stopping threads took: 0.0001629 seconds
2015-03-07T19:20:01.741+0000: 547.381: Total time for which application threads were stopped: 0.0004768 seconds, Stopping threads took: 0.0000645 seconds
2015-03-07T19:20:01.741+0000: 547.381: Total time for which application threads were stopped: 0.0004841 seconds, Stopping threads took: 0.0000732 seconds
2015-03-07T19:20:01.742+0000: 547.382: Total time for which application threads were stopped: 0.0005114 seconds, Stopping threads took: 0.0000974 seconds
2015-03-07T19:20:01.743+0000: 547.383: Total time for which application threads were stopped: 0.0004592 seconds, Stopping threads took: 0.0000515 seconds
2015-03-07T19:20:02.276+0000: 547.916: Total time for which application threads were stopped: 0.0006253 seconds, Stopping threads took: 0.0001205 seconds
2015-03-07T19:20:02.288+0000: 547.928: Total time for which application threads were stopped: 0.0005599 seconds, Stopping threads took: 0.0001009 seconds
2015-03-07T19:20:02.289+0000: 547.929: Total time for which application threads were stopped: 0.0005230 seconds, Stopping threads took: 0.0000900 seconds
2015-03-07T19:20:02.290+0000: 547.929: Total time for which application threads were stopped: 0.0005538 seconds, Stopping threads took: 0.0001058 seconds
2015-03-07T19:20:02.290+0000: 547.930: Total time for which application threads were stopped: 0.0005359 seconds, Stopping threads took: 0.0000980 seconds
2015-03-07T19:20:02.433+0000: 548.073: Total time for which application threads were stopped: 0.0005296 seconds, Stopping threads took: 0.0000980 seconds
2015-03-07T19:20:02.447+0000: 548.087: Total time for which application threads were stopped: 0.0005643 seconds, Stopping threads took: 0.0001144 seconds
2015-03-07T19:20:02.448+0000: 548.087: Total time for which application threads were stopped: 0.0005449 seconds, Stopping threads took: 0.0001048 seconds
2015-03-07T19:20:02.448+0000: 548.088: Total time for which application threads were stopped: 0.0004869 seconds, Stopping threads took: 0.0000802 seconds
2015-03-07T19:20:02.449+0000: 548.089: Total time for which application threads were stopped: 0.0004684 seconds, Stopping threads took: 0.0000578 seconds
2015-03-07T19:20:02.585+0000: 548.224: Total time for which application threads were stopped: 0.0007319 seconds, Stopping threads took: 0.0001451 seconds
2015-03-07T19:20:02.598+0000: 548.237: Total time for which application threads were stopped: 0.0006251 seconds, Stopping threads took: 0.0001071 seconds
2015-03-07T19:20:02.598+0000: 548.238: Total time for which application threads were stopped: 0.0004722 seconds, Stopping threads took: 0.0000515 seconds
2015-03-07T19:20:02.599+0000: 548.238: Total time for which application threads were stopped: 0.0005116 seconds, Stopping threads took: 0.0000907 seconds
2015-03-07T19:20:02.599+0000: 548.239: Total time for which application threads were stopped: 0.0004784 seconds, Stopping threads took: 0.0000716 seconds
2015-03-07T19:20:02.936+0000: 548.576: Total time for which application threads were stopped: 0.0008877 seconds, Stopping threads took: 0.0001553 seconds
2015-03-07T19:20:03.025+0000: 548.665: Total time for which application threads were stopped: 0.0006340 seconds, Stopping threads took: 0.0001187 seconds
2015-03-07T19:20:03.039+0000: 548.679: Total time for which application threads were stopped: 0.0008217 seconds, Stopping threads took: 0.0003656 seconds
2015-03-07T19:20:03.040+0000: 548.679: Total time for which application threads were stopped: 0.0005441 seconds, Stopping threads took: 0.0001111 seconds
2015-03-07T19:20:03.040+0000: 548.680: Total time for which application threads were stopped: 0.0004669 seconds, Stopping threads took: 0.0000579 seconds
2015-03-07T19:20:03.041+0000: 548.681: Total time for which application threads were stopped: 0.0004902 seconds, Stopping threads took: 0.0000629 seconds
2015-03-07T19:20:03.284+0000: 548.924: Total time for which application threads were stopped: 0.0006850 seconds, Stopping threads took: 0.0001706 seconds
2015-03-07T19:20:03.491+0000: 549.131: Total time for which application threads were stopped: 0.0008581 seconds, Stopping threads took: 0.0001142 seconds
2015-03-07T19:20:03.504+0000: 549.144: Total time for which application threads were stopped: 0.0006884 seconds, Stopping threads took: 0.0001285 seconds
2015-03-07T19:20:03.505+0000: 549.145: Total time for which application threads were stopped: 0.0006273 seconds, Stopping threads took: 0.0000876 seconds
2015-03-07T19:20:03.506+0000: 549.146: Total time for which application threads were stopped: 0.0006875 seconds, Stopping threads took: 0.0001218 seconds
2015-03-07T19:20:03.507+0000: 549.147: Total time for which application threads were stopped: 0.0006287 seconds, Stopping threads took: 0.0001044 seconds
2015-03-07T19:20:03.631+0000: 549.270: Total time for which application threads were stopped: 0.0006392 seconds, Stopping threads took: 0.0001050 seconds
2015-03-07T19:20:03.643+0000: 549.283: Total time for which application threads were stopped: 0.0005948 seconds, Stopping threads took: 0.0000693 seconds
2015-03-07T19:20:03.643+0000: 549.283: Total time for which application threads were stopped: 0.0005964 seconds, Stopping threads took: 0.0000687 seconds
2015-03-07T19:20:03.644+0000: 549.284: Total time for which application threads were stopped: 0.0005448 seconds, Stopping threads took: 0.0000566 seconds
2015-03-07T19:20:03.645+0000: 549.285: Total time for which application threads were stopped: 0.0005996 seconds, Stopping threads took: 0.0000644 seconds
2015-03-07T19:20:03.872+0000: 549.512: Total time for which application threads were stopped: 0.0006783 seconds, Stopping threads took: 0.0001329 seconds
2015-03-07T19:20:03.876+0000: 549.516: Total time for which application threads were stopped: 0.0006652 seconds, Stopping threads took: 0.0000808 seconds
2015-03-07T19:20:03.884+0000: 549.524: Total time for which application threads were stopped: 0.0006994 seconds, Stopping threads took: 0.0001363 seconds
2015-03-07T19:20:03.886+0000: 549.526: Total time for which application threads were stopped: 0.0006752 seconds, Stopping threads took: 0.0001148 seconds
2015-03-07T19:20:03.886+0000: 549.526: Total time for which application threads were stopped: 0.0006191 seconds, Stopping threads took: 0.0000926 seconds
2015-03-07T19:20:03.887+0000: 549.527: Total time for which application threads were stopped: 0.0006186 seconds, Stopping threads took: 0.0000914 seconds
2015-03-07T19:20:03.888+0000: 549.528: Total time for which application threads were stopped: 0.0006198 seconds, Stopping threads took: 0.0000837 seconds
2015-03-07T19:20:03.984+0000: 549.623: Total time for which application threads were stopped: 0.0009849 seconds, Stopping threads took: 0.0001295 seconds
2015-03-07T19:20:03.984+0000: 549.624: Total time for which application threads were stopped: 0.0005522 seconds, Stopping threads took: 0.0000568 seconds
2015-03-07T19:20:03.985+0000: 549.625: Total time for which application threads were stopped: 0.0005515 seconds, Stopping threads took: 0.0000507 seconds
2015-03-07T19:20:03.986+0000: 549.625: Total time for which application threads were stopped: 0.0005898 seconds, Stopping threads took: 0.0000630 seconds
2015-03-07T19:20:04.150+0000: 549.790: Total time for which application threads were stopped: 0.0026561 seconds, Stopping threads took: 0.0001765 seconds
2015-03-07T19:20:04.711+0000: 550.351: Total time for which application threads were stopped: 0.0007918 seconds, Stopping threads took: 0.0001472 seconds
2015-03-07T19:20:04.712+0000: 550.352: Total time for which application threads were stopped: 0.0005426 seconds, Stopping threads took: 0.0000451 seconds
2015-03-07T19:20:04.724+0000: 550.364: Total time for which application threads were stopped: 0.0005956 seconds, Stopping threads took: 0.0000662 seconds
2015-03-07T19:20:04.724+0000: 550.364: Total time for which application threads were stopped: 0.0005916 seconds, Stopping threads took: 0.0000739 seconds
2015-03-07T19:20:04.725+0000: 550.365: Total time for which application threads were stopped: 0.0005585 seconds, Stopping threads took: 0.0000479 seconds
2015-03-07T19:20:04.726+0000: 550.365: Total time for which application threads were stopped: 0.0005727 seconds, Stopping threads took: 0.0000628 seconds
2015-03-07T19:20:05.060+0000: 550.700: Total time for which application threads were stopped: 0.0006198 seconds, Stopping threads took: 0.0000830 seconds
2015-03-07T19:20:05.148+0000: 550.788: Total time for which application threads were stopped: 0.0006115 seconds, Stopping threads took: 0.0000737 seconds
2015-03-07T19:20:05.164+0000: 550.803: Total time for which application threads were stopped: 0.0006252 seconds, Stopping threads took: 0.0000936 seconds
2015-03-07T19:20:05.164+0000: 550.804: Total time for which application threads were stopped: 0.0005694 seconds, Stopping threads took: 0.0000620 seconds
2015-03-07T19:20:05.165+0000: 550.805: Total time for which application threads were stopped: 0.0005849 seconds, Stopping threads took: 0.0000585 seconds
2015-03-07T19:20:05.814+0000: 551.454: Total time for which application threads were stopped: 0.0008797 seconds, Stopping threads took: 0.0002018 seconds
2015-03-07T19:20:05.825+0000: 551.465: Total time for which application threads were stopped: 0.0005814 seconds, Stopping threads took: 0.0000611 seconds
2015-03-07T19:20:05.826+0000: 551.466: Total time for which application threads were stopped: 0.0006065 seconds, Stopping threads took: 0.0000748 seconds
2015-03-07T19:20:05.826+0000: 551.466: Total time for which application threads were stopped: 0.0005773 seconds, Stopping threads took: 0.0000469 seconds
2015-03-07T19:20:05.827+0000: 551.467: Total time for which application threads were stopped: 0.0005830 seconds, Stopping threads took: 0.0000709 seconds
2015-03-07T19:20:06.211+0000: 551.851: Total time for which application threads were stopped: 0.0006350 seconds, Stopping threads took: 0.0000895 seconds
2015-03-07T19:20:06.228+0000: 551.868: Total time for which application threads were stopped: 0.0006968 seconds, Stopping threads took: 0.0000994 seconds
2015-03-07T19:20:06.240+0000: 551.880: Total time for which application threads were stopped: 0.0006796 seconds, Stopping threads took: 0.0001208 seconds
2015-03-07T19:20:06.241+0000: 551.881: Total time for which application threads were stopped: 0.0006273 seconds, Stopping threads took: 0.0000915 seconds
2015-03-07T19:20:06.242+0000: 551.882: Total time for which application threads were stopped: 0.0005980 seconds, Stopping threads took: 0.0000585 seconds
2015-03-07T19:20:06.243+0000: 551.882: Total time for which application threads were stopped: 0.0006279 seconds, Stopping threads took: 0.0001045 seconds
2015-03-07T19:20:29.247+0000: 574.887: Total time for which application threads were stopped: 0.0009792 seconds, Stopping threads took: 0.0001753 seconds
2015-03-07T19:20:30.248+0000: 575.887: Total time for which application threads were stopped: 0.0006103 seconds, Stopping threads took: 0.0001034 seconds
2015-03-07T19:20:52.252+0000: 597.892: Total time for which application threads were stopped: 0.0010345 seconds, Stopping threads took: 0.0001797 seconds
2015-03-07T19:20:52.253+0000: 597.893: Total time for which application threads were stopped: 0.0005490 seconds, Stopping threads took: 0.0000450 seconds
2015-03-07T19:20:52.253+0000: 597.893: Total time for which application threads were stopped: 0.0005282 seconds, Stopping threads took: 0.0000423 seconds
2015-03-07T19:20:53.254+0000: 598.894: Total time for which application threads were stopped: 0.0008969 seconds, Stopping threads took: 0.0001637 seconds
2015-03-07T19:20:54.255+0000: 599.895: Total time for which application threads were stopped: 0.0006057 seconds, Stopping threads took: 0.0001039 seconds
2015-03-07T19:20:54.827+0000: 600.467: Total time for which application threads were stopped: 0.0008170 seconds, Stopping threads took: 0.0001327 seconds
2015-03-07T19:20:54.851+0000: 600.491: Total time for which application threads were stopped: 0.0007017 seconds, Stopping threads took: 0.0001375 seconds
2015-03-07T19:20:56.852+0000: 602.492: Total time for which application threads were stopped: 0.0008855 seconds, Stopping threads took: 0.0001657 seconds
2015-03-07T19:20:58.439+0000: 604.079: Total time for which application threads were stopped: 0.0010002 seconds, Stopping threads took: 0.0001813 seconds
2015-03-07T19:21:00.035+0000: 605.675: Total time for which application threads were stopped: 0.0010200 seconds, Stopping threads took: 0.0001618 seconds
2015-03-07T19:21:00.036+0000: 605.676: Total time for which application threads were stopped: 0.0005159 seconds, Stopping threads took: 0.0000550 seconds
2015-03-07T19:21:00.036+0000: 605.676: Total time for which application threads were stopped: 0.0005017 seconds, Stopping threads took: 0.0000409 seconds
2015-03-07T19:21:00.080+0000: 605.720: Total time for which application threads were stopped: 0.0034786 seconds, Stopping threads took: 0.0000798 seconds
2015-03-07T19:21:00.094+0000: 605.733: Total time for which application threads were stopped: 0.0005837 seconds, Stopping threads took: 0.0000781 seconds
2015-03-07T19:21:00.261+0000: 605.901: Total time for which application threads were stopped: 0.0006036 seconds, Stopping threads took: 0.0000567 seconds
2015-03-07T19:21:00.262+0000: 605.901: Total time for which application threads were stopped: 0.0005429 seconds, Stopping threads took: 0.0000452 seconds
2015-03-07T19:21:00.264+0000: 605.904: Total time for which application threads were stopped: 0.0019215 seconds, Stopping threads took: 0.0000974 seconds
2015-03-07T19:21:00.266+0000: 605.906: Total time for which application threads were stopped: 0.0016681 seconds, Stopping threads took: 0.0000815 seconds
2015-03-07T19:21:00.268+0000: 605.908: Total time for which application threads were stopped: 0.0016608 seconds, Stopping threads took: 0.0000802 seconds
2015-03-07T19:21:00.660+0000: 606.300: Total time for which application threads were stopped: 0.0005579 seconds, Stopping threads took: 0.0000799 seconds
2015-03-07T19:21:00.772+0000: 606.412: Total time for which application threads were stopped: 0.0005727 seconds, Stopping threads took: 0.0000758 seconds
2015-03-07T19:21:00.773+0000: 606.413: Total time for which application threads were stopped: 0.0005071 seconds, Stopping threads took: 0.0000423 seconds
2015-03-07T19:21:00.793+0000: 606.433: Total time for which application threads were stopped: 0.0006277 seconds, Stopping threads took: 0.0001148 seconds
2015-03-07T19:21:00.794+0000: 606.433: Total time for which application threads were stopped: 0.0005727 seconds, Stopping threads took: 0.0000681 seconds
2015-03-07T19:21:00.794+0000: 606.434: Total time for which application threads were stopped: 0.0005452 seconds, Stopping threads took: 0.0000579 seconds
2015-03-07T19:21:00.798+0000: 606.438: Total time for which application threads were stopped: 0.0038490 seconds, Stopping threads took: 0.0000792 seconds
2015-03-07T19:21:00.926+0000: 606.566: Total time for which application threads were stopped: 0.0005977 seconds, Stopping threads took: 0.0001005 seconds
2015-03-07T19:21:00.930+0000: 606.570: Total time for which application threads were stopped: 0.0007306 seconds, Stopping threads took: 0.0001084 seconds
2015-03-07T19:21:00.937+0000: 606.577: Total time for which application threads were stopped: 0.0006676 seconds, Stopping threads took: 0.0001395 seconds
2015-03-07T19:21:00.939+0000: 606.579: Total time for which application threads were stopped: 0.0006204 seconds, Stopping threads took: 0.0000959 seconds
2015-03-07T19:21:00.939+0000: 606.579: Total time for which application threads were stopped: 0.0006091 seconds, Stopping threads took: 0.0000958 seconds
2015-03-07T19:21:00.940+0000: 606.580: Total time for which application threads were stopped: 0.0005601 seconds, Stopping threads took: 0.0000831 seconds
2015-03-07T19:21:01.395+0000: 607.035: Total time for which application threads were stopped: 0.0011019 seconds, Stopping threads took: 0.0002185 seconds
2015-03-07T19:21:01.406+0000: 607.045: Total time for which application threads were stopped: 0.0005778 seconds, Stopping threads took: 0.0000609 seconds
2015-03-07T19:21:01.406+0000: 607.046: Total time for which application threads were stopped: 0.0005587 seconds, Stopping threads took: 0.0000648 seconds
2015-03-07T19:21:01.407+0000: 607.047: Total time for which application threads were stopped: 0.0005566 seconds, Stopping threads took: 0.0000554 seconds
2015-03-07T19:21:01.885+0000: 607.525: Total time for which application threads were stopped: 0.0010089 seconds, Stopping threads took: 0.0002119 seconds
2015-03-07T19:21:01.904+0000: 607.544: Total time for which application threads were stopped: 0.0006379 seconds, Stopping threads took: 0.0001073 seconds
2015-03-07T19:21:01.904+0000: 607.544: Total time for which application threads were stopped: 0.0005626 seconds, Stopping threads took: 0.0000739 seconds
2015-03-07T19:21:01.905+0000: 607.545: Total time for which application threads were stopped: 0.0005765 seconds, Stopping threads took: 0.0000734 seconds
2015-03-07T19:21:02.163+0000: 607.803: Total time for which application threads were stopped: 0.0008107 seconds, Stopping threads took: 0.0001097 seconds
2015-03-07T19:21:02.177+0000: 607.817: Total time for which application threads were stopped: 0.0006520 seconds, Stopping threads took: 0.0001073 seconds
2015-03-07T19:21:02.178+0000: 607.818: Total time for which application threads were stopped: 0.0005645 seconds, Stopping threads took: 0.0000736 seconds
2015-03-07T19:21:02.179+0000: 607.818: Total time for which application threads were stopped: 0.0005643 seconds, Stopping threads took: 0.0000695 seconds
{Heap before GC invocations=33 (full 0):
 garbage-first heap   total 12582912K, used 12163996K [0x00000004c0000000, 0x00000004c0406000, 0x00000007c0000000)
  region size 4096K, 85 young (348160K), 3 survivors (12288K)
 Metaspace       used 37338K, capacity 38226K, committed 41036K, reserved 1085440K
  class space    used 4000K, capacity 4240K, committed 4684K, reserved 1048576K
2015-03-07T19:21:02.180+0000: 607.820: [GC pause (G1 Evacuation Pause) (mixed)
Desired survivor size 41943040 bytes, new threshold 15 (max 15)
- age   1:   10946448 bytes,   10946448 total
- age   2:       6504 bytes,   10952952 total
- age   3:      20296 bytes,   10973248 total
- age   4:       2368 bytes,   10975616 total
- age   5:        944 bytes,   10976560 total
 (to-space exhausted), 0.4301035 secs]
   [Parallel Time: 355.7 ms, GC Workers: 28]
      [GC Worker Start (ms): Min: 607825.0, Avg: 607825.7, Max: 607826.2, Diff: 1.1]
      [Ext Root Scanning (ms): Min: 0.4, Avg: 0.8, Max: 1.8, Diff: 1.4, Sum: 23.3]
      [Update RS (ms): Min: 0.0, Avg: 17.0, Max: 42.7, Diff: 42.7, Sum: 475.0]
         [Processed Buffers: Min: 0, Avg: 35.0, Max: 109, Diff: 109, Sum: 979]
      [Scan RS (ms): Min: 0.0, Avg: 0.5, Max: 2.1, Diff: 2.1, Sum: 13.7]
      [Code Root Scanning (ms): Min: 0.0, Avg: 28.2, Max: 214.6, Diff: 214.6, Sum: 788.6]
      [Object Copy (ms): Min: 97.1, Avg: 307.2, Max: 353.4, Diff: 256.3, Sum: 8602.0]
      [Termination (ms): Min: 0.1, Avg: 0.6, Max: 1.1, Diff: 1.0, Sum: 17.1]
      [GC Worker Other (ms): Min: 0.0, Avg: 0.0, Max: 0.1, Diff: 0.0, Sum: 0.7]
      [GC Worker Total (ms): Min: 353.8, Avg: 354.3, Max: 355.0, Diff: 1.1, Sum: 9920.4]
      [GC Worker End (ms): Min: 608179.9, Avg: 608180.0, Max: 608180.0, Diff: 0.1]
   [Code Root Fixup: 0.8 ms]
   [Code Root Purge: 0.1 ms]
   [Clear CT: 0.8 ms]
   [Other: 72.6 ms]
      [Evacuation Failure: 58.3 ms]
      [Choose CSet: 0.1 ms]
      [Ref Proc: 1.4 ms]
      [Ref Enq: 0.0 ms]
      [Redirty Cards: 2.1 ms]
      [Humongous Reclaim: 4.8 ms]
      [Free CSet: 0.4 ms]
   [Eden: 328.0M(600.0M)->0.0B(612.0M) Survivors: 12.0M->0.0B Heap: 11.6G(12.0G)->8075.4M(12.0G)]
Heap after GC invocations=34 (full 0):
 garbage-first heap   total 12582912K, used 8269173K [0x00000004c0000000, 0x00000004c0406000, 0x00000007c0000000)
  region size 4096K, 0 young (0K), 0 survivors (0K)
 Metaspace       used 37338K, capacity 38226K, committed 41036K, reserved 1085440K
  class space    used 4000K, capacity 4240K, committed 4684K, reserved 1048576K
}
 [Times: user=1.90 sys=0.04, real=0.43 secs] 
2015-03-07T19:21:02.610+0000: 608.250: Total time for which application threads were stopped: 0.4312570 seconds, Stopping threads took: 0.0000882 seconds
2015-03-07T19:21:02.837+0000: 608.477: Total time for which application threads were stopped: 0.0013862 seconds, Stopping threads took: 0.0001817 seconds
2015-03-07T19:21:02.849+0000: 608.489: Total time for which application threads were stopped: 0.0009152 seconds, Stopping threads took: 0.0001037 seconds
2015-03-07T19:21:02.850+0000: 608.490: Total time for which application threads were stopped: 0.0008687 seconds, Stopping threads took: 0.0000981 seconds
2015-03-07T19:21:02.851+0000: 608.490: Total time for which application threads were stopped: 0.0008320 seconds, Stopping threads took: 0.0000639 seconds
2015-03-07T19:21:02.881+0000: 608.520: Total time for which application threads were stopped: 0.0009296 seconds, Stopping threads took: 0.0001100 seconds
2015-03-07T19:21:02.986+0000: 608.625: Total time for which application threads were stopped: 0.0009337 seconds, Stopping threads took: 0.0001376 seconds
2015-03-07T19:21:02.999+0000: 608.639: Total time for which application threads were stopped: 0.0006170 seconds, Stopping threads took: 0.0000623 seconds
2015-03-07T19:21:03.000+0000: 608.640: Total time for which application threads were stopped: 0.0005959 seconds, Stopping threads took: 0.0000704 seconds
2015-03-07T19:21:03.001+0000: 608.641: Total time for which application threads were stopped: 0.0006295 seconds, Stopping threads took: 0.0000981 seconds
2015-03-07T19:21:03.235+0000: 608.875: Total time for which application threads were stopped: 0.0008343 seconds, Stopping threads took: 0.0001340 seconds
2015-03-07T19:21:03.248+0000: 608.888: Total time for which application threads were stopped: 0.0007756 seconds, Stopping threads took: 0.0001926 seconds
2015-03-07T19:21:03.249+0000: 608.888: Total time for which application threads were stopped: 0.0005808 seconds, Stopping threads took: 0.0000703 seconds
2015-03-07T19:21:03.249+0000: 608.889: Total time for which application threads were stopped: 0.0005634 seconds, Stopping threads took: 0.0000660 seconds
2015-03-07T19:21:03.760+0000: 609.400: Total time for which application threads were stopped: 0.0008482 seconds, Stopping threads took: 0.0001824 seconds
2015-03-07T19:21:03.964+0000: 609.604: Total time for which application threads were stopped: 0.0009607 seconds, Stopping threads took: 0.0001965 seconds
2015-03-07T19:21:03.976+0000: 609.616: Total time for which application threads were stopped: 0.0006152 seconds, Stopping threads took: 0.0000694 seconds
2015-03-07T19:21:03.976+0000: 609.616: Total time for which application threads were stopped: 0.0005939 seconds, Stopping threads took: 0.0000752 seconds
2015-03-07T19:21:03.977+0000: 609.617: Total time for which application threads were stopped: 0.0005802 seconds, Stopping threads took: 0.0000696 seconds
2015-03-07T19:21:04.210+0000: 609.850: Total time for which application threads were stopped: 0.0007353 seconds, Stopping threads took: 0.0001196 seconds
2015-03-07T19:21:04.223+0000: 609.863: Total time for which application threads were stopped: 0.0005629 seconds, Stopping threads took: 0.0000557 seconds
2015-03-07T19:21:04.224+0000: 609.864: Total time for which application threads were stopped: 0.0006083 seconds, Stopping threads took: 0.0000735 seconds
2015-03-07T19:21:04.225+0000: 609.864: Total time for which application threads were stopped: 0.0005837 seconds, Stopping threads took: 0.0000796 seconds
2015-03-07T19:21:04.303+0000: 609.943: Total time for which application threads were stopped: 0.0005896 seconds, Stopping threads took: 0.0000793 seconds
2015-03-07T19:21:04.306+0000: 609.946: Total time for which application threads were stopped: 0.0007017 seconds, Stopping threads took: 0.0000903 seconds
2015-03-07T19:21:04.314+0000: 609.954: Total time for which application threads were stopped: 0.0007408 seconds, Stopping threads took: 0.0001739 seconds
2015-03-07T19:21:04.316+0000: 609.956: Total time for which application threads were stopped: 0.0006980 seconds, Stopping threads took: 0.0001538 seconds
2015-03-07T19:21:04.316+0000: 609.956: Total time for which application threads were stopped: 0.0006342 seconds, Stopping threads took: 0.0001160 seconds
2015-03-07T19:21:04.317+0000: 609.957: Total time for which application threads were stopped: 0.0006251 seconds, Stopping threads took: 0.0000942 seconds
2015-03-07T19:21:05.318+0000: 610.958: Total time for which application threads were stopped: 0.0006756 seconds, Stopping threads took: 0.0001103 seconds
2015-03-07T19:21:05.494+0000: 611.134: Total time for which application threads were stopped: 0.0006483 seconds, Stopping threads took: 0.0001055 seconds
2015-03-07T19:21:05.505+0000: 611.144: Total time for which application threads were stopped: 0.0006308 seconds, Stopping threads took: 0.0000822 seconds
2015-03-07T19:21:05.505+0000: 611.145: Total time for which application threads were stopped: 0.0005607 seconds, Stopping threads took: 0.0000560 seconds
2015-03-07T19:21:05.506+0000: 611.146: Total time for which application threads were stopped: 0.0005609 seconds, Stopping threads took: 0.0000523 seconds
2015-03-07T19:21:05.507+0000: 611.146: Total time for which application threads were stopped: 0.0006077 seconds, Stopping threads took: 0.0000683 seconds
2015-03-07T19:21:06.040+0000: 611.680: Total time for which application threads were stopped: 0.0006660 seconds, Stopping threads took: 0.0001017 seconds
2015-03-07T19:21:06.051+0000: 611.690: Total time for which application threads were stopped: 0.0006292 seconds, Stopping threads took: 0.0000818 seconds
2015-03-07T19:21:06.051+0000: 611.691: Total time for which application threads were stopped: 0.0005885 seconds, Stopping threads took: 0.0000700 seconds
2015-03-07T19:21:06.052+0000: 611.692: Total time for which application threads were stopped: 0.0006038 seconds, Stopping threads took: 0.0000786 seconds
2015-03-07T19:21:06.053+0000: 611.693: Total time for which application threads were stopped: 0.0006312 seconds, Stopping threads took: 0.0000786 seconds
2015-03-07T19:21:06.291+0000: 611.931: Total time for which application threads were stopped: 0.0006168 seconds, Stopping threads took: 0.0000848 seconds
2015-03-07T19:21:06.309+0000: 611.949: Total time for which application threads were stopped: 0.0006477 seconds, Stopping threads took: 0.0001184 seconds
2015-03-07T19:21:06.310+0000: 611.950: Total time for which application threads were stopped: 0.0005498 seconds, Stopping threads took: 0.0000558 seconds
2015-03-07T19:21:06.311+0000: 611.951: Total time for which application threads were stopped: 0.0005926 seconds, Stopping threads took: 0.0000628 seconds
2015-03-07T19:21:06.311+0000: 611.951: Total time for which application threads were stopped: 0.0006065 seconds, Stopping threads took: 0.0000686 seconds
2015-03-07T19:21:18.314+0000: 623.954: Total time for which application threads were stopped: 0.0010497 seconds, Stopping threads took: 0.0001793 seconds
2015-03-07T19:21:19.315+0000: 624.955: Total time for which application threads were stopped: 0.0009816 seconds, Stopping threads took: 0.0001899 seconds
2015-03-07T19:21:52.345+0000: 657.985: Total time for which application threads were stopped: 0.0009885 seconds, Stopping threads took: 0.0001483 seconds
2015-03-07T19:21:52.346+0000: 657.986: Total time for which application threads were stopped: 0.0005367 seconds, Stopping threads took: 0.0000469 seconds
2015-03-07T19:21:52.347+0000: 657.987: Total time for which application threads were stopped: 0.0005356 seconds, Stopping threads took: 0.0000418 seconds
2015-03-07T19:21:52.757+0000: 658.397: Total time for which application threads were stopped: 0.0006039 seconds, Stopping threads took: 0.0000932 seconds
2015-03-07T19:21:53.365+0000: 659.005: Total time for which application threads were stopped: 0.0010964 seconds, Stopping threads took: 0.0002418 seconds
2015-03-07T19:21:53.518+0000: 659.158: Total time for which application threads were stopped: 0.0006301 seconds, Stopping threads took: 0.0001008 seconds
2015-03-07T19:21:54.209+0000: 659.848: Total time for which application threads were stopped: 0.0008013 seconds, Stopping threads took: 0.0001047 seconds
2015-03-07T19:21:54.250+0000: 659.890: Total time for which application threads were stopped: 0.0005958 seconds, Stopping threads took: 0.0000801 seconds
2015-03-07T19:21:55.007+0000: 660.647: Total time for which application threads were stopped: 0.0010317 seconds, Stopping threads took: 0.0001791 seconds
2015-03-07T19:21:55.024+0000: 660.664: Total time for which application threads were stopped: 0.0006833 seconds, Stopping threads took: 0.0001081 seconds
2015-03-07T19:21:56.025+0000: 661.665: Total time for which application threads were stopped: 0.0009192 seconds, Stopping threads took: 0.0001611 seconds
2015-03-07T19:21:58.448+0000: 664.088: Total time for which application threads were stopped: 0.0009956 seconds, Stopping threads took: 0.0001559 seconds
2015-03-07T19:21:59.979+0000: 665.619: Total time for which application threads were stopped: 0.0010524 seconds, Stopping threads took: 0.0002675 seconds
2015-03-07T19:21:59.994+0000: 665.634: Total time for which application threads were stopped: 0.0006243 seconds, Stopping threads took: 0.0000948 seconds
2015-03-07T19:21:59.995+0000: 665.635: Total time for which application threads were stopped: 0.0005469 seconds, Stopping threads took: 0.0000782 seconds
2015-03-07T19:21:59.996+0000: 665.635: Total time for which application threads were stopped: 0.0005308 seconds, Stopping threads took: 0.0000555 seconds
2015-03-07T19:21:59.996+0000: 665.636: Total time for which application threads were stopped: 0.0005257 seconds, Stopping threads took: 0.0000584 seconds
2015-03-07T19:22:00.110+0000: 665.750: Total time for which application threads were stopped: 0.0006635 seconds, Stopping threads took: 0.0001286 seconds
2015-03-07T19:22:00.111+0000: 665.750: Total time for which application threads were stopped: 0.0005906 seconds, Stopping threads took: 0.0000867 seconds
2015-03-07T19:22:00.112+0000: 665.752: Total time for which application threads were stopped: 0.0006911 seconds, Stopping threads took: 0.0001622 seconds
2015-03-07T19:22:00.113+0000: 665.753: Total time for which application threads were stopped: 0.0006264 seconds, Stopping threads took: 0.0000969 seconds
2015-03-07T19:22:00.749+0000: 666.389: Total time for which application threads were stopped: 0.0007688 seconds, Stopping threads took: 0.0001800 seconds
2015-03-07T19:22:01.663+0000: 667.303: Total time for which application threads were stopped: 0.0011244 seconds, Stopping threads took: 0.0001632 seconds
2015-03-07T19:22:01.678+0000: 667.317: Total time for which application threads were stopped: 0.0006786 seconds, Stopping threads took: 0.0000892 seconds
2015-03-07T19:22:01.678+0000: 667.318: Total time for which application threads were stopped: 0.0005774 seconds, Stopping threads took: 0.0000693 seconds
2015-03-07T19:22:01.679+0000: 667.319: Total time for which application threads were stopped: 0.0005887 seconds, Stopping threads took: 0.0000703 seconds
2015-03-07T19:22:01.680+0000: 667.319: Total time for which application threads were stopped: 0.0006158 seconds, Stopping threads took: 0.0000946 seconds
2015-03-07T19:22:02.331+0000: 667.971: Total time for which application threads were stopped: 0.0007555 seconds, Stopping threads took: 0.0001276 seconds
2015-03-07T19:22:02.347+0000: 667.987: Total time for which application threads were stopped: 0.0033945 seconds, Stopping threads took: 0.0001002 seconds
2015-03-07T19:22:02.349+0000: 667.989: Total time for which application threads were stopped: 0.0018657 seconds, Stopping threads took: 0.0000801 seconds
2015-03-07T19:22:02.351+0000: 667.990: Total time for which application threads were stopped: 0.0017877 seconds, Stopping threads took: 0.0000707 seconds
2015-03-07T19:22:02.351+0000: 667.991: Total time for which application threads were stopped: 0.0005799 seconds, Stopping threads took: 0.0000569 seconds
2015-03-07T19:22:03.057+0000: 668.697: Total time for which application threads were stopped: 0.0010083 seconds, Stopping threads took: 0.0001679 seconds
2015-03-07T19:22:03.070+0000: 668.709: Total time for which application threads were stopped: 0.0006498 seconds, Stopping threads took: 0.0001011 seconds
2015-03-07T19:22:03.070+0000: 668.710: Total time for which application threads were stopped: 0.0005783 seconds, Stopping threads took: 0.0000671 seconds
2015-03-07T19:22:03.071+0000: 668.711: Total time for which application threads were stopped: 0.0005948 seconds, Stopping threads took: 0.0000723 seconds
2015-03-07T19:22:03.072+0000: 668.711: Total time for which application threads were stopped: 0.0006005 seconds, Stopping threads took: 0.0000657 seconds
2015-03-07T19:22:03.773+0000: 669.413: Total time for which application threads were stopped: 0.0006269 seconds, Stopping threads took: 0.0001005 seconds
2015-03-07T19:22:03.817+0000: 669.457: Total time for which application threads were stopped: 0.0006286 seconds, Stopping threads took: 0.0001001 seconds
2015-03-07T19:22:03.821+0000: 669.460: Total time for which application threads were stopped: 0.0007134 seconds, Stopping threads took: 0.0001115 seconds
2015-03-07T19:22:03.828+0000: 669.468: Total time for which application threads were stopped: 0.0006955 seconds, Stopping threads took: 0.0001227 seconds
2015-03-07T19:22:03.830+0000: 669.470: Total time for which application threads were stopped: 0.0006704 seconds, Stopping threads took: 0.0001174 seconds
2015-03-07T19:22:03.831+0000: 669.471: Total time for which application threads were stopped: 0.0006347 seconds, Stopping threads took: 0.0000985 seconds
2015-03-07T19:22:03.832+0000: 669.471: Total time for which application threads were stopped: 0.0006494 seconds, Stopping threads took: 0.0001072 seconds
2015-03-07T19:22:03.832+0000: 669.472: Total time for which application threads were stopped: 0.0006248 seconds, Stopping threads took: 0.0000874 seconds
2015-03-07T19:22:04.043+0000: 669.683: Total time for which application threads were stopped: 0.0010466 seconds, Stopping threads took: 0.0001779 seconds
2015-03-07T19:22:04.054+0000: 669.694: Total time for which application threads were stopped: 0.0006746 seconds, Stopping threads took: 0.0001137 seconds
2015-03-07T19:22:04.055+0000: 669.694: Total time for which application threads were stopped: 0.0006274 seconds, Stopping threads took: 0.0000810 seconds
2015-03-07T19:22:04.055+0000: 669.695: Total time for which application threads were stopped: 0.0005641 seconds, Stopping threads took: 0.0000560 seconds
2015-03-07T19:22:04.056+0000: 669.696: Total time for which application threads were stopped: 0.0005586 seconds, Stopping threads took: 0.0000547 seconds
2015-03-07T19:22:04.134+0000: 669.774: Total time for which application threads were stopped: 0.0006049 seconds, Stopping threads took: 0.0000880 seconds
2015-03-07T19:22:04.144+0000: 669.784: Total time for which application threads were stopped: 0.0006139 seconds, Stopping threads took: 0.0000854 seconds
2015-03-07T19:22:04.145+0000: 669.785: Total time for which application threads were stopped: 0.0006090 seconds, Stopping threads took: 0.0000736 seconds
2015-03-07T19:22:04.146+0000: 669.785: Total time for which application threads were stopped: 0.0006156 seconds, Stopping threads took: 0.0000767 seconds
2015-03-07T19:22:04.146+0000: 669.786: Total time for which application threads were stopped: 0.0006016 seconds, Stopping threads took: 0.0000747 seconds
2015-03-07T19:22:04.413+0000: 670.052: Total time for which application threads were stopped: 0.0006977 seconds, Stopping threads took: 0.0001118 seconds
2015-03-07T19:22:04.413+0000: 670.053: Total time for which application threads were stopped: 0.0005323 seconds, Stopping threads took: 0.0000533 seconds
2015-03-07T19:22:04.414+0000: 670.054: Total time for which application threads were stopped: 0.0005918 seconds, Stopping threads took: 0.0000741 seconds
2015-03-07T19:22:04.415+0000: 670.054: Total time for which application threads were stopped: 0.0006064 seconds, Stopping threads took: 0.0000740 seconds
2015-03-07T19:22:04.506+0000: 670.146: Total time for which application threads were stopped: 0.0006788 seconds, Stopping threads took: 0.0001014 seconds
2015-03-07T19:22:04.506+0000: 670.146: Total time for which application threads were stopped: 0.0005979 seconds, Stopping threads took: 0.0000597 seconds
2015-03-07T19:22:04.507+0000: 670.147: Total time for which application threads were stopped: 0.0005500 seconds, Stopping threads took: 0.0000548 seconds
2015-03-07T19:22:04.508+0000: 670.148: Total time for which application threads were stopped: 0.0006295 seconds, Stopping threads took: 0.0000803 seconds
2015-03-07T19:22:05.010+0000: 670.650: Total time for which application threads were stopped: 0.0006626 seconds, Stopping threads took: 0.0000978 seconds
2015-03-07T19:22:05.010+0000: 670.650: Total time for which application threads were stopped: 0.0005558 seconds, Stopping threads took: 0.0000465 seconds
2015-03-07T19:22:05.011+0000: 670.651: Total time for which application threads were stopped: 0.0005429 seconds, Stopping threads took: 0.0000455 seconds
2015-03-07T19:22:05.030+0000: 670.670: Total time for which application threads were stopped: 0.0007608 seconds, Stopping threads took: 0.0001893 seconds
2015-03-07T19:22:05.030+0000: 670.670: Total time for which application threads were stopped: 0.0006740 seconds, Stopping threads took: 0.0001268 seconds
2015-03-07T19:22:05.031+0000: 670.671: Total time for which application threads were stopped: 0.0005543 seconds, Stopping threads took: 0.0000554 seconds
2015-03-07T19:22:05.032+0000: 670.672: Total time for which application threads were stopped: 0.0006055 seconds, Stopping threads took: 0.0000649 seconds
2015-03-07T19:22:05.432+0000: 671.072: Total time for which application threads were stopped: 0.0006695 seconds, Stopping threads took: 0.0001048 seconds
2015-03-07T19:22:05.443+0000: 671.083: Total time for which application threads were stopped: 0.0007139 seconds, Stopping threads took: 0.0001608 seconds
2015-03-07T19:22:05.444+0000: 671.084: Total time for which application threads were stopped: 0.0006117 seconds, Stopping threads took: 0.0000864 seconds
2015-03-07T19:22:05.445+0000: 671.084: Total time for which application threads were stopped: 0.0005853 seconds, Stopping threads took: 0.0000475 seconds
2015-03-07T19:22:05.445+0000: 671.085: Total time for which application threads were stopped: 0.0006252 seconds, Stopping threads took: 0.0000929 seconds
2015-03-07T19:22:06.446+0000: 672.086: Total time for which application threads were stopped: 0.0006439 seconds, Stopping threads took: 0.0000971 seconds
2015-03-07T19:22:37.453+0000: 703.093: Total time for which application threads were stopped: 0.0009843 seconds, Stopping threads took: 0.0001822 seconds
2015-03-07T19:22:50.463+0000: 716.103: Total time for which application threads were stopped: 0.0010315 seconds, Stopping threads took: 0.0001947 seconds
2015-03-07T19:22:51.923+0000: 717.563: Total time for which application threads were stopped: 0.0009994 seconds, Stopping threads took: 0.0001639 seconds
2015-03-07T19:22:51.924+0000: 717.564: Total time for which application threads were stopped: 0.0005623 seconds, Stopping threads took: 0.0000507 seconds
2015-03-07T19:22:51.925+0000: 717.565: Total time for which application threads were stopped: 0.0005367 seconds, Stopping threads took: 0.0000460 seconds
2015-03-07T19:22:51.926+0000: 717.565: Total time for which application threads were stopped: 0.0005409 seconds, Stopping threads took: 0.0000420 seconds
2015-03-07T19:22:52.211+0000: 717.851: Total time for which application threads were stopped: 0.0005969 seconds, Stopping threads took: 0.0000943 seconds
2015-03-07T19:22:52.381+0000: 718.021: Total time for which application threads were stopped: 0.0006600 seconds, Stopping threads took: 0.0001210 seconds
2015-03-07T19:22:52.388+0000: 718.028: Total time for which application threads were stopped: 0.0006928 seconds, Stopping threads took: 0.0001405 seconds
2015-03-07T19:22:52.473+0000: 718.112: Total time for which application threads were stopped: 0.0007050 seconds, Stopping threads took: 0.0001348 seconds
2015-03-07T19:22:52.669+0000: 718.309: Total time for which application threads were stopped: 0.0024734 seconds, Stopping threads took: 0.0001396 seconds
2015-03-07T19:22:53.670+0000: 719.310: Total time for which application threads were stopped: 0.0009046 seconds, Stopping threads took: 0.0001691 seconds
2015-03-07T19:22:54.671+0000: 720.311: Total time for which application threads were stopped: 0.0007875 seconds, Stopping threads took: 0.0001262 seconds
2015-03-07T19:22:54.766+0000: 720.406: Total time for which application threads were stopped: 0.0007487 seconds, Stopping threads took: 0.0001380 seconds
2015-03-07T19:22:54.781+0000: 720.421: Total time for which application threads were stopped: 0.0006199 seconds, Stopping threads took: 0.0000651 seconds
2015-03-07T19:22:54.782+0000: 720.421: Total time for which application threads were stopped: 0.0005823 seconds, Stopping threads took: 0.0000782 seconds
2015-03-07T19:22:58.235+0000: 723.875: Total time for which application threads were stopped: 0.0009942 seconds, Stopping threads took: 0.0001815 seconds
2015-03-07T19:22:59.794+0000: 725.434: Total time for which application threads were stopped: 0.0007711 seconds, Stopping threads took: 0.0000976 seconds
2015-03-07T19:22:59.808+0000: 725.448: Total time for which application threads were stopped: 0.0005622 seconds, Stopping threads took: 0.0000761 seconds
2015-03-07T19:22:59.809+0000: 725.449: Total time for which application threads were stopped: 0.0005619 seconds, Stopping threads took: 0.0000842 seconds
2015-03-07T19:22:59.809+0000: 725.449: Total time for which application threads were stopped: 0.0005276 seconds, Stopping threads took: 0.0000698 seconds
2015-03-07T19:22:59.810+0000: 725.450: Total time for which application threads were stopped: 0.0005255 seconds, Stopping threads took: 0.0000655 seconds
2015-03-07T19:22:59.811+0000: 725.450: Total time for which application threads were stopped: 0.0005482 seconds, Stopping threads took: 0.0000601 seconds
2015-03-07T19:22:59.951+0000: 725.591: Total time for which application threads were stopped: 0.0005886 seconds, Stopping threads took: 0.0000764 seconds
2015-03-07T19:22:59.952+0000: 725.592: Total time for which application threads were stopped: 0.0005410 seconds, Stopping threads took: 0.0000447 seconds
2015-03-07T19:22:59.954+0000: 725.594: Total time for which application threads were stopped: 0.0006234 seconds, Stopping threads took: 0.0000616 seconds
2015-03-07T19:22:59.955+0000: 725.594: Total time for which application threads were stopped: 0.0005613 seconds, Stopping threads took: 0.0000539 seconds
2015-03-07T19:23:00.662+0000: 726.302: Total time for which application threads were stopped: 0.0006701 seconds, Stopping threads took: 0.0001256 seconds
2015-03-07T19:23:00.666+0000: 726.306: Total time for which application threads were stopped: 0.0007006 seconds, Stopping threads took: 0.0000867 seconds
2015-03-07T19:23:00.681+0000: 726.321: Total time for which application threads were stopped: 0.0006734 seconds, Stopping threads took: 0.0001545 seconds
2015-03-07T19:23:00.683+0000: 726.323: Total time for which application threads were stopped: 0.0006539 seconds, Stopping threads took: 0.0001391 seconds
2015-03-07T19:23:00.684+0000: 726.324: Total time for which application threads were stopped: 0.0006200 seconds, Stopping threads took: 0.0001028 seconds
2015-03-07T19:23:00.684+0000: 726.324: Total time for which application threads were stopped: 0.0006377 seconds, Stopping threads took: 0.0001054 seconds
2015-03-07T19:23:00.685+0000: 726.325: Total time for which application threads were stopped: 0.0005941 seconds, Stopping threads took: 0.0000948 seconds
2015-03-07T19:23:01.195+0000: 726.835: Total time for which application threads were stopped: 0.0008058 seconds, Stopping threads took: 0.0001437 seconds
2015-03-07T19:23:01.206+0000: 726.845: Total time for which application threads were stopped: 0.0005561 seconds, Stopping threads took: 0.0001029 seconds
2015-03-07T19:23:01.206+0000: 726.846: Total time for which application threads were stopped: 0.0004625 seconds, Stopping threads took: 0.0000592 seconds
2015-03-07T19:23:01.207+0000: 726.847: Total time for which application threads were stopped: 0.0005190 seconds, Stopping threads took: 0.0000798 seconds
2015-03-07T19:23:01.207+0000: 726.847: Total time for which application threads were stopped: 0.0004615 seconds, Stopping threads took: 0.0000687 seconds
2015-03-07T19:23:01.381+0000: 727.021: Total time for which application threads were stopped: 0.0004950 seconds, Stopping threads took: 0.0000751 seconds
2015-03-07T19:23:01.474+0000: 727.114: Total time for which application threads were stopped: 0.0004525 seconds, Stopping threads took: 0.0000465 seconds
2015-03-07T19:23:01.484+0000: 727.124: Total time for which application threads were stopped: 0.0005167 seconds, Stopping threads took: 0.0001000 seconds
2015-03-07T19:23:01.485+0000: 727.124: Total time for which application threads were stopped: 0.0004782 seconds, Stopping threads took: 0.0000567 seconds
2015-03-07T19:23:01.485+0000: 727.125: Total time for which application threads were stopped: 0.0004874 seconds, Stopping threads took: 0.0000716 seconds
2015-03-07T19:23:01.486+0000: 727.126: Total time for which application threads were stopped: 0.0004859 seconds, Stopping threads took: 0.0000621 seconds
2015-03-07T19:23:02.593+0000: 728.233: Total time for which application threads were stopped: 0.0031619 seconds, Stopping threads took: 0.0001540 seconds
2015-03-07T19:23:02.604+0000: 728.244: Total time for which application threads were stopped: 0.0005438 seconds, Stopping threads took: 0.0000847 seconds
2015-03-07T19:23:02.605+0000: 728.245: Total time for which application threads were stopped: 0.0005097 seconds, Stopping threads took: 0.0000609 seconds
2015-03-07T19:23:02.605+0000: 728.245: Total time for which application threads were stopped: 0.0004597 seconds, Stopping threads took: 0.0000517 seconds
2015-03-07T19:23:02.606+0000: 728.246: Total time for which application threads were stopped: 0.0005128 seconds, Stopping threads took: 0.0000865 seconds
2015-03-07T19:23:02.940+0000: 728.580: Total time for which application threads were stopped: 0.0008222 seconds, Stopping threads took: 0.0001431 seconds
2015-03-07T19:23:02.941+0000: 728.581: Total time for which application threads were stopped: 0.0004475 seconds, Stopping threads took: 0.0000395 seconds
2015-03-07T19:23:02.952+0000: 728.592: Total time for which application threads were stopped: 0.0005142 seconds, Stopping threads took: 0.0000762 seconds
2015-03-07T19:23:02.953+0000: 728.592: Total time for which application threads were stopped: 0.0005129 seconds, Stopping threads took: 0.0000790 seconds
2015-03-07T19:23:02.953+0000: 728.593: Total time for which application threads were stopped: 0.0004578 seconds, Stopping threads took: 0.0000415 seconds
2015-03-07T19:23:02.954+0000: 728.594: Total time for which application threads were stopped: 0.0005137 seconds, Stopping threads took: 0.0000881 seconds
2015-03-07T19:23:03.292+0000: 728.932: Total time for which application threads were stopped: 0.0005370 seconds, Stopping threads took: 0.0001085 seconds
2015-03-07T19:23:03.305+0000: 728.945: Total time for which application threads were stopped: 0.0005155 seconds, Stopping threads took: 0.0000765 seconds
2015-03-07T19:23:03.306+0000: 728.945: Total time for which application threads were stopped: 0.0004745 seconds, Stopping threads took: 0.0000510 seconds
2015-03-07T19:23:03.306+0000: 728.946: Total time for which application threads were stopped: 0.0005070 seconds, Stopping threads took: 0.0000714 seconds
2015-03-07T19:23:03.308+0000: 728.948: Total time for which application threads were stopped: 0.0018966 seconds, Stopping threads took: 0.0000879 seconds
2015-03-07T19:23:03.951+0000: 729.591: Total time for which application threads were stopped: 0.0006742 seconds, Stopping threads took: 0.0001053 seconds
2015-03-07T19:23:03.962+0000: 729.602: Total time for which application threads were stopped: 0.0005131 seconds, Stopping threads took: 0.0000926 seconds
2015-03-07T19:23:03.963+0000: 729.603: Total time for which application threads were stopped: 0.0005649 seconds, Stopping threads took: 0.0000596 seconds
2015-03-07T19:23:03.963+0000: 729.603: Total time for which application threads were stopped: 0.0004696 seconds, Stopping threads took: 0.0000599 seconds
2015-03-07T19:23:04.345+0000: 729.985: Total time for which application threads were stopped: 0.0006493 seconds, Stopping threads took: 0.0001369 seconds
2015-03-07T19:23:04.503+0000: 730.143: Total time for which application threads were stopped: 0.0032483 seconds, Stopping threads took: 0.0002532 seconds
2015-03-07T19:23:04.510+0000: 730.150: Total time for which application threads were stopped: 0.0010133 seconds, Stopping threads took: 0.0001757 seconds
2015-03-07T19:23:04.522+0000: 730.162: Total time for which application threads were stopped: 0.0008232 seconds, Stopping threads took: 0.0001687 seconds
2015-03-07T19:23:04.523+0000: 730.163: Total time for which application threads were stopped: 0.0007655 seconds, Stopping threads took: 0.0001205 seconds
2015-03-07T19:23:04.524+0000: 730.164: Total time for which application threads were stopped: 0.0006681 seconds, Stopping threads took: 0.0000553 seconds
2015-03-07T19:23:04.609+0000: 730.249: Total time for which application threads were stopped: 0.0006128 seconds, Stopping threads took: 0.0000893 seconds
2015-03-07T19:23:04.623+0000: 730.263: Total time for which application threads were stopped: 0.0006362 seconds, Stopping threads took: 0.0000846 seconds
2015-03-07T19:23:04.623+0000: 730.263: Total time for which application threads were stopped: 0.0005917 seconds, Stopping threads took: 0.0000668 seconds
2015-03-07T19:23:04.624+0000: 730.264: Total time for which application threads were stopped: 0.0006137 seconds, Stopping threads took: 0.0000903 seconds
2015-03-07T19:23:05.093+0000: 730.732: Total time for which application threads were stopped: 0.0007435 seconds, Stopping threads took: 0.0001223 seconds
2015-03-07T19:23:05.096+0000: 730.736: Total time for which application threads were stopped: 0.0007187 seconds, Stopping threads took: 0.0000886 seconds
2015-03-07T19:23:05.104+0000: 730.744: Total time for which application threads were stopped: 0.0006240 seconds, Stopping threads took: 0.0000982 seconds
2015-03-07T19:23:05.106+0000: 730.745: Total time for which application threads were stopped: 0.0006892 seconds, Stopping threads took: 0.0001305 seconds
2015-03-07T19:23:05.106+0000: 730.746: Total time for which application threads were stopped: 0.0006316 seconds, Stopping threads took: 0.0001065 seconds
2015-03-07T19:23:05.107+0000: 730.747: Total time for which application threads were stopped: 0.0005984 seconds, Stopping threads took: 0.0000956 seconds
2015-03-07T19:23:05.340+0000: 730.980: Total time for which application threads were stopped: 0.0006385 seconds, Stopping threads took: 0.0000898 seconds
2015-03-07T19:23:05.351+0000: 730.991: Total time for which application threads were stopped: 0.0006606 seconds, Stopping threads took: 0.0001130 seconds
2015-03-07T19:23:05.352+0000: 730.991: Total time for which application threads were stopped: 0.0005913 seconds, Stopping threads took: 0.0000626 seconds
2015-03-07T19:23:05.352+0000: 730.992: Total time for which application threads were stopped: 0.0005972 seconds, Stopping threads took: 0.0000696 seconds
2015-03-07T19:23:24.357+0000: 749.997: Total time for which application threads were stopped: 0.0009506 seconds, Stopping threads took: 0.0001622 seconds
{Heap before GC invocations=34 (full 0):
 garbage-first heap   total 12582912K, used 8498549K [0x00000004c0000000, 0x00000004c0406000, 0x00000007c0000000)
  region size 4096K, 57 young (233472K), 0 survivors (0K)
 Metaspace       used 37582K, capacity 38418K, committed 41036K, reserved 1085440K
  class space    used 4000K, capacity 4240K, committed 4684K, reserved 1048576K
2015-03-07T19:23:28.418+0000: 754.058: [GC pause (G1 Humongous Allocation) (young) (initial-mark)
Desired survivor size 41943040 bytes, new threshold 15 (max 15)
, 0.0173742 secs]
   [Parallel Time: 7.2 ms, GC Workers: 28]
      [GC Worker Start (ms): Min: 754058.5, Avg: 754059.1, Max: 754059.6, Diff: 1.1]
      [Ext Root Scanning (ms): Min: 1.4, Avg: 2.0, Max: 2.9, Diff: 1.5, Sum: 57.3]
      [Update RS (ms): Min: 1.8, Avg: 2.3, Max: 3.1, Diff: 1.3, Sum: 63.5]
         [Processed Buffers: Min: 1, Avg: 4.8, Max: 16, Diff: 15, Sum: 134]
      [Scan RS (ms): Min: 0.0, Avg: 0.0, Max: 0.2, Diff: 0.2, Sum: 0.8]
      [Code Root Scanning (ms): Min: 0.0, Avg: 0.0, Max: 0.5, Diff: 0.5, Sum: 0.7]
      [Object Copy (ms): Min: 0.3, Avg: 1.1, Max: 1.4, Diff: 1.0, Sum: 30.3]
      [Termination (ms): Min: 0.0, Avg: 0.1, Max: 0.1, Diff: 0.1, Sum: 1.5]
      [GC Worker Other (ms): Min: 0.0, Avg: 0.0, Max: 0.1, Diff: 0.1, Sum: 1.2]
      [GC Worker Total (ms): Min: 5.1, Avg: 5.5, Max: 6.2, Diff: 1.1, Sum: 155.3]
      [GC Worker End (ms): Min: 754064.7, Avg: 754064.7, Max: 754064.7, Diff: 0.1]
   [Code Root Fixup: 0.4 ms]
   [Code Root Purge: 0.0 ms]
   [Clear CT: 2.2 ms]
   [Other: 7.5 ms]
      [Choose CSet: 0.0 ms]
      [Ref Proc: 3.4 ms]
      [Ref Enq: 0.1 ms]
      [Redirty Cards: 2.2 ms]
      [Humongous Reclaim: 0.0 ms]
      [Free CSet: 0.3 ms]
   [Eden: 228.0M(612.0M)->0.0B(608.0M) Survivors: 0.0B->4096.0K Heap: 8299.8M(12.0G)->8079.2M(12.0G)]
Heap after GC invocations=35 (full 0):
 garbage-first heap   total 12582912K, used 8273061K [0x00000004c0000000, 0x00000004c0406000, 0x00000007c0000000)
  region size 4096K, 1 young (4096K), 1 survivors (4096K)
 Metaspace       used 37582K, capacity 38418K, committed 41036K, reserved 1085440K
  class space    used 4000K, capacity 4240K, committed 4684K, reserved 1048576K
}
 [Times: user=0.15 sys=0.00, real=0.01 secs] 
2015-03-07T19:23:28.435+0000: 754.075: [GC concurrent-root-region-scan-start]
2015-03-07T19:23:28.436+0000: 754.075: Total time for which application threads were stopped: 0.0186639 seconds, Stopping threads took: 0.0001253 seconds
2015-03-07T19:23:28.441+0000: 754.081: [GC concurrent-root-region-scan-end, 0.0053735 secs]
2015-03-07T19:23:28.441+0000: 754.081: [GC concurrent-mark-start]
2015-03-07T19:23:28.708+0000: 754.348: [GC concurrent-mark-end, 0.2674123 secs]
2015-03-07T19:23:28.710+0000: 754.349: [GC remark 754.349: [Finalize Marking, 0.0030271 secs] 754.353: [GC ref-proc, 0.0161036 secs] 754.369: [Unloading, 0.0123697 secs], 0.0539113 secs]
 [Times: user=0.51 sys=0.01, real=0.05 secs] 
2015-03-07T19:23:28.764+0000: 754.404: Total time for which application threads were stopped: 0.0553823 seconds, Stopping threads took: 0.0002576 seconds
2015-03-07T19:23:28.765+0000: 754.405: [GC cleanup 8181M->8060M(12G), 0.0062492 secs]
 [Times: user=0.08 sys=0.00, real=0.01 secs] 
2015-03-07T19:23:28.771+0000: 754.411: Total time for which application threads were stopped: 0.0073139 seconds, Stopping threads took: 0.0001238 seconds
2015-03-07T19:23:28.771+0000: 754.411: [GC concurrent-cleanup-start]
2015-03-07T19:23:28.772+0000: 754.411: [GC concurrent-cleanup-end, 0.0002030 secs]
2015-03-07T19:23:29.772+0000: 755.412: Total time for which application threads were stopped: 0.0007860 seconds, Stopping threads took: 0.0001746 seconds
2015-03-07T19:23:30.773+0000: 756.413: Total time for which application threads were stopped: 0.0007585 seconds, Stopping threads took: 0.0001810 seconds
2015-03-07T19:23:30.977+0000: 756.617: Total time for which application threads were stopped: 0.0007977 seconds, Stopping threads took: 0.0001513 seconds
2015-03-07T19:23:31.978+0000: 757.617: Total time for which application threads were stopped: 0.0006183 seconds, Stopping threads took: 0.0001520 seconds
2015-03-07T19:23:44.980+0000: 770.620: Total time for which application threads were stopped: 0.0009616 seconds, Stopping threads took: 0.0001548 seconds
2015-03-07T19:23:50.981+0000: 776.621: Total time for which application threads were stopped: 0.0008021 seconds, Stopping threads took: 0.0001825 seconds
2015-03-07T19:23:52.025+0000: 777.665: Total time for which application threads were stopped: 0.0007653 seconds, Stopping threads took: 0.0001553 seconds
2015-03-07T19:23:52.026+0000: 777.666: Total time for which application threads were stopped: 0.0004496 seconds, Stopping threads took: 0.0000889 seconds
2015-03-07T19:23:52.026+0000: 777.666: Total time for which application threads were stopped: 0.0004193 seconds, Stopping threads took: 0.0000595 seconds
2015-03-07T19:23:52.761+0000: 778.400: Total time for which application threads were stopped: 0.0008635 seconds, Stopping threads took: 0.0001582 seconds
2015-03-07T19:23:52.939+0000: 778.579: Total time for which application threads were stopped: 0.0007343 seconds, Stopping threads took: 0.0001348 seconds
2015-03-07T19:23:53.007+0000: 778.647: Total time for which application threads were stopped: 0.0005334 seconds, Stopping threads took: 0.0001118 seconds
2015-03-07T19:23:53.195+0000: 778.834: Total time for which application threads were stopped: 0.0005737 seconds, Stopping threads took: 0.0001328 seconds
2015-03-07T19:23:53.582+0000: 779.222: Total time for which application threads were stopped: 0.0007392 seconds, Stopping threads took: 0.0001585 seconds
2015-03-07T19:23:53.591+0000: 779.231: Total time for which application threads were stopped: 0.0005033 seconds, Stopping threads took: 0.0001169 seconds
2015-03-07T19:23:53.592+0000: 779.232: Total time for which application threads were stopped: 0.0003076 seconds, Stopping threads took: 0.0000565 seconds
2015-03-07T19:23:55.292+0000: 780.932: Total time for which application threads were stopped: 0.0007702 seconds, Stopping threads took: 0.0001722 seconds
2015-03-07T19:23:56.253+0000: 781.892: Total time for which application threads were stopped: 0.0006985 seconds, Stopping threads took: 0.0001364 seconds
2015-03-07T19:23:56.253+0000: 781.893: Total time for which application threads were stopped: 0.0003121 seconds, Stopping threads took: 0.0000508 seconds
2015-03-07T19:23:56.254+0000: 781.893: Total time for which application threads were stopped: 0.0003591 seconds, Stopping threads took: 0.0000790 seconds
2015-03-07T19:23:56.254+0000: 781.894: Total time for which application threads were stopped: 0.0002717 seconds, Stopping threads took: 0.0000244 seconds
2015-03-07T19:23:57.215+0000: 782.855: Total time for which application threads were stopped: 0.0006889 seconds, Stopping threads took: 0.0001535 seconds
2015-03-07T19:23:57.221+0000: 782.861: Total time for which application threads were stopped: 0.0003253 seconds, Stopping threads took: 0.0000687 seconds
2015-03-07T19:23:57.222+0000: 782.861: Total time for which application threads were stopped: 0.0002986 seconds, Stopping threads took: 0.0000574 seconds
2015-03-07T19:23:57.222+0000: 782.862: Total time for which application threads were stopped: 0.0003077 seconds, Stopping threads took: 0.0000610 seconds
2015-03-07T19:23:57.315+0000: 782.955: Total time for which application threads were stopped: 0.0004864 seconds, Stopping threads took: 0.0000735 seconds
2015-03-07T19:23:57.316+0000: 782.956: Total time for which application threads were stopped: 0.0005076 seconds, Stopping threads took: 0.0000766 seconds
2015-03-07T19:23:57.317+0000: 782.956: Total time for which application threads were stopped: 0.0004205 seconds, Stopping threads took: 0.0000759 seconds
2015-03-07T19:23:57.420+0000: 783.060: Total time for which application threads were stopped: 0.0004415 seconds, Stopping threads took: 0.0001016 seconds
2015-03-07T19:23:57.421+0000: 783.061: Total time for which application threads were stopped: 0.0003963 seconds, Stopping threads took: 0.0000552 seconds
2015-03-07T19:23:57.427+0000: 783.067: Total time for which application threads were stopped: 0.0003301 seconds, Stopping threads took: 0.0000755 seconds
2015-03-07T19:23:57.428+0000: 783.067: Total time for which application threads were stopped: 0.0002806 seconds, Stopping threads took: 0.0000482 seconds
2015-03-07T19:23:57.428+0000: 783.068: Total time for which application threads were stopped: 0.0002982 seconds, Stopping threads took: 0.0000484 seconds
2015-03-07T19:23:58.222+0000: 783.862: Total time for which application threads were stopped: 0.0007290 seconds, Stopping threads took: 0.0001596 seconds
2015-03-07T19:23:58.229+0000: 783.869: Total time for which application threads were stopped: 0.0003328 seconds, Stopping threads took: 0.0000655 seconds
2015-03-07T19:23:58.230+0000: 783.869: Total time for which application threads were stopped: 0.0003169 seconds, Stopping threads took: 0.0000636 seconds
2015-03-07T19:23:58.230+0000: 783.870: Total time for which application threads were stopped: 0.0003048 seconds, Stopping threads took: 0.0000525 seconds
2015-03-07T19:23:58.279+0000: 783.919: Total time for which application threads were stopped: 0.0003703 seconds, Stopping threads took: 0.0001101 seconds
2015-03-07T19:23:58.288+0000: 783.928: Total time for which application threads were stopped: 0.0021707 seconds, Stopping threads took: 0.0000763 seconds
2015-03-07T19:23:58.289+0000: 783.929: Total time for which application threads were stopped: 0.0003095 seconds, Stopping threads took: 0.0000570 seconds
2015-03-07T19:23:58.290+0000: 783.930: Total time for which application threads were stopped: 0.0009272 seconds, Stopping threads took: 0.0000411 seconds
2015-03-07T19:23:58.290+0000: 783.930: Total time for which application threads were stopped: 0.0003095 seconds, Stopping threads took: 0.0000485 seconds
2015-03-07T19:23:58.434+0000: 784.074: Total time for which application threads were stopped: 0.0004618 seconds, Stopping threads took: 0.0001069 seconds
2015-03-07T19:23:58.441+0000: 784.080: Total time for which application threads were stopped: 0.0003175 seconds, Stopping threads took: 0.0000669 seconds
2015-03-07T19:23:58.442+0000: 784.082: Total time for which application threads were stopped: 0.0010907 seconds, Stopping threads took: 0.0000433 seconds
2015-03-07T19:23:58.442+0000: 784.082: Total time for which application threads were stopped: 0.0003766 seconds, Stopping threads took: 0.0000389 seconds
2015-03-07T19:23:58.442+0000: 784.082: Total time for which application threads were stopped: 0.0002849 seconds, Stopping threads took: 0.0000534 seconds
2015-03-07T19:23:58.586+0000: 784.226: Total time for which application threads were stopped: 0.0004989 seconds, Stopping threads took: 0.0001526 seconds
2015-03-07T19:23:58.676+0000: 784.316: Total time for which application threads were stopped: 0.0003031 seconds, Stopping threads took: 0.0000733 seconds
2015-03-07T19:23:58.678+0000: 784.318: Total time for which application threads were stopped: 0.0003640 seconds, Stopping threads took: 0.0000720 seconds
2015-03-07T19:23:58.682+0000: 784.322: Total time for which application threads were stopped: 0.0003821 seconds, Stopping threads took: 0.0001027 seconds
2015-03-07T19:23:58.683+0000: 784.323: Total time for which application threads were stopped: 0.0003406 seconds, Stopping threads took: 0.0000722 seconds
2015-03-07T19:23:58.684+0000: 784.323: Total time for which application threads were stopped: 0.0003011 seconds, Stopping threads took: 0.0000538 seconds
2015-03-07T19:23:58.684+0000: 784.324: Total time for which application threads were stopped: 0.0003091 seconds, Stopping threads took: 0.0000595 seconds
2015-03-07T19:23:58.684+0000: 784.324: Total time for which application threads were stopped: 0.0003879 seconds, Stopping threads took: 0.0000652 seconds
2015-03-07T19:23:59.005+0000: 784.645: Total time for which application threads were stopped: 0.0008024 seconds, Stopping threads took: 0.0001634 seconds
2015-03-07T19:24:00.060+0000: 785.699: Total time for which application threads were stopped: 0.0007180 seconds, Stopping threads took: 0.0001038 seconds
2015-03-07T19:24:00.151+0000: 785.791: Total time for which application threads were stopped: 0.0004609 seconds, Stopping threads took: 0.0001056 seconds
2015-03-07T19:24:00.166+0000: 785.806: Total time for which application threads were stopped: 0.0003995 seconds, Stopping threads took: 0.0000675 seconds
2015-03-07T19:24:00.218+0000: 785.858: Total time for which application threads were stopped: 0.0004589 seconds, Stopping threads took: 0.0000947 seconds
2015-03-07T19:24:00.224+0000: 785.864: Total time for which application threads were stopped: 0.0004215 seconds, Stopping threads took: 0.0000707 seconds
2015-03-07T19:24:00.224+0000: 785.864: Total time for which application threads were stopped: 0.0003069 seconds, Stopping threads took: 0.0000561 seconds
2015-03-07T19:24:00.224+0000: 785.864: Total time for which application threads were stopped: 0.0002944 seconds, Stopping threads took: 0.0000309 seconds
2015-03-07T19:24:00.225+0000: 785.865: Total time for which application threads were stopped: 0.0004110 seconds, Stopping threads took: 0.0000636 seconds
2015-03-07T19:24:00.297+0000: 785.937: Total time for which application threads were stopped: 0.0004766 seconds, Stopping threads took: 0.0001103 seconds
2015-03-07T19:24:00.303+0000: 785.943: Total time for which application threads were stopped: 0.0004061 seconds, Stopping threads took: 0.0000809 seconds
2015-03-07T19:24:00.303+0000: 785.943: Total time for which application threads were stopped: 0.0003026 seconds, Stopping threads took: 0.0000417 seconds
2015-03-07T19:24:00.304+0000: 785.944: Total time for which application threads were stopped: 0.0002859 seconds, Stopping threads took: 0.0000294 seconds
2015-03-07T19:24:00.304+0000: 785.944: Total time for which application threads were stopped: 0.0002735 seconds, Stopping threads took: 0.0000435 seconds
{Heap before GC invocations=36 (full 0):
 garbage-first heap   total 12582912K, used 12160358K [0x00000004c0000000, 0x00000004c0406000, 0x00000007c0000000)
  region size 4096K, 105 young (430080K), 1 survivors (4096K)
 Metaspace       used 37621K, capacity 38482K, committed 41292K, reserved 1085440K
  class space    used 4001K, capacity 4240K, committed 4684K, reserved 1048576K
2015-03-07T19:24:00.951+0000: 786.591: [GC pause (G1 Humongous Allocation) (young)
Desired survivor size 41943040 bytes, new threshold 15 (max 15)
- age   1:    2766432 bytes,    2766432 total
 (to-space exhausted), 0.0849511 secs]
   [Parallel Time: 60.6 ms, GC Workers: 28]
      [GC Worker Start (ms): Min: 786592.0, Avg: 786592.4, Max: 786592.7, Diff: 0.7]
      [Ext Root Scanning (ms): Min: 0.1, Avg: 0.4, Max: 1.1, Diff: 1.0, Sum: 12.3]
      [Update RS (ms): Min: 6.7, Avg: 7.1, Max: 7.4, Diff: 0.7, Sum: 198.2]
         [Processed Buffers: Min: 12, Avg: 15.6, Max: 31, Diff: 19, Sum: 436]
      [Scan RS (ms): Min: 0.0, Avg: 0.1, Max: 0.3, Diff: 0.3, Sum: 3.4]
      [Code Root Scanning (ms): Min: 0.0, Avg: 0.0, Max: 0.4, Diff: 0.4, Sum: 0.4]
      [Object Copy (ms): Min: 51.6, Avg: 52.0, Max: 52.4, Diff: 0.8, Sum: 1455.7]
      [Termination (ms): Min: 0.0, Avg: 0.3, Max: 0.4, Diff: 0.4, Sum: 8.6]
      [GC Worker Other (ms): Min: 0.0, Avg: 0.0, Max: 0.0, Diff: 0.0, Sum: 0.5]
      [GC Worker Total (ms): Min: 59.7, Avg: 60.0, Max: 60.4, Diff: 0.7, Sum: 1679.0]
      [GC Worker End (ms): Min: 786652.3, Avg: 786652.3, Max: 786652.4, Diff: 0.0]
   [Code Root Fixup: 0.2 ms]
   [Code Root Purge: 0.0 ms]
   [Clear CT: 0.4 ms]
   [Other: 23.8 ms]
      [Evacuation Failure: 17.5 ms]
      [Choose CSet: 0.0 ms]
      [Ref Proc: 2.0 ms]
      [Ref Enq: 0.1 ms]
      [Redirty Cards: 0.3 ms]
      [Humongous Reclaim: 2.6 ms]
      [Free CSet: 0.2 ms]
   [Eden: 416.0M(608.0M)->0.0B(608.0M) Survivors: 4096.0K->4096.0K Heap: 11.6G(12.0G)->8648.6M(12.0G)]
Heap after GC invocations=37 (full 0):
 garbage-first heap   total 12582912K, used 8856210K [0x00000004c0000000, 0x00000004c0406000, 0x00000007c0000000)
  region size 4096K, 1 young (4096K), 1 survivors (4096K)
 Metaspace       used 37621K, capacity 38482K, committed 41292K, reserved 1085440K
  class space    used 4001K, capacity 4240K, committed 4684K, reserved 1048576K
}
 [Times: user=0.57 sys=0.01, real=0.09 secs] 
